============================================================
  Generated by:           Genus(TM) Synthesis Solution 19.12-s121_1
  Generated on:           Dec 07 2024  01:28:24 am
  Module:                 soc
  Operating conditions:   tt0p8v25c 
  Operating conditions:   tt0p8v85c 
  Interconnect mode:      global
  Area mode:              physical library
============================================================


Path 1: VIOLATED (-15 ps) Late External Delay Assertion at pin clk_led
           View: func_tt_0p80v_25c
          Group: C2O_func_tt_0p80v_25c
     Startpoint: (R) clk_led_reg/CP
          Clock: (R) clk
       Endpoint: (R) clk_led
          Clock: (R) vclk

                     Capture       Launch     
        Clock Edge:+    2000            0     
       Src Latency:+       0            0     
       Net Latency:+       0 (I)        0 (I) 
           Arrival:=    2000            0     
                                              
      Output Delay:-    1200                  
       Uncertainty:-     210                  
       Path Adjust:+    -100                  
     Required Time:=     490                  
      Launch Clock:-       0                  
         Data Path:-     505                  
             Slack:=     -15                  

Exceptions/Constraints:
  path_adjust              -100            path_adj_C2O_func_tt_0p80v_25c 
  output_delay             1200            constraints_soc.sdc_line_37    

#-------------------------------------------------------------------------------------------------------
# Timing Point   Flags   Arc   Edge          Cell            Fanout  Load  Trans Delay Arrival Instance 
#                                                                    (fF)   (ps)  (ps)   (ps)  Location 
#-------------------------------------------------------------------------------------------------------
  clk_led_reg/CP -       -     R     (arrival)                 2344      -     0     -       0    (-,-) 
  clk_led_reg/Q  -       CP->Q R     SDFCNQOPTBD4BWP7T30P140      1    2.4    11    40      40    (-,-) 
  fopt1946/Z     -       I->Z  R     DCCKBD16BWP7T30P140          2 1501.5   710   405     444    (-,-) 
  clk_led        -       -     R     (port)                       -      -     -    61     505    (-,-) 
#-------------------------------------------------------------------------------------------------------



Path 2: MET (0 ps) Setup Check with Pin i_cpu/ex_stage_i/i_mult/i_multiplier/mult_result_q_reg[127]/CP->D
           View: func_tt_0p80v_25c
          Group: C2C_func_tt_0p80v_25c
     Startpoint: (R) i_cpu/issue_stage_i/i_issue_read_operands/mult_valid_q_reg/CP
          Clock: (R) clk
       Endpoint: (F) i_cpu/ex_stage_i/i_mult/i_multiplier/mult_result_q_reg[127]/D
          Clock: (R) clk

                     Capture       Launch     
        Clock Edge:+    2000            0     
       Src Latency:+       0            0     
       Net Latency:+       0 (I)        0 (I) 
           Arrival:=    2000            0     
                                              
             Setup:-      15                  
       Uncertainty:-     260                  
       Path Adjust:+    -100                  
     Required Time:=    1625                  
      Launch Clock:-       0                  
         Data Path:-    1625                  
             Slack:=       0                  

Exceptions/Constraints:
  path_adjust             -100            path_adj_C2C_func_tt_0p80v_25c 

#-----------------------------------------------------------------------------------------------------------------------------------------------------
#                         Timing Point                          Flags    Arc   Edge          Cell            Fanout Load Trans Delay Arrival Instance 
#                                                                                                                   (fF)  (ps)  (ps)   (ps)  Location 
#-----------------------------------------------------------------------------------------------------------------------------------------------------
  i_cpu/issue_stage_i/i_issue_read_operands/mult_valid_q_reg/CP -       -      R     (arrival)                 2344    -     0     -       0    (-,-) 
  i_cpu/issue_stage_i/i_issue_read_operands/mult_valid_q_reg/Q  -       CP->Q  R     DFCNQD4BWP7T30P140          11 13.6    30    66      66    (-,-) 
  i_cpu/ex_stage_i/g1134/ZN                                     -       I->ZN  F     CKND8BWP7T30P140             2  6.5    13    13      79    (-,-) 
  i_cpu/ex_stage_i/g1105/ZN                                     -       A1->ZN R     NR2OPTPAD6BWP7T30P140       13 13.7    34    26     105    (-,-) 
  i_cpu/ex_stage_i/i_mult/i_multiplier/mul_109_5_g104563/ZN     -       I->ZN  F     INVD6BWP7T30P140            11 10.6    19    19     124    (-,-) 
  i_cpu/ex_stage_i/i_mult/i_multiplier/mul_109_5_g104562/ZN     -       I->ZN  R     INVD4BWP7T30P140             5  5.1    14    15     140    (-,-) 
  i_cpu/ex_stage_i/i_mult/i_multiplier/mul_109_5_g103601/ZN     -       A2->ZN F     NR2OPTPAD2BWP7T30P140        1  2.6    15    12     151    (-,-) 
  i_cpu/ex_stage_i/i_mult/i_multiplier/mul_109_5_g103579/ZN     -       A1->ZN R     NR2OPTPAD6BWP7T30P140        8  9.2    26    22     173    (-,-) 
  i_cpu/ex_stage_i/i_mult/i_multiplier/mul_109_5_g102240/ZN     -       I->ZN  F     INVD3BWP7T30P140            12 11.7    29    26     199    (-,-) 
  i_cpu/ex_stage_i/i_mult/i_multiplier/mul_109_5_g107028/ZN     -       B1->ZN R     INR2D4BWP7T30P140            6  5.5    29    28     226    (-,-) 
  i_cpu/ex_stage_i/i_mult/i_multiplier/mul_109_5_g98696/Z       -       I->Z   R     CKBD4BWP7T30P140            16 13.1    27    32     258    (-,-) 
  i_cpu/ex_stage_i/i_mult/i_multiplier/mul_109_5_g98694/Z       -       I->Z   R     CKBD0BWP7T30P140            10  8.1    71    55     313    (-,-) 
  i_cpu/ex_stage_i/i_mult/i_multiplier/mul_109_5_g97690/ZN      -       B1->ZN R     MOAI22D0BWP7T30P140          1  2.6    70    50     363    (-,-) 
  i_cpu/ex_stage_i/i_mult/i_multiplier/mul_109_5_g95605/S       -       A->S   F     FA1OPTCD1BWP7T30P140         1  2.1    24    88     452    (-,-) 
  i_cpu/ex_stage_i/i_mult/i_multiplier/mul_109_5_g94992/CO      -       CI->CO F     FA1OPTCD1BWP7T30P140         1  2.6    25    38     489    (-,-) 
  i_cpu/ex_stage_i/i_mult/i_multiplier/mul_109_5_g94669/CO      -       A->CO  F     FA1OPTCD1BWP7T30P140         1  2.6    25    58     547    (-,-) 
  i_cpu/ex_stage_i/i_mult/i_multiplier/mul_109_5_g94455/CO      -       A->CO  F     FA1OPTCD1BWP7T30P140         1  2.1    22    56     603    (-,-) 
  i_cpu/ex_stage_i/i_mult/i_multiplier/mul_109_5_g94295/S       -       CI->S  F     FA1OPTCD1BWP7T30P140         1  2.5    25    62     664    (-,-) 
  i_cpu/ex_stage_i/i_mult/i_multiplier/mul_109_5_g94023/S       -       B->S   R     FA1OPTCD1BWP7T30P140         1  2.5    27    82     746    (-,-) 
  i_cpu/ex_stage_i/i_mult/i_multiplier/mul_109_5_g93746/S       -       B->S   F     FA1OPTCD1BWP7T30P140         1  2.1    23    75     821    (-,-) 
  i_cpu/ex_stage_i/i_mult/i_multiplier/mul_109_5_g93597/S       -       CI->S  F     FA1OPTCD1BWP7T30P140         2  1.9    22    59     881    (-,-) 
  i_cpu/ex_stage_i/i_mult/i_multiplier/mul_109_5_g93593/ZN      -       A1->ZN R     NR2OPTPAD1BWP7T30P140        4  3.4    44    35     916    (-,-) 
  i_cpu/ex_stage_i/i_mult/i_multiplier/mul_109_5_g93552/Z       -       A2->Z  R     OA21D1BWP7T30P140            2  2.0    20    38     954    (-,-) 
  i_cpu/ex_stage_i/i_mult/i_multiplier/mul_109_5_g93540/Z       -       A1->Z  R     OA21D1BWP7T30P140            1  1.2    15    26     980    (-,-) 
  i_cpu/ex_stage_i/i_mult/i_multiplier/mul_109_5_g93531/Z       -       A1->Z  R     OA21D1BWP7T30P140            2  1.9    19    28    1008    (-,-) 
  i_cpu/ex_stage_i/i_mult/i_multiplier/mul_109_5_g93526/ZN      -       A2->ZN F     OAI221D1BWP7T30P140          2  1.9    50    36    1044    (-,-) 
  i_cpu/ex_stage_i/i_mult/i_multiplier/mul_109_5_g93520/ZN      -       A1->ZN R     AOI21D1BWP7T30P140           1  1.2    34    35    1079    (-,-) 
  i_cpu/ex_stage_i/i_mult/i_multiplier/mul_109_5_g93516/Z       -       A1->Z  R     OA221D1BWP7T30P140           1  2.5    27    50    1130    (-,-) 
  i_cpu/ex_stage_i/i_mult/i_multiplier/mul_109_5_g93424/ZN      -       B->ZN  F     OAI21OPTBD4BWP7T30P140       3  3.5    21    21    1150    (-,-) 
  i_cpu/ex_stage_i/i_mult/i_multiplier/mul_109_5_g93421/ZN      -       A1->ZN R     CKND2D4BWP7T30P140           2  2.7    18    16    1167    (-,-) 
  i_cpu/ex_stage_i/i_mult/i_multiplier/mul_109_5_g93403/ZN      -       A1->ZN F     OAI21OPTBD4BWP7T30P140       4  4.3    22    18    1184    (-,-) 
  i_cpu/ex_stage_i/i_mult/i_multiplier/mul_109_5_g93392/ZN      -       A1->ZN R     CKND2D4BWP7T30P140           1  2.0    16    15    1200    (-,-) 
  i_cpu/ex_stage_i/i_mult/i_multiplier/mul_109_5_g93389/ZN      -       A1->ZN F     ND2OPTPAD4BWP7T30P140        2  3.7    15    14    1214    (-,-) 
  i_cpu/ex_stage_i/i_mult/i_multiplier/mul_109_5_g93375/ZN      -       A1->ZN R     CKND2D8BWP7T30P140           3  4.1    15    13    1227    (-,-) 
  i_cpu/ex_stage_i/i_mult/i_multiplier/mul_109_5_g93363/ZN      -       A1->ZN F     OAI21OPTBD6BWP7T30P140       5  5.3    20    16    1243    (-,-) 
  i_cpu/ex_stage_i/i_mult/i_multiplier/mul_109_5_g93353/ZN      -       A1->ZN R     AOI21OPTBD4BWP7T30P140       1  2.0    19    18    1260    (-,-) 
  i_cpu/ex_stage_i/i_mult/i_multiplier/mul_109_5_g93343/ZN      -       A1->ZN F     OAI21OPTBD4BWP7T30P140       1  2.1    16    14    1275    (-,-) 
  i_cpu/ex_stage_i/i_mult/i_multiplier/mul_109_5_g93332/ZN      -       A1->ZN R     AOI21D4BWP7T30P140           1  2.0    21    18    1292    (-,-) 
  i_cpu/ex_stage_i/i_mult/i_multiplier/mul_109_5_g93323/ZN      -       A1->ZN F     OAI21OPTBD4BWP7T30P140       1  1.8    24    14    1307    (-,-) 
  i_cpu/ex_stage_i/i_mult/i_multiplier/mul_109_5_g93318/ZN      -       A1->ZN R     CKND2D4BWP7T30P140           1  1.8    13    15    1322    (-,-) 
  i_cpu/ex_stage_i/i_mult/i_multiplier/mul_109_5_g93316/ZN      -       A1->ZN F     CKND2D4BWP7T30P140           2  2.8    15    12    1334    (-,-) 
  i_cpu/ex_stage_i/i_mult/i_multiplier/mul_109_5_g93313/ZN      -       A1->ZN R     CKND2D4BWP7T30P140           3  3.6    18    16    1350    (-,-) 
  i_cpu/ex_stage_i/i_mult/i_multiplier/mul_109_5_g93310/ZN      -       A1->ZN F     OAI21OPTBD4BWP7T30P140       3  3.5    19    16    1367    (-,-) 
  i_cpu/ex_stage_i/i_mult/i_multiplier/mul_109_5_g93307/ZN      -       A1->ZN R     CKND2D4BWP7T30P140           2  2.8    16    16    1382    (-,-) 
  i_cpu/ex_stage_i/i_mult/i_multiplier/mul_109_5_g93301/ZN      -       A1->ZN F     OAI21OPTBD4BWP7T30P140       1  2.1    26    14    1396    (-,-) 
  i_cpu/ex_stage_i/i_mult/i_multiplier/mul_109_5_g93296/ZN      -       A1->ZN R     AOI21OPTBD4BWP7T30P140       1  2.6    21    21    1417    (-,-) 
  i_cpu/ex_stage_i/i_mult/i_multiplier/mul_109_5_g93294/ZN      -       A1->ZN F     OAI21OPTBD6BWP7T30P140       4  4.2    26    16    1433    (-,-) 
  i_cpu/ex_stage_i/i_mult/i_multiplier/mul_109_5_g93293/ZN      -       A1->ZN R     CKND2D4BWP7T30P140           1  2.0    13    17    1450    (-,-) 
  i_cpu/ex_stage_i/i_mult/i_multiplier/mul_109_5_g93291/ZN      -       A1->ZN F     ND2D4BWP7T30P140             1  2.1    16    12    1462    (-,-) 
  i_cpu/ex_stage_i/i_mult/i_multiplier/mul_109_5_g93288/CO      -       CI->CO F     FA1D4BWP7T30P140             2  3.2    15    35    1497    (-,-) 
  i_cpu/ex_stage_i/i_mult/i_multiplier/mul_109_5_g93286/ZN      -       A1->ZN R     AOI21OPTBD4BWP7T30P140       2  2.8    21    17    1514    (-,-) 
  i_cpu/ex_stage_i/i_mult/i_multiplier/mul_109_5_g93283/ZN      -       A1->ZN F     OAI21OPTBD4BWP7T30P140       1  2.1    22    15    1530    (-,-) 
  i_cpu/ex_stage_i/i_mult/i_multiplier/mul_109_5_g93282/CO      -       CI->CO F     FA1D4BWP7T30P140             1  2.1    13    36    1565    (-,-) 
  i_cpu/ex_stage_i/i_mult/i_multiplier/mul_109_5_g93281/CO      -       CI->CO F     FA1OPTCD1BWP7T30P140         2  2.4    24    33    1598    (-,-) 
  i_cpu/ex_stage_i/i_mult/i_multiplier/mul_109_5_g93280/ZN      -       B1->ZN F     MOAI22OPTBD2BWP7T30P140      1  1.2    16    27    1625    (-,-) 
  i_cpu/ex_stage_i/i_mult/i_multiplier/mult_result_q_reg[127]/D -       -      F     DFCNQD1BWP7T30P140           1    -     -     0    1625    (-,-) 
#-----------------------------------------------------------------------------------------------------------------------------------------------------



Path 3: MET (0 ps) Setup Check with Pin i_sram/CLK->A[1]
           View: func_tt_0p80v_25c
          Group: C2C_func_tt_0p80v_25c
     Startpoint: (R) i_axi2mem/ax_req_q_reg[len][0]/CP
          Clock: (R) clk
       Endpoint: (R) i_sram/A[1]
          Clock: (R) clk

                     Capture       Launch     
        Clock Edge:+    2000            0     
       Src Latency:+       0            0     
       Net Latency:+       0 (I)        0 (I) 
           Arrival:=    2000            0     
                                              
             Setup:-     175                  
       Uncertainty:-     260                  
       Path Adjust:+    -100                  
     Required Time:=    1465                  
      Launch Clock:-       0                  
         Data Path:-    1465                  
             Slack:=       0                  

Exceptions/Constraints:
  path_adjust             -100            path_adj_C2C_func_tt_0p80v_25c 

#--------------------------------------------------------------------------------------------------------------------------
#           Timing Point             Flags    Arc   Edge          Cell            Fanout Load Trans Delay Arrival Instance 
#                                                                                        (fF)  (ps)  (ps)   (ps)  Location 
#--------------------------------------------------------------------------------------------------------------------------
  i_axi2mem/ax_req_q_reg[len][0]/CP  -       -      R     (arrival)                   79    -     0     -       0    (-,-) 
  i_axi2mem/ax_req_q_reg[len][0]/Q   -       CP->Q  R     SDFCNQOPTBD4BWP7T30P140      7  7.5    19    46      46    (-,-) 
  i_axi2mem/g4__5107/ZN              -       A1->ZN R     INR3D1BWP7T30P140            1  1.6    28    35      81    (-,-) 
  i_axi2mem/g2447__7482/ZN           -       A2->ZN F     CKND2D3BWP7T30P140           4  3.4    20    20     101    (-,-) 
  i_axi2mem/g2441__7098/Z            -       A1->Z  F     OR2D1BWP7T30P140             1  1.2    12    26     127    (-,-) 
  i_axi2mem/g10019__5107/ZN          -       B1->ZN R     INR2D1BWP7T30P140            3  3.5    54    38     165    (-,-) 
  i_axi2mem/add_86_45_g2649__9945/CO -       B->CO  R     HA1D1BWP7T30P140             1  2.1    20    38     202    (-,-) 
  i_axi2mem/add_86_45_g2648__9315/CO -       CI->CO R     FA1OPTCD1BWP7T30P140         1  2.1    24    34     236    (-,-) 
  i_axi2mem/add_86_45_g2647__6161/CO -       CI->CO R     FA1D4BWP7T30P140             1  2.1    12    34     270    (-,-) 
  i_axi2mem/add_86_45_g2646__4733/CO -       CI->CO R     FA1D4BWP7T30P140             1  2.1    12    30     300    (-,-) 
  i_axi2mem/add_86_45_g2645__7482/CO -       CI->CO R     FA1OPTCD1BWP7T30P140         1  2.1    24    31     331    (-,-) 
  i_axi2mem/add_86_45_g2644__5115/CO -       CI->CO R     FA1D4BWP7T30P140             1  2.1    12    34     365    (-,-) 
  i_axi2mem/add_86_45_g2643__1881/CO -       CI->CO R     FA1D4BWP7T30P140             1  2.1    12    30     395    (-,-) 
  i_axi2mem/add_86_45_g2642__6131/CO -       CI->CO R     FA1D4BWP7T30P140             2  2.8    14    31     426    (-,-) 
  i_axi2mem/add_86_45_g2641__7098/Z  -       A1->Z  R     CKAN2D1BWP7T30P140           2  2.8    24    28     454    (-,-) 
  i_axi2mem/add_86_45_g2640__8246/Z  -       A1->Z  R     AN4D1BWP7T30P140             2  2.8    28    43     498    (-,-) 
  i_axi2mem/add_86_45_g2639__5122/Z  -       A1->Z  R     AN4D1BWP7T30P140             2  2.8    28    44     542    (-,-) 
  i_axi2mem/add_86_45_g2637__2802/Z  -       A1->Z  R     AN4D1BWP7T30P140             1  2.1    23    41     583    (-,-) 
  i_axi2mem/add_86_45_g2631__4319/CO -       B->CO  R     HA1D1BWP7T30P140             1  2.1    20    31     614    (-,-) 
  i_axi2mem/add_86_45_g2626__6417/CO -       B->CO  R     HA1D1BWP7T30P140             2  2.8    25    33     647    (-,-) 
  i_axi2mem/add_86_45_g2624__1666/Z  -       A1->Z  R     AN3D1BWP7T30P140             3  3.5    31    41     688    (-,-) 
  i_axi2mem/add_86_45_g2621__9945/Z  -       A1->Z  R     AN3D1BWP7T30P140             3  3.5    31    42     730    (-,-) 
  i_axi2mem/add_86_45_g2617__7482/Z  -       A1->Z  R     AN3D1BWP7T30P140             2  2.8    26    39     768    (-,-) 
  i_axi2mem/add_86_45_g2613__7098/Z  -       A1->Z  R     AN4D1BWP7T30P140             2  2.8    28    44     812    (-,-) 
  i_axi2mem/add_86_45_g2610__1705/Z  -       A1->Z  R     AN4D1BWP7T30P140             2  2.8    28    44     856    (-,-) 
  i_axi2mem/add_86_45_g2607__3680/Z  -       A1->Z  R     AN4D1BWP7T30P140             1  2.1    23    41     898    (-,-) 
  i_axi2mem/add_86_45_g2598__6417/CO -       B->CO  R     HA1D1BWP7T30P140             1  2.1    20    31     929    (-,-) 
  i_axi2mem/add_86_45_g2589__7482/CO -       B->CO  R     HA1D1BWP7T30P140             1  2.1    20    30     959    (-,-) 
  i_axi2mem/add_86_45_g2580__1617/CO -       B->CO  R     HA1D1BWP7T30P140             1  1.5    16    28     986    (-,-) 
  i_axi2mem/add_86_45_g2578__6783/Z  -       A1->Z  F     XOR2D2BWP7T30P140            2  2.2    17    49    1035    (-,-) 
  i_axi2mem/gt_199_52_g2775/ZN       -       I->ZN  R     CKND2BWP7T30P140             2  1.9    11    13    1048    (-,-) 
  i_axi2mem/gt_199_52_g2721__3680/ZN -       A2->ZN F     ND2D1BWP7T30P140             2  2.0    29    22    1069    (-,-) 
  i_axi2mem/gt_199_52_g2678__6783/Z  -       B->Z   F     OA21D1BWP7T30P140            2  2.0    17    32    1101    (-,-) 
  i_axi2mem/gt_199_52_g2625__5526/Z  -       B->Z   F     OA211D1BWP7T30P140           2  1.9    17    29    1130    (-,-) 
  i_axi2mem/gt_199_52_g2606__6260/ZN -       A1->ZN R     AOI222D1BWP7T30P140          1  1.2    58    41    1172    (-,-) 
  i_axi2mem/gt_199_52_g2597__4319/Z  -       C->Z   R     OA211D1BWP7T30P140           2  2.0    22    56    1227    (-,-) 
  i_axi2mem/g9817__1617/ZN           -       B2->ZN F     IND3D1BWP7T30P140            2  2.3    47    34    1261    (-,-) 
  i_axi2mem/g9804__2346/ZN           -       A1->ZN R     NR2D1BWP7T30P140             9  7.6   115    84    1345    (-,-) 
  i_axi2mem/g9793/Z                  -       I->Z   R     BUFFD2BWP7T30P140            7  5.9    26    47    1392    (-,-) 
  i_axi2mem/g9678__2883/Z            -       B1->Z  R     AO221D1BWP7T30P140           2  2.0    24    43    1435    (-,-) 
  i_axi2mem/g9518__6260/Z            -       A2->Z  R     OR3D1BWP7T30P140             1  2.1    19    30    1465    (-,-) 
  i_sram/A[1]                        (P)     -      R     sram1024x64                  1    -     -     0    1465    (-,-) 
#--------------------------------------------------------------------------------------------------------------------------

(P) : Instance is preserved



Path 4: MET (0 ps) Setup Check with Pin i_cpu/ex_stage_i/i_mult/i_multiplier/clmul_q_reg[62]/CP->D
           View: func_tt_0p80v_25c
          Group: C2C_func_tt_0p80v_25c
     Startpoint: (R) i_cpu/issue_stage_i/i_issue_read_operands/mult_valid_q_reg/CP
          Clock: (R) clk
       Endpoint: (F) i_cpu/ex_stage_i/i_mult/i_multiplier/clmul_q_reg[62]/D
          Clock: (R) clk

                     Capture       Launch     
        Clock Edge:+    2000            0     
       Src Latency:+       0            0     
       Net Latency:+       0 (I)        0 (I) 
           Arrival:=    2000            0     
                                              
             Setup:-      14                  
       Uncertainty:-     260                  
       Path Adjust:+    -100                  
     Required Time:=    1626                  
      Launch Clock:-       0                  
         Data Path:-    1626                  
             Slack:=       0                  

Exceptions/Constraints:
  path_adjust             -100            path_adj_C2C_func_tt_0p80v_25c 

#------------------------------------------------------------------------------------------------------------------------------------------------
#                         Timing Point                          Flags    Arc   Edge        Cell         Fanout Load Trans Delay Arrival Instance 
#                                                                                                              (fF)  (ps)  (ps)   (ps)  Location 
#------------------------------------------------------------------------------------------------------------------------------------------------
  i_cpu/issue_stage_i/i_issue_read_operands/mult_valid_q_reg/CP -       -      R     (arrival)            2344    -     0     -       0    (-,-) 
  i_cpu/issue_stage_i/i_issue_read_operands/mult_valid_q_reg/Q  -       CP->Q  R     DFCNQD4BWP7T30P140     11 13.6    30    66      66    (-,-) 
  i_cpu/ex_stage_i/g178/Z                                       -       I->Z   R     DCCKBD4BWP7T30P140     15 14.8    30    33      99    (-,-) 
  i_cpu/ex_stage_i/g221/Z                                       -       A2->Z  R     AN2D2BWP7T30P140        8  6.5    28    41     140    (-,-) 
  i_cpu/ex_stage_i/i_mult/i_multiplier/g572742/ZN               -       I->ZN  F     INVD1BWP7T30P140        1  1.1    14    15     155    (-,-) 
  i_cpu/ex_stage_i/i_mult/i_multiplier/g572600/Z                -       A1->Z  F     AN4D1BWP7T30P140        2  1.9    16    28     183    (-,-) 
  i_cpu/ex_stage_i/i_mult/i_multiplier/g572594/ZN               -       A2->ZN R     NR2D1BWP7T30P140        1  1.1    22    22     205    (-,-) 
  i_cpu/ex_stage_i/i_mult/i_multiplier/g572593/Z                -       A1->Z  R     OR2D1BWP7T30P140       15 16.8   125    85     290    (-,-) 
  i_cpu/ex_stage_i/i_mult/i_multiplier/g572591/ZN               -       I->ZN  F     CKND6BWP7T30P140       14 14.1    45    37     327    (-,-) 
  i_cpu/ex_stage_i/i_mult/i_multiplier/g572588/ZN               -       I->ZN  R     INVD3BWP7T30P140       10 10.3    34    36     362    (-,-) 
  i_cpu/ex_stage_i/i_mult/i_multiplier/g572522/Z                -       A1->Z  R     CKAN2D1BWP7T30P140      2  2.0    19    30     392    (-,-) 
  i_cpu/ex_stage_i/i_mult/i_multiplier/g571876/Z                -       B->Z   R     AO21D1BWP7T30P140       7  5.8    46    42     434    (-,-) 
  i_cpu/ex_stage_i/i_mult/i_multiplier/g569240/ZN               -       A1->ZN F     ND2D1BWP7T30P140        1  1.2    26    25     460    (-,-) 
  i_cpu/ex_stage_i/i_mult/i_multiplier/g569141/Z                -       A3->Z  F     XOR4D2BWP7T30P140       1  1.5    24    78     537    (-,-) 
  i_cpu/ex_stage_i/i_mult/i_multiplier/g572829/Z                -       A4->Z  F     XOR4D2BWP7T30P140       1  1.5    24    73     610    (-,-) 
  i_cpu/ex_stage_i/i_mult/i_multiplier/g569021/ZN               -       A1->ZN F     XNR4D2BWP7T30P140       1  1.2    22    76     687    (-,-) 
  i_cpu/ex_stage_i/i_mult/i_multiplier/g568956/Z                -       A3->Z  R     XOR3D1BWP7T30P140       1  1.2    15    42     728    (-,-) 
  i_cpu/ex_stage_i/i_mult/i_multiplier/g568893/Z                -       A3->Z  F     XOR3D1BWP7T30P140       1  1.1    15    44     772    (-,-) 
  i_cpu/ex_stage_i/i_mult/i_multiplier/g568833/ZN               -       A3->ZN R     XNR3D0BWP7T30P140       1  1.2    21    45     817    (-,-) 
  i_cpu/ex_stage_i/i_mult/i_multiplier/g568772/ZN               -       A3->ZN F     XNR3D0BWP7T30P140       1  1.1    17    45     862    (-,-) 
  i_cpu/ex_stage_i/i_mult/i_multiplier/g568716/ZN               -       A3->ZN R     XNR3D0BWP7T30P140       1  1.2    21    46     908    (-,-) 
  i_cpu/ex_stage_i/i_mult/i_multiplier/g568663/ZN               -       A3->ZN F     XNR3D0BWP7T30P140       1  1.1    17    45     953    (-,-) 
  i_cpu/ex_stage_i/i_mult/i_multiplier/g568610/ZN               -       A3->ZN R     XNR3D0BWP7T30P140       1  1.3    22    47     999    (-,-) 
  i_cpu/ex_stage_i/i_mult/i_multiplier/g568561/ZN               -       A3->ZN F     XNR3D1BWP7T30P140       1  1.2    16    46    1045    (-,-) 
  i_cpu/ex_stage_i/i_mult/i_multiplier/g568513/Z                -       A3->Z  R     XOR3D1BWP7T30P140       1  1.3    16    40    1085    (-,-) 
  i_cpu/ex_stage_i/i_mult/i_multiplier/g568468/ZN               -       A3->ZN F     XNR3D1BWP7T30P140       1  1.2    16    44    1130    (-,-) 
  i_cpu/ex_stage_i/i_mult/i_multiplier/g568424/ZN               -       A3->ZN R     XNR3D1BWP7T30P140       1  1.2    16    39    1168    (-,-) 
  i_cpu/ex_stage_i/i_mult/i_multiplier/g568383/ZN               -       A3->ZN F     XNR3D2BWP7T30P140       1  1.2    14    44    1213    (-,-) 
  i_cpu/ex_stage_i/i_mult/i_multiplier/g568343/ZN               -       A3->ZN R     XNR3D1BWP7T30P140       1  1.2    15    38    1251    (-,-) 
  i_cpu/ex_stage_i/i_mult/i_multiplier/g568304/Z                -       A3->Z  F     XOR3D1BWP7T30P140       1  1.2    16    44    1295    (-,-) 
  i_cpu/ex_stage_i/i_mult/i_multiplier/g568267/Z                -       A3->Z  R     XOR3D2BWP7T30P140       1  1.2    12    38    1334    (-,-) 
  i_cpu/ex_stage_i/i_mult/i_multiplier/g568229/Z                -       A3->Z  F     XOR3D1BWP7T30P140       1  1.2    16    44    1377    (-,-) 
  i_cpu/ex_stage_i/i_mult/i_multiplier/g568192/ZN               -       A3->ZN R     XNR3D1BWP7T30P140       1  1.3    16    39    1417    (-,-) 
  i_cpu/ex_stage_i/i_mult/i_multiplier/g568158/ZN               -       A3->ZN F     XNR3D1BWP7T30P140       1  1.2    16    44    1461    (-,-) 
  i_cpu/ex_stage_i/i_mult/i_multiplier/g568125/Z                -       A3->Z  R     XOR3D2BWP7T30P140       1  1.2    12    38    1500    (-,-) 
  i_cpu/ex_stage_i/i_mult/i_multiplier/g568095/ZN               -       A3->ZN F     XNR3D2BWP7T30P140       1  1.2    14    44    1543    (-,-) 
  i_cpu/ex_stage_i/i_mult/i_multiplier/g568066/ZN               -       A3->ZN R     XNR3D1BWP7T30P140       1  1.2    16    38    1581    (-,-) 
  i_cpu/ex_stage_i/i_mult/i_multiplier/g568040/Z                -       A3->Z  F     XOR3D2BWP7T30P140       1  1.2    14    44    1626    (-,-) 
  i_cpu/ex_stage_i/i_mult/i_multiplier/clmul_q_reg[62]/D        -       -      F     DFCNQD1BWP7T30P140      1    -     -     0    1626    (-,-) 
#------------------------------------------------------------------------------------------------------------------------------------------------



Path 5: MET (0 ps) Setup Check with Pin i_cpu/ex_stage_i/i_mult/i_multiplier/clmul_q_reg[52]/CP->D
           View: func_tt_0p80v_25c
          Group: C2C_func_tt_0p80v_25c
     Startpoint: (R) i_cpu/issue_stage_i/i_issue_read_operands/mult_valid_q_reg/CP
          Clock: (R) clk
       Endpoint: (R) i_cpu/ex_stage_i/i_mult/i_multiplier/clmul_q_reg[52]/D
          Clock: (R) clk

                     Capture       Launch     
        Clock Edge:+    2000            0     
       Src Latency:+       0            0     
       Net Latency:+       0 (I)        0 (I) 
           Arrival:=    2000            0     
                                              
             Setup:-      21                  
       Uncertainty:-     260                  
       Path Adjust:+    -100                  
     Required Time:=    1619                  
      Launch Clock:-       0                  
         Data Path:-    1618                  
             Slack:=       0                  

Exceptions/Constraints:
  path_adjust             -100            path_adj_C2C_func_tt_0p80v_25c 

#------------------------------------------------------------------------------------------------------------------------------------------------
#                         Timing Point                          Flags    Arc   Edge        Cell         Fanout Load Trans Delay Arrival Instance 
#                                                                                                              (fF)  (ps)  (ps)   (ps)  Location 
#------------------------------------------------------------------------------------------------------------------------------------------------
  i_cpu/issue_stage_i/i_issue_read_operands/mult_valid_q_reg/CP -       -      R     (arrival)            2344    -     0     -       0    (-,-) 
  i_cpu/issue_stage_i/i_issue_read_operands/mult_valid_q_reg/Q  -       CP->Q  R     DFCNQD4BWP7T30P140     11 13.6    30    66      66    (-,-) 
  i_cpu/ex_stage_i/g178/Z                                       -       I->Z   R     DCCKBD4BWP7T30P140     15 14.8    30    33      99    (-,-) 
  i_cpu/ex_stage_i/g221/Z                                       -       A2->Z  R     AN2D2BWP7T30P140        8  6.5    28    41     140    (-,-) 
  i_cpu/ex_stage_i/i_mult/i_multiplier/g572742/ZN               -       I->ZN  F     INVD1BWP7T30P140        1  1.1    14    15     155    (-,-) 
  i_cpu/ex_stage_i/i_mult/i_multiplier/g572600/Z                -       A1->Z  F     AN4D1BWP7T30P140        2  1.9    16    28     183    (-,-) 
  i_cpu/ex_stage_i/i_mult/i_multiplier/g572594/ZN               -       A2->ZN R     NR2D1BWP7T30P140        1  1.1    22    22     205    (-,-) 
  i_cpu/ex_stage_i/i_mult/i_multiplier/g572593/Z                -       A1->Z  R     OR2D1BWP7T30P140       15 16.8   125    85     290    (-,-) 
  i_cpu/ex_stage_i/i_mult/i_multiplier/g572591/ZN               -       I->ZN  F     CKND6BWP7T30P140       14 14.1    45    37     327    (-,-) 
  i_cpu/ex_stage_i/i_mult/i_multiplier/g572585/ZN               -       I->ZN  R     INVD4BWP7T30P140       13 14.4    34    36     363    (-,-) 
  i_cpu/ex_stage_i/i_mult/i_multiplier/g572496/Z                -       S->Z   F     MUX2D1BWP7T30P140       7  5.4    39    61     423    (-,-) 
  i_cpu/ex_stage_i/i_mult/i_multiplier/g572425/Z                -       I->Z   F     BUFFD3BWP7T30P140      12  8.8    22    39     463    (-,-) 
  i_cpu/ex_stage_i/i_mult/i_multiplier/g569425/ZN               -       A2->ZN R     ND2D1BWP7T30P140        1  1.5    28    19     482    (-,-) 
  i_cpu/ex_stage_i/i_mult/i_multiplier/g569148/ZN               -       A1->ZN R     XNR4D0BWP7T30P140       1  1.6    32    84     566    (-,-) 
  i_cpu/ex_stage_i/i_mult/i_multiplier/g572845/ZN               -       A4->ZN F     XNR4D2BWP7T30P140       1  1.2    22    90     656    (-,-) 
  i_cpu/ex_stage_i/i_mult/i_multiplier/g569014/Z                -       A3->Z  R     XOR3D1BWP7T30P140       1  1.2    15    41     697    (-,-) 
  i_cpu/ex_stage_i/i_mult/i_multiplier/g568946/ZN               -       A3->ZN F     XNR3D0BWP7T30P140       1  1.1    17    43     741    (-,-) 
  i_cpu/ex_stage_i/i_mult/i_multiplier/g568882/ZN               -       A3->ZN R     XNR3D0BWP7T30P140       1  1.2    21    46     786    (-,-) 
  i_cpu/ex_stage_i/i_mult/i_multiplier/g568821/Z                -       A3->Z  F     XOR3D1BWP7T30P140       1  1.2    16    46     833    (-,-) 
  i_cpu/ex_stage_i/i_mult/i_multiplier/g568761/Z                -       A3->Z  R     XOR3D1BWP7T30P140       1  1.2    15    39     872    (-,-) 
  i_cpu/ex_stage_i/i_mult/i_multiplier/g568706/Z                -       A3->Z  F     XOR3D1BWP7T30P140       1  1.2    16    44     916    (-,-) 
  i_cpu/ex_stage_i/i_mult/i_multiplier/g568652/Z                -       A3->Z  R     XOR3D1BWP7T30P140       1  1.2    15    39     955    (-,-) 
  i_cpu/ex_stage_i/i_mult/i_multiplier/g568601/ZN               -       A3->ZN F     XNR3D0BWP7T30P140       1  1.2    18    44     999    (-,-) 
  i_cpu/ex_stage_i/i_mult/i_multiplier/g568558/Z                -       A3->Z  R     XOR3D1BWP7T30P140       1  1.2    15    40    1039    (-,-) 
  i_cpu/ex_stage_i/i_mult/i_multiplier/g568511/Z                -       A3->Z  F     XOR3D1BWP7T30P140       1  1.2    16    44    1083    (-,-) 
  i_cpu/ex_stage_i/i_mult/i_multiplier/g568450/ZN               -       A3->ZN R     XNR3D1BWP7T30P140       1  1.3    16    39    1123    (-,-) 
  i_cpu/ex_stage_i/i_mult/i_multiplier/g568413/ZN               -       A3->ZN F     XNR3D1BWP7T30P140       1  1.2    16    44    1167    (-,-) 
  i_cpu/ex_stage_i/i_mult/i_multiplier/g568372/Z                -       A3->Z  R     XOR3D2BWP7T30P140       1  1.3    13    39    1206    (-,-) 
  i_cpu/ex_stage_i/i_mult/i_multiplier/g568333/ZN               -       A3->ZN F     XNR3D1BWP7T30P140       1  1.2    16    44    1249    (-,-) 
  i_cpu/ex_stage_i/i_mult/i_multiplier/g568293/ZN               -       A3->ZN R     XNR3D2BWP7T30P140       1  1.2    12    38    1288    (-,-) 
  i_cpu/ex_stage_i/i_mult/i_multiplier/g568257/ZN               -       A3->ZN F     XNR3D2BWP7T30P140       1  1.2    14    44    1331    (-,-) 
  i_cpu/ex_stage_i/i_mult/i_multiplier/g568220/Z                -       A3->Z  R     XOR3D1BWP7T30P140       1  1.2    15    39    1370    (-,-) 
  i_cpu/ex_stage_i/i_mult/i_multiplier/g568184/Z                -       A3->Z  F     XOR3D1BWP7T30P140       1  1.2    16    44    1414    (-,-) 
  i_cpu/ex_stage_i/i_mult/i_multiplier/g568150/Z                -       A3->Z  R     XOR3D1BWP7T30P140       1  1.2    15    39    1454    (-,-) 
  i_cpu/ex_stage_i/i_mult/i_multiplier/g568116/ZN               -       A3->ZN F     XNR3D2BWP7T30P140       1  1.2    14    44    1498    (-,-) 
  i_cpu/ex_stage_i/i_mult/i_multiplier/g568086/ZN               -       A3->ZN R     XNR3D1BWP7T30P140       1  1.2    15    38    1536    (-,-) 
  i_cpu/ex_stage_i/i_mult/i_multiplier/g568058/ZN               -       A3->ZN F     XNR3D2BWP7T30P140       1  1.2    14    44    1580    (-,-) 
  i_cpu/ex_stage_i/i_mult/i_multiplier/g568028/Z                -       A3->Z  R     XOR3D2BWP7T30P140       1  1.2    12    38    1618    (-,-) 
  i_cpu/ex_stage_i/i_mult/i_multiplier/clmul_q_reg[52]/D        -       -      R     DFCNQD1BWP7T30P140      1    -     -     0    1618    (-,-) 
#------------------------------------------------------------------------------------------------------------------------------------------------



Path 6: MET (0 ps) Setup Check with Pin i_cpu/issue_stage_i/i_issue_read_operands/operand_a_q_reg[63]/CP->D
           View: func_tt_0p80v_25c
          Group: C2C_func_tt_0p80v_25c
     Startpoint: (R) i_cpu/ex_stage_i/i_mult/i_div/op_b_neg_one_q_reg/CP
          Clock: (R) clk
       Endpoint: (F) i_cpu/issue_stage_i/i_issue_read_operands/operand_a_q_reg[63]/D
          Clock: (R) clk

                     Capture       Launch     
        Clock Edge:+    2000            0     
       Src Latency:+       0            0     
       Net Latency:+       0 (I)        0 (I) 
           Arrival:=    2000            0     
                                              
             Setup:-      14                  
       Uncertainty:-     260                  
       Path Adjust:+    -100                  
     Required Time:=    1626                  
      Launch Clock:-       0                  
         Data Path:-    1626                  
             Slack:=       0                  

Exceptions/Constraints:
  path_adjust             -100            path_adj_C2C_func_tt_0p80v_25c 

#-----------------------------------------------------------------------------------------------------------------------------------------------------
#                          Timing Point                           Flags    Arc   Edge         Cell           Fanout Load Trans Delay Arrival Instance 
#                                                                                                                   (fF)  (ps)  (ps)   (ps)  Location 
#-----------------------------------------------------------------------------------------------------------------------------------------------------
  i_cpu/ex_stage_i/i_mult/i_div/op_b_neg_one_q_reg/CP             -       -      R     (arrival)                 73    -     0     -       0    (-,-) 
  i_cpu/ex_stage_i/i_mult/i_div/op_b_neg_one_q_reg/Q              -       CP->Q  F     SDFCNQD2BWP7T30P140        4  4.0    15    53      53    (-,-) 
  i_cpu/ex_stage_i/i_mult/i_div/g15380/ZN                         -       A2->ZN R     NR2D3BWP7T30P140          16 13.2    70    49     102    (-,-) 
  i_cpu/ex_stage_i/i_mult/i_div/g15204/ZN                         -       A2->ZN F     NR2D2BWP7T30P140          12 10.2    45    45     147    (-,-) 
  i_cpu/ex_stage_i/i_mult/i_div/g15107/ZN                         -       I->ZN  R     INVD2BWP7T30P140          13 10.6    46    44     191    (-,-) 
  i_cpu/ex_stage_i/i_mult/i_div/g15021/ZN                         -       A1->ZN F     OAI21D1BWP7T30P140         3  2.5    42    38     228    (-,-) 
  i_cpu/ex_stage_i/i_mult/i_div/minus_141_32_g1737/Z              -       A2->Z  F     OR2D1BWP7T30P140           4  3.4    25    43     271    (-,-) 
  i_cpu/ex_stage_i/i_mult/i_div/minus_141_32_g1724/ZN             -       A1->ZN R     NR3D0BWP7T30P140           3  2.6    68    49     320    (-,-) 
  i_cpu/ex_stage_i/i_mult/i_div/minus_141_32_g1721/ZN             -       B1->ZN F     IND2D1BWP7T30P140          3  2.7    44    41     361    (-,-) 
  i_cpu/ex_stage_i/i_mult/i_div/minus_141_32_g1718/ZN             -       A1->ZN R     NR2D1BWP7T30P140           3  2.6    47    43     404    (-,-) 
  i_cpu/ex_stage_i/i_mult/i_div/minus_141_32_g1715/ZN             -       B1->ZN F     IND2D1BWP7T30P140          4  3.4    47    41     445    (-,-) 
  i_cpu/ex_stage_i/i_mult/i_div/minus_141_32_g1712/ZN             -       A1->ZN R     NR3D0BWP7T30P140           4  3.4    84    66     511    (-,-) 
  i_cpu/ex_stage_i/i_mult/i_div/minus_141_32_g1704/ZN             -       A1->ZN R     INR3D0BWP7T30P140          3  2.6    64    63     574    (-,-) 
  i_cpu/ex_stage_i/i_mult/i_div/minus_141_32_g1696/ZN             -       B1->ZN F     IND2D1BWP7T30P140          3  2.7    44    41     615    (-,-) 
  i_cpu/ex_stage_i/i_mult/i_div/minus_141_32_g1688/ZN             -       A1->ZN R     NR2D1BWP7T30P140           3  2.6    47    43     657    (-,-) 
  i_cpu/ex_stage_i/i_mult/i_div/minus_141_32_g1679/ZN             -       B1->ZN F     IND2D1BWP7T30P140          3  2.6    39    36     693    (-,-) 
  i_cpu/ex_stage_i/i_mult/i_div/minus_141_32_g1677/ZN             -       A1->ZN R     NR3D0BWP7T30P140           2  1.9    53    45     738    (-,-) 
  i_cpu/ex_stage_i/i_mult/i_div/minus_141_32_g1662/ZN             -       A1->ZN F     CKND2D1BWP7T30P140         3  2.7    40    37     774    (-,-) 
  i_cpu/ex_stage_i/i_mult/i_div/minus_141_32_g1643/ZN             -       A1->ZN R     NR2D1BWP7T30P140           3  2.9    50    44     818    (-,-) 
  i_cpu/ex_stage_i/i_mult/i_div/minus_141_32_g1633/ZN             -       B1->ZN F     IND2D1BWP7T30P140          3  2.6    39    36     855    (-,-) 
  i_cpu/ex_stage_i/i_mult/i_div/minus_141_32_g1629/Z              -       A4->Z  F     OR4D1BWP7T30P140           3  2.6    25    52     907    (-,-) 
  i_cpu/ex_stage_i/i_mult/i_div/minus_141_32_g1626/ZN             -       A1->ZN R     NR3D0BWP7T30P140           2  1.9    51    40     947    (-,-) 
  i_cpu/ex_stage_i/i_mult/i_div/minus_141_32_g1622/ZN             -       A1->ZN F     CKND2D1BWP7T30P140         3  2.7    40    36     983    (-,-) 
  i_cpu/ex_stage_i/i_mult/i_div/minus_141_32_g1617/ZN             -       A1->ZN R     NR2D1BWP7T30P140           3  2.9    50    44    1027    (-,-) 
  i_cpu/ex_stage_i/i_mult/i_div/minus_141_32_g1614/ZN             -       B1->ZN F     IND2D1BWP7T30P140          2  1.9    33    31    1058    (-,-) 
  i_cpu/ex_stage_i/i_mult/i_div/minus_141_32_g1612/ZN             -       A1->ZN R     NR2D1BWP7T30P140           3  2.7    46    40    1098    (-,-) 
  i_cpu/ex_stage_i/i_mult/i_div/minus_141_32_g1610/ZN             -       A1->ZN F     CKND2D1BWP7T30P140         3  2.7    39    35    1133    (-,-) 
  i_cpu/ex_stage_i/i_mult/i_div/minus_141_32_g1608/ZN             -       A1->ZN R     NR2D1BWP7T30P140           3  2.9    50    43    1176    (-,-) 
  i_cpu/ex_stage_i/i_mult/i_div/minus_141_32_g1606/ZN             -       B1->ZN F     IND2D1BWP7T30P140          2  1.9    33    31    1208    (-,-) 
  i_cpu/ex_stage_i/i_mult/i_div/minus_141_32_g1604/ZN             -       A1->ZN R     NR2D1BWP7T30P140           2  2.0    37    34    1242    (-,-) 
  i_cpu/ex_stage_i/i_mult/i_div/minus_141_32_g1603/ZN             -       I->ZN  F     INVD1BWP7T30P140           2  1.9    21    21    1263    (-,-) 
  i_cpu/ex_stage_i/i_mult/i_div/minus_141_32_g1601/ZN             -       A1->ZN R     NR2D1BWP7T30P140           2  2.2    38    31    1294    (-,-) 
  i_cpu/ex_stage_i/i_mult/i_div/minus_141_32_g1599/ZN             -       A1->ZN F     XNR2D2BWP7T30P140          1  1.1    13    34    1328    (-,-) 
  i_cpu/ex_stage_i/i_mult/i_div/g8359/Z                           -       I1->Z  F     MUX2D0BWP7T30P140          1  1.2    17    36    1364    (-,-) 
  i_cpu/ex_stage_i/i_mult/g4538/Z                                 -       A1->Z  F     AO221D1BWP7T30P140         1  1.2    19    42    1407    (-,-) 
  i_cpu/ex_stage_i/g2191/ZN                                       -       C2->ZN R     AOI222D1BWP7T30P140        1  2.4    85    71    1478    (-,-) 
  i_cpu/ex_stage_i/g2136/ZN                                       -       A2->ZN F     ND2OPTPAD4BWP7T30P140     11  8.4    34    34    1512    (-,-) 
  i_cpu/issue_stage_i/i_scoreboard/i_sel_rs1/g12532/ZN            -       A1->ZN R     CKND2D2BWP7T30P140         1  1.4    17    20    1532    (-,-) 
  i_cpu/issue_stage_i/i_scoreboard/i_sel_rs1/g11776/ZN            -       A2->ZN F     CKND2D2BWP7T30P140         1  1.2    25    14    1546    (-,-) 
  i_cpu/issue_stage_i/i_issue_read_operands/g16120/Z              -       A1->Z  F     AO222D1BWP7T30P140         2  1.9    22    54    1600    (-,-) 
  i_cpu/issue_stage_i/i_issue_read_operands/g5139/Z               -       A1->Z  F     AN2D0BWP7T30P140           1  1.2    13    26    1626    (-,-) 
  i_cpu/issue_stage_i/i_issue_read_operands/operand_a_q_reg[63]/D -       -      F     DFCNQD1BWP7T30P140         1    -     -     0    1626    (-,-) 
#-----------------------------------------------------------------------------------------------------------------------------------------------------



Path 7: MET (0 ps) Setup Check with Pin i_cpu/gen_perf_counter.perf_counters_i/generic_counter_q_reg[1][51]/CP->D
           View: func_tt_0p80v_25c
          Group: C2C_func_tt_0p80v_25c
     Startpoint: (R) i_cpu/gen_cache_wt.i_cache_subsystem/i_wt_dcache/i_wt_dcache_wbuffer/wbuffer_q_reg[1][txblock][4]/CP
          Clock: (R) clk
       Endpoint: (R) i_cpu/gen_perf_counter.perf_counters_i/generic_counter_q_reg[1][51]/D
          Clock: (R) clk

                     Capture       Launch     
        Clock Edge:+    2000            0     
       Src Latency:+       0            0     
       Net Latency:+       0 (I)        0 (I) 
           Arrival:=    2000            0     
                                              
             Setup:-      28                  
       Uncertainty:-     260                  
       Path Adjust:+    -100                  
     Required Time:=    1612                  
      Launch Clock:-       0                  
         Data Path:-    1612                  
             Slack:=       0                  

Exceptions/Constraints:
  path_adjust             -100            path_adj_C2C_func_tt_0p80v_25c 

#-------------------------------------------------------------------------------------------------------------------------------------------------------------------------------------------
#                                            Timing Point                                              Flags    Arc   Edge          Cell           Fanout Load Trans Delay Arrival Instance 
#                                                                                                                                                         (fF)  (ps)  (ps)   (ps)  Location 
#-------------------------------------------------------------------------------------------------------------------------------------------------------------------------------------------
  i_cpu/gen_cache_wt.i_cache_subsystem/i_wt_dcache/i_wt_dcache_wbuffer/wbuffer_q_reg[1][txblock][4]/CP -       -      R     (arrival)                  68    -     0     -       0    (-,-) 
  i_cpu/gen_cache_wt.i_cache_subsystem/i_wt_dcache/i_wt_dcache_wbuffer/wbuffer_q_reg[1][txblock][4]/Q  -       CP->Q  F     DFCNQD1BWP7T30P140          4  3.3    23    58      58    (-,-) 
  i_cpu/gen_cache_wt.i_cache_subsystem/i_wt_dcache/i_wt_dcache_wbuffer/g75347/Z                        -       A1->Z  F     OR4D1BWP7T30P140            1  1.2    17    49     107    (-,-) 
  i_cpu/gen_cache_wt.i_cache_subsystem/i_wt_dcache/i_wt_dcache_wbuffer/g75334/ZN                       -       A2->ZN R     NR2D1BWP7T30P140            8  6.0    88    60     167    (-,-) 
  i_cpu/gen_cache_wt.i_cache_subsystem/i_wt_dcache/i_wt_dcache_wbuffer/g113346/ZN                      -       A1->ZN F     ND3D0BWP7T30P140            2  1.8    56    47     214    (-,-) 
  i_cpu/gen_cache_wt.i_cache_subsystem/i_wt_dcache/i_wt_dcache_wbuffer/g75261/Z                        -       A4->Z  F     AN4D1BWP7T30P140            1  1.1    13    46     260    (-,-) 
  i_cpu/gen_cache_wt.i_cache_subsystem/i_wt_dcache/i_wt_dcache_wbuffer/g75249/ZN                       -       A2->ZN R     CKND2D1BWP7T30P140          3  2.6    31    24     284    (-,-) 
  i_cpu/gen_cache_wt.i_cache_subsystem/i_wt_dcache/i_wt_dcache_wbuffer/i_dirty_rr/g30423/ZN            -       I0->ZN F     MUX2ND0BWP7T30P140          4  3.5    34    50     334    (-,-) 
  i_cpu/gen_cache_wt.i_cache_subsystem/i_wt_dcache/i_wt_dcache_wbuffer/i_dirty_rr/g30410/ZN            -       A1->ZN F     INR2D1BWP7T30P140           2  2.0    20    28     362    (-,-) 
  i_cpu/gen_cache_wt.i_cache_subsystem/i_wt_dcache/i_wt_dcache_wbuffer/i_dirty_rr/g30400/ZN            -       A1->ZN F     INR2D1BWP7T30P140           2  1.9    17    24     386    (-,-) 
  i_cpu/gen_cache_wt.i_cache_subsystem/i_wt_dcache/i_wt_dcache_wbuffer/i_dirty_rr/g30394/Z             -       B->Z   F     AO21D1BWP7T30P140          16 12.8    83    73     459    (-,-) 
  i_cpu/gen_cache_wt.i_cache_subsystem/i_wt_dcache/i_wt_dcache_wbuffer/i_dirty_rr/g30393/ZN            -       I->ZN  R     INVD2BWP7T30P140            3  2.8    30    33     492    (-,-) 
  i_cpu/gen_cache_wt.i_cache_subsystem/i_wt_dcache/i_wt_dcache_wbuffer/i_dirty_rr/g30284/ZN            -       B2->ZN F     INR3D1BWP7T30P140           9  7.5    57    42     534    (-,-) 
  i_cpu/gen_cache_wt.i_cache_subsystem/i_wt_dcache/i_wt_dcache_wbuffer/i_dirty_rr/g30278/Z             -       I->Z   F     CKBD0BWP7T30P140           16 13.9   108    86     621    (-,-) 
  i_cpu/gen_cache_wt.i_cache_subsystem/i_wt_dcache/i_wt_dcache_wbuffer/i_dirty_rr/g30277/ZN            -       I->ZN  R     INVD3BWP7T30P140            2  2.6    31    34     654    (-,-) 
  i_cpu/gen_cache_wt.i_cache_subsystem/i_wt_dcache/i_wt_dcache_wbuffer/i_dirty_rr/g30256/ZN            -       I->ZN  F     INVD2BWP7T30P140           14 11.6    41    34     689    (-,-) 
  i_cpu/gen_cache_wt.i_cache_subsystem/i_wt_dcache/i_wt_dcache_wbuffer/i_dirty_rr/g29954/Z             -       C1->Z  F     AO222D1BWP7T30P140          1  1.2    18    68     756    (-,-) 
  i_cpu/gen_cache_wt.i_cache_subsystem/i_wt_dcache/i_wt_dcache_wbuffer/i_dirty_rr/g29645/Z             -       B->Z   F     AO211D1BWP7T30P140          2  2.1    22    51     808    (-,-) 
  i_cpu/gen_cache_wt.i_cache_subsystem/i_wt_dcache/i_wt_dcache_missunit/g32827/ZN                      -       B1->ZN R     AOI22D1BWP7T30P140          9  7.3   121    79     887    (-,-) 
  i_cpu/gen_cache_wt.i_cache_subsystem/i_wt_dcache/i_wt_dcache_missunit/g32211/ZN                      -       B1->ZN F     AOI221D1BWP7T30P140         1  1.2    54    52     939    (-,-) 
  i_cpu/gen_cache_wt.i_cache_subsystem/i_wt_dcache/i_wt_dcache_missunit/g32181/ZN                      -       C->ZN  R     OAI221D1BWP7T30P140         1  1.1    66    35     974    (-,-) 
  i_cpu/gen_cache_wt.i_cache_subsystem/i_wt_dcache/i_wt_dcache_missunit/g32088/Z                       -       A4->Z  R     OR4D1BWP7T30P140            1  1.1    14    34    1008    (-,-) 
  i_cpu/gen_cache_wt.i_cache_subsystem/i_wt_dcache/i_wt_dcache_missunit/g32054/Z                       -       A4->Z  R     OR4D1BWP7T30P140            1  1.2    14    22    1030    (-,-) 
  i_cpu/gen_cache_wt.i_cache_subsystem/i_wt_dcache/i_wt_dcache_missunit/g32035/ZN                      -       A1->ZN F     OAI33D1BWP7T30P140          1  1.3    34    27    1057    (-,-) 
  i_cpu/gen_cache_wt.i_cache_subsystem/i_wt_dcache/i_wt_dcache_missunit/g32027/Z                       -       C->Z   F     AO221D1BWP7T30P140          3  2.6    25    65    1122    (-,-) 
  i_cpu/gen_cache_wt.i_cache_subsystem/i_wt_dcache/i_wt_dcache_missunit/g32021/ZN                      -       A1->ZN R     NR3D0BWP7T30P140            2  2.0    53    42    1163    (-,-) 
  i_cpu/gen_cache_wt.i_cache_subsystem/i_wt_dcache/i_wt_dcache_missunit/g32017/Z                       -       A3->Z  R     OR3D1BWP7T30P140            3  2.6    23    37    1201    (-,-) 
  i_cpu/gen_cache_wt.i_cache_subsystem/i_adapter/g16845/ZN                                             -       A1->ZN R     INR2D2BWP7T30P140          13 10.4    76    63    1264    (-,-) 
  i_cpu/gen_cache_wt.i_cache_subsystem/i_wt_dcache/i_wt_dcache_missunit/g15190/ZN                      -       I->ZN  F     INVD1BWP7T30P140            2  2.0    31    30    1293    (-,-) 
  i_cpu/gen_cache_wt.i_cache_subsystem/i_wt_dcache/i_wt_dcache_missunit/g15179/Z                       -       B->Z   F     AO21D1BWP7T30P140           4  3.5    26    46    1340    (-,-) 
  i_cpu/gen_cache_wt.i_cache_subsystem/i_wt_dcache/i_wt_dcache_missunit/g15172/ZN                      -       A1->ZN R     NR2D1BWP7T30P140            6  4.8    73    54    1394    (-,-) 
  i_cpu/gen_perf_counter.perf_counters_i/g38383/ZN                                                     -       A1->ZN F     AOI22D1BWP7T30P140          1  2.0    56    46    1440    (-,-) 
  i_cpu/gen_perf_counter.perf_counters_i/g38365/ZN                                                     -       A2->ZN R     ND2D4BWP7T30P140            1  1.4    18    23    1463    (-,-) 
  i_cpu/gen_perf_counter.perf_counters_i/g38338/ZN                                                     -       A1->ZN F     CKND2D2BWP7T30P140          1  1.2    13    12    1475    (-,-) 
  i_cpu/gen_perf_counter.perf_counters_i/g39095/Z                                                      -       A1->Z  F     AO21D1BWP7T30P140           1  1.6    15    27    1502    (-,-) 
  i_cpu/gen_perf_counter.perf_counters_i/g38241/ZN                                                     -       A1->ZN R     ND2D3BWP7T30P140            1  2.7    14    13    1515    (-,-) 
  i_cpu/gen_perf_counter.perf_counters_i/g38232/ZN                                                     -       A1->ZN F     CKND2D8BWP7T30P140          3  6.6    19    14    1529    (-,-) 
  i_cpu/gen_perf_counter.perf_counters_i/g39026/ZN                                                     -       B1->ZN R     INR2OPTPAD8BWP7T30P140      1  1.5    11    15    1544    (-,-) 
  i_cpu/gen_perf_counter.perf_counters_i/drc_buf_sp39375/Z                                             -       I->Z   R     DCCKBD4BWP7T30P140          2  3.6    10    17    1561    (-,-) 
  i_cpu/gen_perf_counter.perf_counters_i/drc_buf_sp39373/Z                                             -       I->Z   R     DCCKBD12BWP7T30P140        15 15.6    14    21    1582    (-,-) 
  i_cpu/gen_perf_counter.perf_counters_i/g38001/ZN                                                     -       A1->ZN F     CKND2D2BWP7T30P140          1  1.1    12    11    1594    (-,-) 
  i_cpu/gen_perf_counter.perf_counters_i/g37566/ZN                                                     -       A1->ZN R     ND3D0BWP7T30P140            1  1.2    36    18    1612    (-,-) 
  i_cpu/gen_perf_counter.perf_counters_i/generic_counter_q_reg[1][51]/D                                -       -      R     DFCNQD1BWP7T30P140          1    -     -     0    1612    (-,-) 
#-------------------------------------------------------------------------------------------------------------------------------------------------------------------------------------------



Path 8: MET (0 ps) Setup Check with Pin i_cpu/gen_perf_counter.perf_counters_i/generic_counter_q_reg[1][41]/CP->D
           View: func_tt_0p80v_25c
          Group: C2C_func_tt_0p80v_25c
     Startpoint: (R) i_cpu/gen_cache_wt.i_cache_subsystem/i_wt_dcache/i_wt_dcache_wbuffer/wbuffer_q_reg[1][txblock][4]/CP
          Clock: (R) clk
       Endpoint: (R) i_cpu/gen_perf_counter.perf_counters_i/generic_counter_q_reg[1][41]/D
          Clock: (R) clk

                     Capture       Launch     
        Clock Edge:+    2000            0     
       Src Latency:+       0            0     
       Net Latency:+       0 (I)        0 (I) 
           Arrival:=    2000            0     
                                              
             Setup:-      28                  
       Uncertainty:-     260                  
       Path Adjust:+    -100                  
     Required Time:=    1612                  
      Launch Clock:-       0                  
         Data Path:-    1612                  
             Slack:=       0                  

Exceptions/Constraints:
  path_adjust             -100            path_adj_C2C_func_tt_0p80v_25c 

#-------------------------------------------------------------------------------------------------------------------------------------------------------------------------------------------
#                                            Timing Point                                              Flags    Arc   Edge          Cell           Fanout Load Trans Delay Arrival Instance 
#                                                                                                                                                         (fF)  (ps)  (ps)   (ps)  Location 
#-------------------------------------------------------------------------------------------------------------------------------------------------------------------------------------------
  i_cpu/gen_cache_wt.i_cache_subsystem/i_wt_dcache/i_wt_dcache_wbuffer/wbuffer_q_reg[1][txblock][4]/CP -       -      R     (arrival)                  68    -     0     -       0    (-,-) 
  i_cpu/gen_cache_wt.i_cache_subsystem/i_wt_dcache/i_wt_dcache_wbuffer/wbuffer_q_reg[1][txblock][4]/Q  -       CP->Q  F     DFCNQD1BWP7T30P140          4  3.3    23    58      58    (-,-) 
  i_cpu/gen_cache_wt.i_cache_subsystem/i_wt_dcache/i_wt_dcache_wbuffer/g75347/Z                        -       A1->Z  F     OR4D1BWP7T30P140            1  1.2    17    49     107    (-,-) 
  i_cpu/gen_cache_wt.i_cache_subsystem/i_wt_dcache/i_wt_dcache_wbuffer/g75334/ZN                       -       A2->ZN R     NR2D1BWP7T30P140            8  6.0    88    60     167    (-,-) 
  i_cpu/gen_cache_wt.i_cache_subsystem/i_wt_dcache/i_wt_dcache_wbuffer/g113346/ZN                      -       A1->ZN F     ND3D0BWP7T30P140            2  1.8    56    47     214    (-,-) 
  i_cpu/gen_cache_wt.i_cache_subsystem/i_wt_dcache/i_wt_dcache_wbuffer/g75261/Z                        -       A4->Z  F     AN4D1BWP7T30P140            1  1.1    13    46     260    (-,-) 
  i_cpu/gen_cache_wt.i_cache_subsystem/i_wt_dcache/i_wt_dcache_wbuffer/g75249/ZN                       -       A2->ZN R     CKND2D1BWP7T30P140          3  2.6    31    24     284    (-,-) 
  i_cpu/gen_cache_wt.i_cache_subsystem/i_wt_dcache/i_wt_dcache_wbuffer/i_dirty_rr/g30423/ZN            -       I0->ZN F     MUX2ND0BWP7T30P140          4  3.5    34    50     334    (-,-) 
  i_cpu/gen_cache_wt.i_cache_subsystem/i_wt_dcache/i_wt_dcache_wbuffer/i_dirty_rr/g30410/ZN            -       A1->ZN F     INR2D1BWP7T30P140           2  2.0    20    28     362    (-,-) 
  i_cpu/gen_cache_wt.i_cache_subsystem/i_wt_dcache/i_wt_dcache_wbuffer/i_dirty_rr/g30400/ZN            -       A1->ZN F     INR2D1BWP7T30P140           2  1.9    17    24     386    (-,-) 
  i_cpu/gen_cache_wt.i_cache_subsystem/i_wt_dcache/i_wt_dcache_wbuffer/i_dirty_rr/g30394/Z             -       B->Z   F     AO21D1BWP7T30P140          16 12.8    83    73     459    (-,-) 
  i_cpu/gen_cache_wt.i_cache_subsystem/i_wt_dcache/i_wt_dcache_wbuffer/i_dirty_rr/g30393/ZN            -       I->ZN  R     INVD2BWP7T30P140            3  2.8    30    33     492    (-,-) 
  i_cpu/gen_cache_wt.i_cache_subsystem/i_wt_dcache/i_wt_dcache_wbuffer/i_dirty_rr/g30284/ZN            -       B2->ZN F     INR3D1BWP7T30P140           9  7.5    57    42     534    (-,-) 
  i_cpu/gen_cache_wt.i_cache_subsystem/i_wt_dcache/i_wt_dcache_wbuffer/i_dirty_rr/g30278/Z             -       I->Z   F     CKBD0BWP7T30P140           16 13.9   108    86     621    (-,-) 
  i_cpu/gen_cache_wt.i_cache_subsystem/i_wt_dcache/i_wt_dcache_wbuffer/i_dirty_rr/g30277/ZN            -       I->ZN  R     INVD3BWP7T30P140            2  2.6    31    34     654    (-,-) 
  i_cpu/gen_cache_wt.i_cache_subsystem/i_wt_dcache/i_wt_dcache_wbuffer/i_dirty_rr/g30256/ZN            -       I->ZN  F     INVD2BWP7T30P140           14 11.6    41    34     689    (-,-) 
  i_cpu/gen_cache_wt.i_cache_subsystem/i_wt_dcache/i_wt_dcache_wbuffer/i_dirty_rr/g29954/Z             -       C1->Z  F     AO222D1BWP7T30P140          1  1.2    18    68     756    (-,-) 
  i_cpu/gen_cache_wt.i_cache_subsystem/i_wt_dcache/i_wt_dcache_wbuffer/i_dirty_rr/g29645/Z             -       B->Z   F     AO211D1BWP7T30P140          2  2.1    22    51     808    (-,-) 
  i_cpu/gen_cache_wt.i_cache_subsystem/i_wt_dcache/i_wt_dcache_missunit/g32827/ZN                      -       B1->ZN R     AOI22D1BWP7T30P140          9  7.3   121    79     887    (-,-) 
  i_cpu/gen_cache_wt.i_cache_subsystem/i_wt_dcache/i_wt_dcache_missunit/g32211/ZN                      -       B1->ZN F     AOI221D1BWP7T30P140         1  1.2    54    52     939    (-,-) 
  i_cpu/gen_cache_wt.i_cache_subsystem/i_wt_dcache/i_wt_dcache_missunit/g32181/ZN                      -       C->ZN  R     OAI221D1BWP7T30P140         1  1.1    66    35     974    (-,-) 
  i_cpu/gen_cache_wt.i_cache_subsystem/i_wt_dcache/i_wt_dcache_missunit/g32088/Z                       -       A4->Z  R     OR4D1BWP7T30P140            1  1.1    14    34    1008    (-,-) 
  i_cpu/gen_cache_wt.i_cache_subsystem/i_wt_dcache/i_wt_dcache_missunit/g32054/Z                       -       A4->Z  R     OR4D1BWP7T30P140            1  1.2    14    22    1030    (-,-) 
  i_cpu/gen_cache_wt.i_cache_subsystem/i_wt_dcache/i_wt_dcache_missunit/g32035/ZN                      -       A1->ZN F     OAI33D1BWP7T30P140          1  1.3    34    27    1057    (-,-) 
  i_cpu/gen_cache_wt.i_cache_subsystem/i_wt_dcache/i_wt_dcache_missunit/g32027/Z                       -       C->Z   F     AO221D1BWP7T30P140          3  2.6    25    65    1122    (-,-) 
  i_cpu/gen_cache_wt.i_cache_subsystem/i_wt_dcache/i_wt_dcache_missunit/g32021/ZN                      -       A1->ZN R     NR3D0BWP7T30P140            2  2.0    53    42    1163    (-,-) 
  i_cpu/gen_cache_wt.i_cache_subsystem/i_wt_dcache/i_wt_dcache_missunit/g32017/Z                       -       A3->Z  R     OR3D1BWP7T30P140            3  2.6    23    37    1201    (-,-) 
  i_cpu/gen_cache_wt.i_cache_subsystem/i_adapter/g16845/ZN                                             -       A1->ZN R     INR2D2BWP7T30P140          13 10.4    76    63    1264    (-,-) 
  i_cpu/gen_cache_wt.i_cache_subsystem/i_wt_dcache/i_wt_dcache_missunit/g15190/ZN                      -       I->ZN  F     INVD1BWP7T30P140            2  2.0    31    30    1293    (-,-) 
  i_cpu/gen_cache_wt.i_cache_subsystem/i_wt_dcache/i_wt_dcache_missunit/g15179/Z                       -       B->Z   F     AO21D1BWP7T30P140           4  3.5    26    46    1340    (-,-) 
  i_cpu/gen_cache_wt.i_cache_subsystem/i_wt_dcache/i_wt_dcache_missunit/g15172/ZN                      -       A1->ZN R     NR2D1BWP7T30P140            6  4.8    73    54    1394    (-,-) 
  i_cpu/gen_perf_counter.perf_counters_i/g38383/ZN                                                     -       A1->ZN F     AOI22D1BWP7T30P140          1  2.0    56    46    1440    (-,-) 
  i_cpu/gen_perf_counter.perf_counters_i/g38365/ZN                                                     -       A2->ZN R     ND2D4BWP7T30P140            1  1.4    18    23    1463    (-,-) 
  i_cpu/gen_perf_counter.perf_counters_i/g38338/ZN                                                     -       A1->ZN F     CKND2D2BWP7T30P140          1  1.2    13    12    1475    (-,-) 
  i_cpu/gen_perf_counter.perf_counters_i/g39095/Z                                                      -       A1->Z  F     AO21D1BWP7T30P140           1  1.6    15    27    1502    (-,-) 
  i_cpu/gen_perf_counter.perf_counters_i/g38241/ZN                                                     -       A1->ZN R     ND2D3BWP7T30P140            1  2.7    14    13    1515    (-,-) 
  i_cpu/gen_perf_counter.perf_counters_i/g38232/ZN                                                     -       A1->ZN F     CKND2D8BWP7T30P140          3  6.6    19    14    1529    (-,-) 
  i_cpu/gen_perf_counter.perf_counters_i/g39026/ZN                                                     -       B1->ZN R     INR2OPTPAD8BWP7T30P140      1  1.5    11    15    1544    (-,-) 
  i_cpu/gen_perf_counter.perf_counters_i/drc_buf_sp39375/Z                                             -       I->Z   R     DCCKBD4BWP7T30P140          2  3.6    10    17    1561    (-,-) 
  i_cpu/gen_perf_counter.perf_counters_i/drc_buf_sp39373/Z                                             -       I->Z   R     DCCKBD12BWP7T30P140        15 15.6    14    21    1582    (-,-) 
  i_cpu/gen_perf_counter.perf_counters_i/g38031/ZN                                                     -       A1->ZN F     CKND2D2BWP7T30P140          1  1.1    12    11    1594    (-,-) 
  i_cpu/gen_perf_counter.perf_counters_i/g37539/ZN                                                     -       A1->ZN R     ND3D0BWP7T30P140            1  1.2    36    18    1612    (-,-) 
  i_cpu/gen_perf_counter.perf_counters_i/generic_counter_q_reg[1][41]/D                                -       -      R     DFCNQD1BWP7T30P140          1    -     -     0    1612    (-,-) 
#-------------------------------------------------------------------------------------------------------------------------------------------------------------------------------------------



Path 9: MET (0 ps) Setup Check with Pin i_cpu/gen_cache_wt.i_cache_subsystem/i_adapter/i_dcache_data_fifo/mem_q_reg[1][data][30]/CP->D
           View: func_tt_0p80v_25c
          Group: C2C_func_tt_0p80v_25c
     Startpoint: (R) i_cpu/gen_cache_wt.i_cache_subsystem/i_wt_dcache/i_wt_dcache_wbuffer/wbuffer_q_reg[6][txblock][4]/CP
          Clock: (R) clk
       Endpoint: (F) i_cpu/gen_cache_wt.i_cache_subsystem/i_adapter/i_dcache_data_fifo/mem_q_reg[1][data][30]/D
          Clock: (R) clk

                     Capture       Launch     
        Clock Edge:+    2000            0     
       Src Latency:+       0            0     
       Net Latency:+       0 (I)        0 (I) 
           Arrival:=    2000            0     
                                              
             Setup:-      47                  
       Uncertainty:-     260                  
       Path Adjust:+    -100                  
     Required Time:=    1593                  
      Launch Clock:-       0                  
         Data Path:-    1593                  
             Slack:=       0                  

Exceptions/Constraints:
  path_adjust             -100            path_adj_C2C_func_tt_0p80v_25c 

#---------------------------------------------------------------------------------------------------------------------------------------------------------------------------------------------
#                                            Timing Point                                              Flags    Arc   Edge           Cell            Fanout Load Trans Delay Arrival Instance 
#                                                                                                                                                           (fF)  (ps)  (ps)   (ps)  Location 
#---------------------------------------------------------------------------------------------------------------------------------------------------------------------------------------------
  i_cpu/gen_cache_wt.i_cache_subsystem/i_wt_dcache/i_wt_dcache_wbuffer/wbuffer_q_reg[6][txblock][4]/CP -       -      R     (arrival)                    68    -     0     -       0    (-,-) 
  i_cpu/gen_cache_wt.i_cache_subsystem/i_wt_dcache/i_wt_dcache_wbuffer/wbuffer_q_reg[6][txblock][4]/Q  -       CP->Q  F     DFCNQD1BWP7T30P140            4  3.2    23    58      58    (-,-) 
  i_cpu/gen_cache_wt.i_cache_subsystem/i_wt_dcache/i_wt_dcache_wbuffer/g75356/Z                        -       A1->Z  F     OR4D1BWP7T30P140              1  1.2    17    49     107    (-,-) 
  i_cpu/gen_cache_wt.i_cache_subsystem/i_wt_dcache/i_wt_dcache_wbuffer/g75341/ZN                       -       A2->ZN R     NR2D1BWP7T30P140              8  6.0    88    60     167    (-,-) 
  i_cpu/gen_cache_wt.i_cache_subsystem/i_wt_dcache/i_wt_dcache_wbuffer/g113370/ZN                      -       A1->ZN F     ND3D0BWP7T30P140              2  1.9    58    48     215    (-,-) 
  i_cpu/gen_cache_wt.i_cache_subsystem/i_wt_dcache/i_wt_dcache_wbuffer/g75268/Z                        -       A4->Z  F     AN4D1BWP7T30P140              1  1.1    13    46     261    (-,-) 
  i_cpu/gen_cache_wt.i_cache_subsystem/i_wt_dcache/i_wt_dcache_wbuffer/g75251/ZN                       -       A2->ZN R     CKND2D0BWP7T30P140            3  2.6    37    28     288    (-,-) 
  i_cpu/gen_cache_wt.i_cache_subsystem/i_wt_dcache/i_wt_dcache_wbuffer/i_dirty_rr/g30437/ZN            -       I0->ZN F     MUX2ND0BWP7T30P140            4  3.5    34    51     340    (-,-) 
  i_cpu/gen_cache_wt.i_cache_subsystem/i_wt_dcache/i_wt_dcache_wbuffer/i_dirty_rr/g30409/ZN            -       B1->ZN R     IND2D1BWP7T30P140             2  2.0    23    25     365    (-,-) 
  i_cpu/gen_cache_wt.i_cache_subsystem/i_wt_dcache/i_wt_dcache_wbuffer/i_dirty_rr/g30399/ZN            -       A1->ZN R     IND2D1BWP7T30P140             2  2.0    20    25     390    (-,-) 
  i_cpu/gen_cache_wt.i_cache_subsystem/i_wt_dcache/i_wt_dcache_wbuffer/i_dirty_rr/g30394/Z             -       A1->Z  R     AO21D1BWP7T30P140            16 12.9    97    73     463    (-,-) 
  i_cpu/gen_cache_wt.i_cache_subsystem/i_wt_dcache/i_wt_dcache_wbuffer/i_dirty_rr/g30393/ZN            -       I->ZN  F     INVD2BWP7T30P140              3  2.8    31    26     489    (-,-) 
  i_cpu/gen_cache_wt.i_cache_subsystem/i_wt_dcache/i_wt_dcache_wbuffer/i_dirty_rr/g30389/Z             -       A1->Z  F     AN3D0BWP7T30P140             13 10.8    91    74     563    (-,-) 
  i_cpu/gen_cache_wt.i_cache_subsystem/i_wt_dcache/i_wt_dcache_wbuffer/i_dirty_rr/g30326/ZN            -       I->ZN  R     INVD2BWP7T30P140              1  1.2    25    27     590    (-,-) 
  i_cpu/gen_cache_wt.i_cache_subsystem/i_wt_dcache/i_wt_dcache_wbuffer/i_dirty_rr/g30325/ZN            -       I->ZN  F     INVD1BWP7T30P140              8  6.8    47    37     627    (-,-) 
  i_cpu/gen_cache_wt.i_cache_subsystem/i_wt_dcache/i_wt_dcache_wbuffer/i_dirty_rr/g30324/Z             -       I->Z   F     BUFFD2BWP7T30P140            10  8.3    28    42     669    (-,-) 
  i_cpu/gen_cache_wt.i_cache_subsystem/i_wt_dcache/i_wt_dcache_wbuffer/i_dirty_rr/g30321/Z             -       I->Z   F     CKBD0BWP7T30P140             15 12.7    99    73     742    (-,-) 
  i_cpu/gen_cache_wt.i_cache_subsystem/i_wt_dcache/i_wt_dcache_wbuffer/i_dirty_rr/g30183/Z             -       A1->Z  F     OR4D2BWP7T30P140              9  7.2    34    93     835    (-,-) 
  i_cpu/gen_cache_wt.i_cache_subsystem/i_wt_dcache/i_wt_dcache_wbuffer/g74708/ZN                       -       I->ZN  R     INVD1BWP7T30P140              4  3.2    32    30     866    (-,-) 
  i_cpu/gen_cache_wt.i_cache_subsystem/i_wt_dcache/i_wt_dcache_wbuffer/g74701/Z                        -       A1->Z  R     OR2D1BWP7T30P140              9  6.7    52    47     913    (-,-) 
  i_cpu/gen_cache_wt.i_cache_subsystem/i_wt_dcache/i_wt_dcache_wbuffer/g74669/ZN                       -       B1->ZN F     OAI22D1BWP7T30P140            1  1.1    28    30     943    (-,-) 
  i_cpu/gen_cache_wt.i_cache_subsystem/i_wt_dcache/i_wt_dcache_wbuffer/g74663/Z                        -       A1->Z  F     OR4D0BWP7T30P140              6  5.3    56    88    1031    (-,-) 
  i_cpu/gen_cache_wt.i_cache_subsystem/i_wt_dcache/i_wt_dcache_wbuffer/i_vld_bdirty/g419/ZN            -       A1->ZN R     NR2D1BWP7T30P140              2  2.0    41    42    1072    (-,-) 
  i_cpu/gen_cache_wt.i_cache_subsystem/i_wt_dcache/i_wt_dcache_wbuffer/i_vld_bdirty/g414/ZN            -       A1->ZN R     INR2D1BWP7T30P140             5  4.1    62    54    1126    (-,-) 
  i_cpu/gen_cache_wt.i_cache_subsystem/i_wt_dcache/i_wt_dcache_wbuffer/g113307/ZN                      -       I->ZN  F     INVD1BWP7T30P140              3  2.6    30    31    1157    (-,-) 
  i_cpu/gen_cache_wt.i_cache_subsystem/i_wt_dcache/i_wt_dcache_wbuffer/g113301/Z                       -       A2->Z  F     CKAN2D1BWP7T30P140           10  8.2    53    54    1211    (-,-) 
  i_cpu/gen_cache_wt.i_cache_subsystem/i_wt_dcache/i_wt_dcache_wbuffer/g113280/Z                       -       I->Z   F     CKBD0BWP7T30P140              9  6.8    55    56    1267    (-,-) 
  i_cpu/gen_cache_wt.i_cache_subsystem/i_wt_dcache/i_wt_dcache_wbuffer/g113279/Z                       -       I->Z   F     BUFFD2BWP7T30P140            10  8.3    28    45    1312    (-,-) 
  i_cpu/gen_cache_wt.i_cache_subsystem/i_wt_dcache/i_wt_dcache_wbuffer/g113278/ZN                      -       I->ZN  R     INVD1BWP7T30P140              1  1.1    16    18    1330    (-,-) 
  i_cpu/gen_cache_wt.i_cache_subsystem/i_wt_dcache/i_wt_dcache_wbuffer/g112055/ZN                      -       A2->ZN F     NR2D1BWP7T30P140              8  6.0    57    30    1360    (-,-) 
  i_cpu/gen_cache_wt.i_cache_subsystem/i_wt_dcache/i_wt_dcache_wbuffer/g111518/ZN                      -       A2->ZN R     AOI221D1BWP7T30P140           1  1.1    55    52    1412    (-,-) 
  i_cpu/gen_cache_wt.i_cache_subsystem/i_wt_dcache/i_wt_dcache_wbuffer/g111127/ZN                      -       C->ZN  F     OAI211D0BWP7T30P140           2  2.0    56    47    1459    (-,-) 
  i_cpu/gen_cache_wt.i_cache_subsystem/i_wt_dcache/i_wt_dcache_wbuffer/g110985/Z                       -       B->Z   F     AO21D1BWP7T30P140             1  1.2    13    46    1505    (-,-) 
  i_cpu/gen_cache_wt.i_cache_subsystem/i_wt_dcache/i_wt_dcache_missunit/g32285/Z                       -       B1->Z  F     AO222D1BWP7T30P140            2  1.8    22    57    1562    (-,-) 
  i_cpu/gen_cache_wt.i_cache_subsystem/i_adapter/i_dcache_data_fifo/g17088/Z                           -       I0->Z  F     MUX2D1BWP7T30P140             1  1.1    16    31    1593    (-,-) 
  i_cpu/gen_cache_wt.i_cache_subsystem/i_adapter/i_dcache_data_fifo/mem_q_reg[1][data][30]/D           -       -      F     SDFCNQOPPSAD1BWP7T30P140      1    -     -     0    1593    (-,-) 
#---------------------------------------------------------------------------------------------------------------------------------------------------------------------------------------------



Path 10: MET (0 ps) Setup Check with Pin i_cpu/gen_cache_wt.i_cache_subsystem/i_adapter/i_dcache_data_fifo/mem_q_reg[1][data][26]/CP->D
           View: func_tt_0p80v_25c
          Group: C2C_func_tt_0p80v_25c
     Startpoint: (R) i_cpu/gen_cache_wt.i_cache_subsystem/i_wt_dcache/i_wt_dcache_wbuffer/wbuffer_q_reg[6][txblock][4]/CP
          Clock: (R) clk
       Endpoint: (F) i_cpu/gen_cache_wt.i_cache_subsystem/i_adapter/i_dcache_data_fifo/mem_q_reg[1][data][26]/D
          Clock: (R) clk

                     Capture       Launch     
        Clock Edge:+    2000            0     
       Src Latency:+       0            0     
       Net Latency:+       0 (I)        0 (I) 
           Arrival:=    2000            0     
                                              
             Setup:-      47                  
       Uncertainty:-     260                  
       Path Adjust:+    -100                  
     Required Time:=    1593                  
      Launch Clock:-       0                  
         Data Path:-    1593                  
             Slack:=       0                  

Exceptions/Constraints:
  path_adjust             -100            path_adj_C2C_func_tt_0p80v_25c 

#---------------------------------------------------------------------------------------------------------------------------------------------------------------------------------------------
#                                            Timing Point                                              Flags    Arc   Edge           Cell            Fanout Load Trans Delay Arrival Instance 
#                                                                                                                                                           (fF)  (ps)  (ps)   (ps)  Location 
#---------------------------------------------------------------------------------------------------------------------------------------------------------------------------------------------
  i_cpu/gen_cache_wt.i_cache_subsystem/i_wt_dcache/i_wt_dcache_wbuffer/wbuffer_q_reg[6][txblock][4]/CP -       -      R     (arrival)                    68    -     0     -       0    (-,-) 
  i_cpu/gen_cache_wt.i_cache_subsystem/i_wt_dcache/i_wt_dcache_wbuffer/wbuffer_q_reg[6][txblock][4]/Q  -       CP->Q  F     DFCNQD1BWP7T30P140            4  3.2    23    58      58    (-,-) 
  i_cpu/gen_cache_wt.i_cache_subsystem/i_wt_dcache/i_wt_dcache_wbuffer/g75356/Z                        -       A1->Z  F     OR4D1BWP7T30P140              1  1.2    17    49     107    (-,-) 
  i_cpu/gen_cache_wt.i_cache_subsystem/i_wt_dcache/i_wt_dcache_wbuffer/g75341/ZN                       -       A2->ZN R     NR2D1BWP7T30P140              8  6.0    88    60     167    (-,-) 
  i_cpu/gen_cache_wt.i_cache_subsystem/i_wt_dcache/i_wt_dcache_wbuffer/g113370/ZN                      -       A1->ZN F     ND3D0BWP7T30P140              2  1.9    58    48     215    (-,-) 
  i_cpu/gen_cache_wt.i_cache_subsystem/i_wt_dcache/i_wt_dcache_wbuffer/g75268/Z                        -       A4->Z  F     AN4D1BWP7T30P140              1  1.1    13    46     261    (-,-) 
  i_cpu/gen_cache_wt.i_cache_subsystem/i_wt_dcache/i_wt_dcache_wbuffer/g75251/ZN                       -       A2->ZN R     CKND2D0BWP7T30P140            3  2.6    37    28     288    (-,-) 
  i_cpu/gen_cache_wt.i_cache_subsystem/i_wt_dcache/i_wt_dcache_wbuffer/i_dirty_rr/g30437/ZN            -       I0->ZN F     MUX2ND0BWP7T30P140            4  3.5    34    51     340    (-,-) 
  i_cpu/gen_cache_wt.i_cache_subsystem/i_wt_dcache/i_wt_dcache_wbuffer/i_dirty_rr/g30409/ZN            -       B1->ZN R     IND2D1BWP7T30P140             2  2.0    23    25     365    (-,-) 
  i_cpu/gen_cache_wt.i_cache_subsystem/i_wt_dcache/i_wt_dcache_wbuffer/i_dirty_rr/g30399/ZN            -       A1->ZN R     IND2D1BWP7T30P140             2  2.0    20    25     390    (-,-) 
  i_cpu/gen_cache_wt.i_cache_subsystem/i_wt_dcache/i_wt_dcache_wbuffer/i_dirty_rr/g30394/Z             -       A1->Z  R     AO21D1BWP7T30P140            16 12.9    97    73     463    (-,-) 
  i_cpu/gen_cache_wt.i_cache_subsystem/i_wt_dcache/i_wt_dcache_wbuffer/i_dirty_rr/g30393/ZN            -       I->ZN  F     INVD2BWP7T30P140              3  2.8    31    26     489    (-,-) 
  i_cpu/gen_cache_wt.i_cache_subsystem/i_wt_dcache/i_wt_dcache_wbuffer/i_dirty_rr/g30389/Z             -       A1->Z  F     AN3D0BWP7T30P140             13 10.8    91    74     563    (-,-) 
  i_cpu/gen_cache_wt.i_cache_subsystem/i_wt_dcache/i_wt_dcache_wbuffer/i_dirty_rr/g30326/ZN            -       I->ZN  R     INVD2BWP7T30P140              1  1.2    25    27     590    (-,-) 
  i_cpu/gen_cache_wt.i_cache_subsystem/i_wt_dcache/i_wt_dcache_wbuffer/i_dirty_rr/g30325/ZN            -       I->ZN  F     INVD1BWP7T30P140              8  6.8    47    37     627    (-,-) 
  i_cpu/gen_cache_wt.i_cache_subsystem/i_wt_dcache/i_wt_dcache_wbuffer/i_dirty_rr/g30324/Z             -       I->Z   F     BUFFD2BWP7T30P140            10  8.3    28    42     669    (-,-) 
  i_cpu/gen_cache_wt.i_cache_subsystem/i_wt_dcache/i_wt_dcache_wbuffer/i_dirty_rr/g30321/Z             -       I->Z   F     CKBD0BWP7T30P140             15 12.7    99    73     742    (-,-) 
  i_cpu/gen_cache_wt.i_cache_subsystem/i_wt_dcache/i_wt_dcache_wbuffer/i_dirty_rr/g30183/Z             -       A1->Z  F     OR4D2BWP7T30P140              9  7.2    34    93     835    (-,-) 
  i_cpu/gen_cache_wt.i_cache_subsystem/i_wt_dcache/i_wt_dcache_wbuffer/g74708/ZN                       -       I->ZN  R     INVD1BWP7T30P140              4  3.2    32    30     866    (-,-) 
  i_cpu/gen_cache_wt.i_cache_subsystem/i_wt_dcache/i_wt_dcache_wbuffer/g74701/Z                        -       A1->Z  R     OR2D1BWP7T30P140              9  6.7    52    47     913    (-,-) 
  i_cpu/gen_cache_wt.i_cache_subsystem/i_wt_dcache/i_wt_dcache_wbuffer/g74669/ZN                       -       B1->ZN F     OAI22D1BWP7T30P140            1  1.1    28    30     943    (-,-) 
  i_cpu/gen_cache_wt.i_cache_subsystem/i_wt_dcache/i_wt_dcache_wbuffer/g74663/Z                        -       A1->Z  F     OR4D0BWP7T30P140              6  5.3    56    88    1031    (-,-) 
  i_cpu/gen_cache_wt.i_cache_subsystem/i_wt_dcache/i_wt_dcache_wbuffer/i_vld_bdirty/g419/ZN            -       A1->ZN R     NR2D1BWP7T30P140              2  2.0    41    42    1072    (-,-) 
  i_cpu/gen_cache_wt.i_cache_subsystem/i_wt_dcache/i_wt_dcache_wbuffer/i_vld_bdirty/g414/ZN            -       A1->ZN R     INR2D1BWP7T30P140             5  4.1    62    54    1126    (-,-) 
  i_cpu/gen_cache_wt.i_cache_subsystem/i_wt_dcache/i_wt_dcache_wbuffer/g113307/ZN                      -       I->ZN  F     INVD1BWP7T30P140              3  2.6    30    31    1157    (-,-) 
  i_cpu/gen_cache_wt.i_cache_subsystem/i_wt_dcache/i_wt_dcache_wbuffer/g113301/Z                       -       A2->Z  F     CKAN2D1BWP7T30P140           10  8.2    53    54    1211    (-,-) 
  i_cpu/gen_cache_wt.i_cache_subsystem/i_wt_dcache/i_wt_dcache_wbuffer/g113280/Z                       -       I->Z   F     CKBD0BWP7T30P140              9  6.8    55    56    1267    (-,-) 
  i_cpu/gen_cache_wt.i_cache_subsystem/i_wt_dcache/i_wt_dcache_wbuffer/g113279/Z                       -       I->Z   F     BUFFD2BWP7T30P140            10  8.3    28    45    1312    (-,-) 
  i_cpu/gen_cache_wt.i_cache_subsystem/i_wt_dcache/i_wt_dcache_wbuffer/g113278/ZN                      -       I->ZN  R     INVD1BWP7T30P140              1  1.1    16    18    1330    (-,-) 
  i_cpu/gen_cache_wt.i_cache_subsystem/i_wt_dcache/i_wt_dcache_wbuffer/g112055/ZN                      -       A2->ZN F     NR2D1BWP7T30P140              8  6.0    57    30    1360    (-,-) 
  i_cpu/gen_cache_wt.i_cache_subsystem/i_wt_dcache/i_wt_dcache_wbuffer/g111561/ZN                      -       A2->ZN R     AOI221D1BWP7T30P140           1  1.1    55    52    1412    (-,-) 
  i_cpu/gen_cache_wt.i_cache_subsystem/i_wt_dcache/i_wt_dcache_wbuffer/g111129/ZN                      -       C->ZN  F     OAI211D0BWP7T30P140           2  2.0    56    47    1459    (-,-) 
  i_cpu/gen_cache_wt.i_cache_subsystem/i_wt_dcache/i_wt_dcache_wbuffer/g110989/Z                       -       B->Z   F     AO21D1BWP7T30P140             1  1.2    13    46    1505    (-,-) 
  i_cpu/gen_cache_wt.i_cache_subsystem/i_wt_dcache/i_wt_dcache_missunit/g32289/Z                       -       B1->Z  F     AO222D1BWP7T30P140            2  1.8    22    57    1562    (-,-) 
  i_cpu/gen_cache_wt.i_cache_subsystem/i_adapter/i_dcache_data_fifo/g17083/Z                           -       I0->Z  F     MUX2D1BWP7T30P140             1  1.1    16    31    1593    (-,-) 
  i_cpu/gen_cache_wt.i_cache_subsystem/i_adapter/i_dcache_data_fifo/mem_q_reg[1][data][26]/D           -       -      F     SDFCNQOPPSAD1BWP7T30P140      1    -     -     0    1593    (-,-) 
#---------------------------------------------------------------------------------------------------------------------------------------------------------------------------------------------


