Power Unit: uW
PDB Frame : /stim#0/frame#0
----------------------------------------------------------------------------------------------------------------
 Cells Pct_cells     Leakage    Internal   Switching       Total Lvl Instance                                   
----------------------------------------------------------------------------------------------------------------
151634   100.00% 4.72216e+03 2.92014e+04 9.62805e+03 4.35516e+04   0 /soc                                       
 97838    64.52% 2.74894e+03 1.38085e+04 4.22726e+03 2.07847e+04   1 /soc/i_cpu                                 
 15348    10.12% 6.41015e+02 6.70373e+03 1.24944e+03 8.59419e+03   2 /soc/i_cpu/gen_cache_wt.i_cache_subsystem  
 30659    20.22% 7.42405e+02 1.82711e+03 1.24004e+03 3.80955e+03   2 /soc/i_cpu/issue_stage_i                   
 13587     8.96% 3.89350e+02 2.08398e+03 7.17444e+02 3.19077e+03   2 /soc/i_cpu/i_frontend                      
 27819    18.35% 7.24872e+02 1.50181e+03 4.38188e+02 2.66486e+03   2 /soc/i_cpu/ex_stage_i                      
  1613     1.06% 4.11320e+01 6.99785e+02 3.43291e+02 1.08421e+03   2 /soc/i_cpu/id_stage_i                      
  2784     1.84% 6.74252e+01 6.89312e+02 1.29412e+02 8.86150e+02   2 /soc/i_cpu/gen_perf_counter.perf_counters_i
  5328     3.51% 1.30863e+02 2.80215e+02 5.99956e+01 4.71073e+02   2 /soc/i_cpu/csr_regfile_i                   
   465     0.31% 7.74994e+00 1.34427e+01 1.66520e+01 3.78446e+01   2 /soc/i_cpu/commit_stage_i                  
     7     0.00% 4.29498e-01 1.98604e+00 2.78402e+00 5.19956e+00   2 /soc/i_cpu/controller_i                    
 31584    20.83% 1.14211e+03 6.81908e+03 2.28382e+03 1.02450e+04   1 /soc/i_axi_xbar                            
 31584    20.83% 1.14211e+03 6.81908e+03 2.28382e+03 1.02450e+04   2 /soc/i_axi_xbar/i_xbar                     
 12469     8.22% 4.46690e+02 5.37773e+03 1.87768e+03 7.70210e+03   1 /soc/i_peripheral                          
  4624     3.05% 1.92747e+02 2.60335e+03 9.21426e+02 3.71753e+03   2 /soc/i_peripheral/i_axi2apb_64_32_timer    
  4610     3.04% 1.84555e+02 2.45506e+03 8.45839e+02 3.48546e+03   2 /soc/i_peripheral/i_axi2apb_64_32_plic     
  1063     0.70% 3.48041e+01 2.37287e+02 8.27760e+01 3.54867e+02   2 /soc/i_peripheral/i_timer                  
  2171     1.43% 3.45696e+01 8.18776e+01 2.73746e+01 1.43822e+02   2 /soc/i_peripheral/i_plic                   
     1     0.00% 1.51695e-02 1.44789e-01 2.62856e-01 4.22815e-01   2 /soc/i_peripheral/i_apb_to_reg             
  3174     2.09% 7.78333e+01 6.26441e+02 1.43114e+02 8.47388e+02   1 /soc/i_dm_top                              
  2116     1.40% 5.48059e+01 5.73021e+02 1.09867e+02 7.37694e+02   2 /soc/i_dm_top/i_dm_csrs                    
   739     0.49% 1.62474e+01 4.33055e+01 2.68021e+01 8.63550e+01   2 /soc/i_dm_top/i_dm_mem                     
   319     0.21% 6.77997e+00 1.01143e+01 6.44465e+00 2.33389e+01   2 /soc/i_dm_top/i_dm_sba                     
     4     0.00% 2.19404e-01 5.91144e+00 5.63879e+02 5.70010e+02   1 /soc/i_rstgen_main                         
     4     0.00% 2.19404e-01 5.91144e+00 5.63879e+02 5.70010e+02   2 /soc/i_rstgen_main/i_rstgen_bypass         
  1603     1.06% 4.53289e+01 2.85381e+02 1.48421e+02 4.79130e+02   1 /soc/i_axi2mem                             
  1629     1.07% 4.40261e+01 2.79749e+02 1.46474e+02 4.70250e+02   1 /soc/i_dm_axi2mem                          
  1545     1.02% 4.36530e+01 2.87459e+02 1.35173e+02 4.66286e+02   1 /soc/i_axi2rom                             
   702     0.46% 2.29702e+01 1.85952e+02 3.41341e+01 2.43056e+02   1 /soc/i_clint                               
   168     0.11% 7.50355e+00 7.02513e+01 2.00130e+01 9.77678e+01   2 /soc/i_clint/axi_lite_interface_i          
     5     0.00% 1.85655e-01 4.80752e+00 1.45920e-01 5.13910e+00   2 /soc/i_clint/i_sync_edge                   
   650     0.43% 2.35476e+01 6.89401e+01 1.14082e+01 1.03896e+02   1 /soc/i_dmi_jtag                            
   188     0.12% 9.60671e+00 6.68970e+01 7.30223e+00 8.38059e+01   2 /soc/i_dmi_jtag/i_dmi_cdc                  
   238     0.16% 7.13803e+00 1.54831e+00 3.94106e+00 1.26274e+01   2 /soc/i_dmi_jtag/i_dmi_jtag_tap             
   266     0.18% 7.48862e+00 5.30507e+01 1.72160e+01 7.77553e+01   1 /soc/i_dm_axi_master                       
    29     0.02% 6.57350e-01 5.38774e+00 3.38340e+00 9.42849e+00   1 /soc/i_bootrom                             
----------------------------------------------------------------------------------------------------------------
