Power Unit: uW
PDB Frame : /stim#0/frame#0
----------------------------------------------------------------------------------------------------------------
 Cells Pct_cells     Leakage    Internal   Switching       Total Lvl Instance                                   
----------------------------------------------------------------------------------------------------------------
151634   100.00% 4.78209e+02 2.90353e+04 9.54427e+03 3.90578e+04   0 /soc                                       
 97838    64.52% 2.76097e+02 1.37148e+04 4.18447e+03 1.81754e+04   1 /soc/i_cpu                                 
 15348    10.12% 6.39182e+01 6.55978e+03 1.23849e+03 7.86219e+03   2 /soc/i_cpu/gen_cache_wt.i_cache_subsystem  
 30659    20.22% 7.40019e+01 1.84288e+03 1.22482e+03 3.14170e+03   2 /soc/i_cpu/issue_stage_i                   
 13587     8.96% 3.91641e+01 2.09251e+03 7.12569e+02 2.84425e+03   2 /soc/i_cpu/i_frontend                      
 27819    18.35% 7.41616e+01 1.52004e+03 4.31008e+02 2.02521e+03   2 /soc/i_cpu/ex_stage_i                      
  1613     1.06% 4.08459e+00 7.01921e+02 3.40270e+02 1.04628e+03   2 /soc/i_cpu/id_stage_i                      
  2784     1.84% 6.80164e+00 6.90782e+02 1.28809e+02 8.26393e+02   2 /soc/i_cpu/gen_perf_counter.perf_counters_i
  5328     3.51% 1.28212e+01 2.84434e+02 5.96849e+01 3.56940e+02   2 /soc/i_cpu/csr_regfile_i                   
   465     0.31% 7.39932e-01 1.34330e+01 1.65624e+01 3.07353e+01   2 /soc/i_cpu/commit_stage_i                  
     7     0.00% 4.31868e-02 1.93955e+00 2.72943e+00 4.71217e+00   2 /soc/i_cpu/controller_i                    
 31584    20.83% 1.16502e+02 6.81828e+03 2.26119e+03 9.19597e+03   1 /soc/i_axi_xbar                            
 31584    20.83% 1.16502e+02 6.81828e+03 2.26119e+03 9.19597e+03   2 /soc/i_axi_xbar/i_xbar                     
 12469     8.22% 4.62825e+01 5.35340e+03 1.86498e+03 7.26467e+03   1 /soc/i_peripheral                          
  4624     3.05% 2.00563e+01 2.58837e+03 9.15284e+02 3.52371e+03   2 /soc/i_peripheral/i_axi2apb_64_32_timer    
  4610     3.04% 1.91972e+01 2.44487e+03 8.40783e+02 3.30485e+03   2 /soc/i_peripheral/i_axi2apb_64_32_plic     
  1063     0.70% 3.50658e+00 2.36993e+02 8.19272e+01 3.22427e+02   2 /soc/i_peripheral/i_timer                  
  2171     1.43% 3.52088e+00 8.30234e+01 2.67250e+01 1.13269e+02   2 /soc/i_peripheral/i_plic                   
     1     0.00% 1.49177e-03 1.42595e-01 2.62856e-01 4.06943e-01   2 /soc/i_peripheral/i_apb_to_reg             
  3174     2.09% 7.83049e+00 6.35256e+02 1.42219e+02 7.85306e+02   1 /soc/i_dm_top                              
  2116     1.40% 5.48789e+00 5.82429e+02 1.09250e+02 6.97166e+02   2 /soc/i_dm_top/i_dm_csrs                    
   739     0.49% 1.64362e+00 4.29423e+01 2.65615e+01 7.11474e+01   2 /soc/i_dm_top/i_dm_mem                     
   319     0.21% 6.98987e-01 9.88476e+00 6.40813e+00 1.69919e+01   2 /soc/i_dm_top/i_dm_sba                     
     4     0.00% 2.22754e-02 5.98984e+00 5.63869e+02 5.69882e+02   1 /soc/i_rstgen_main                         
     4     0.00% 2.22754e-02 5.98984e+00 5.63869e+02 5.69882e+02   2 /soc/i_rstgen_main/i_rstgen_bypass         
  1603     1.06% 4.59984e+00 2.80942e+02 1.47050e+02 4.32592e+02   1 /soc/i_axi2mem                             
  1629     1.07% 4.48697e+00 2.75627e+02 1.45072e+02 4.25186e+02   1 /soc/i_dm_axi2mem                          
  1545     1.02% 4.44437e+00 2.83998e+02 1.33804e+02 4.22247e+02   1 /soc/i_axi2rom                             
   702     0.46% 2.36712e+00 1.85971e+02 3.37944e+01 2.22133e+02   1 /soc/i_clint                               
   168     0.11% 7.88381e-01 6.97143e+01 1.97369e+01 9.02396e+01   2 /soc/i_clint/axi_lite_interface_i          
     5     0.00% 1.89041e-02 4.82366e+00 1.44000e-01 4.98656e+00   2 /soc/i_clint/i_sync_edge                   
   650     0.43% 2.37623e+00 6.96687e+01 1.13871e+01 8.34320e+01   1 /soc/i_dmi_jtag                            
   188     0.12% 9.69150e-01 6.76213e+01 7.29161e+00 7.58821e+01   2 /soc/i_dmi_jtag/i_dmi_cdc                  
   238     0.16% 7.20939e-01 1.54269e+00 3.93569e+00 6.19932e+00   2 /soc/i_dmi_jtag/i_dmi_jtag_tap             
   266     0.18% 7.54522e-01 5.27743e+01 1.70496e+01 7.05784e+01   1 /soc/i_dm_axi_master                       
    29     0.02% 6.63224e-02 5.36507e+00 3.36953e+00 8.80092e+00   1 /soc/i_bootrom                             
----------------------------------------------------------------------------------------------------------------
