============================================================
  Generated by:           Genus(TM) Synthesis Solution 19.12-s121_1
  Generated on:           Dec 07 2024  12:27:08 am
  Module:                 soc
  Library domain:         timing_tt_0p80v_25c
    Domain index:         0
    Technology libraries: tcbn22ullbwp7t30p140tt0p8v25c 110
                          sram128x128_tt_typical_0p80v_0p80v_25c 1.1
                          sram128x46_tt_typical_0p80v_0p80v_25c 1.1
                          sram1024x64_tt_typical_0p80v_0p80v_25c 1.1
  Library domain:         timing_tt_0p80v_85c
    Domain index:         1
    Technology libraries: tcbn22ullbwp7t30p140tt0p8v85c 110
                          sram128x128_tt_typical_0p80v_0p80v_85c 1.1
                          sram128x46_tt_typical_0p80v_0p80v_85c 1.1
                          sram1024x64_tt_typical_0p80v_0p80v_85c 1.1
  Operating conditions:   tt0p8v25c 
  Operating conditions:   tt0p8v85c 
  Interconnect mode:      global
  Area mode:              physical library
============================================================

-------------------------------------------------------------------------------
Sequential clock pins without clock waveform

The following sequential clock pins have no clock waveform driving them in mode 
'func_tt_0p80v_25c'.  No timing constraints will be derived for paths leading   
to or from these pins.                                                          

pin:soc/i_peripheral/i_plic/i_plic_regs/ip_re_o_reg[0]/ena
-------------------------------------------------------------------------------

-------------------------------------------------------------------------------
Timing exceptions with no effect

The following timing exceptions are not currently affecting timing in the       
design in mode 'func_tt_0p80v_25c'.  Either no paths in the design satisfy the  
exception's path specification, or all paths that satisfy the path              
specification also satisfy an exception with a higher priority.  You can        
improve runtime and memory usage by removing these exceptions if they are not   
truly needed.  To see if there is a path in the design that satisfies the path  
specification for an exception, or to see what other exception is overriding an 
exception because of priority, use the command:                                 
  report timing -paths [eval [::legacy::get_attribute paths <exception>]]

exception:soc/func_tt_0p80v_25c/constraints_soc.sdc_line_43
-------------------------------------------------------------------------------

-------------------------------------------------------------------------------
Inputs without external driver/transition

The following primary inputs have no external driver or input transition set.   
As a result the transition on the ports will be assumed as zero. The            
'external_driver' attribute is used to add and external driver or the           
'fixed_slew' attribute to add an external transition.                           

port:soc/rst_n
port:soc/tdi
port:soc/tms
-------------------------------------------------------------------------------


Lint summary
 Unconnected/logic driven clocks                                  0
 Sequential data pins driven by a clock signal                    0
 Sequential clock pins without clock waveform                     1
 Sequential clock pins with multiple clock waveforms              0
 Generated clocks without clock waveform                          0
 Generated clocks with incompatible options                       0
 Generated clocks with multi-master clock                         0
 Paths constrained with different clocks                          0
 Loop-breaking cells for combinational feedback                   0
 Nets with multiple drivers                                       0
 Timing exceptions with no effect                                 1
 Suspicious multi_cycle exceptions                                0
 Timing exceptions with no effect                                 0
 Suspicious multi_cycle exceptions                                0
 Pins/ports with conflicting case constants                       0
 Pins/ports with conflicting case constants                       0
 Inputs without clocked external delays                           0
 Outputs without clocked external delays                          0
 Inputs without external driver/transition                        3
 Outputs without external load                                    0
 Exceptions with invalid timing start-/endpoints                  0

                                                  Total:          5

