============================================================
  Generated by:           Genus(TM) Synthesis Solution 19.12-s121_1
  Generated on:           Dec 07 2024  01:27:30 am
  Module:                 soc
  Library domain:         timing_tt_0p80v_25c
    Domain index:         0
    Technology libraries: tcbn22ullbwp7t30p140tt0p8v25c 110
                          sram128x128_tt_typical_0p80v_0p80v_25c 1.1
                          sram128x46_tt_typical_0p80v_0p80v_25c 1.1
                          sram1024x64_tt_typical_0p80v_0p80v_25c 1.1
  Library domain:         timing_tt_0p80v_85c
    Domain index:         1
    Technology libraries: tcbn22ullbwp7t30p140tt0p8v85c 110
                          sram128x128_tt_typical_0p80v_0p80v_85c 1.1
                          sram128x46_tt_typical_0p80v_0p80v_85c 1.1
                          sram1024x64_tt_typical_0p80v_0p80v_85c 1.1
  Operating conditions:   tt0p8v25c 
  Operating conditions:   tt0p8v85c 
  Interconnect mode:      global
  Area mode:              physical library
============================================================


 Clock Description
 ----------------- 

                   Clock                               Clock               No of   
       Mode        Name     Period   Rise    Fall      Domain  Pin/Port  Registers 
-----------------------------------------------------------------------------------
func_tt_0p80v_25c  clk       2000.0   0.0    1000.0   domain_1   clk       37909   
func_tt_0p80v_25c  tclk    100000.0   0.0   50000.0   domain_1   tck        247    
func_tt_0p80v_25c  vclk      2000.0   0.0    1000.0   domain_1               0     
func_tt_0p80v_85c  clk       2000.0   0.0    1000.0   domain_1   clk       37909   
func_tt_0p80v_85c  tclk    100000.0   0.0   50000.0   domain_1   tck        247    
func_tt_0p80v_85c  vclk      2000.0   0.0    1000.0   domain_1               0     

 Clock Network Latency / Setup Uncertainty
 ----------------------------------------- 

                          Network   Network   Source   Source     Setup        Setup    
                  Clock   Latency   Latency  Latency  Latency  Uncertainty  Uncertainty 
       Mode        Name    Rise      Fall      Rise     Fall       Rise         Fall    
----------------------------------------------------------------------------------------
func_tt_0p80v_25c clk         0.0       0.0      0.0      0.0        260.0        260.0 
func_tt_0p80v_25c tclk        0.0       0.0      0.0      0.0        260.0        260.0 
func_tt_0p80v_25c vclk        0.0       0.0      0.0      0.0        210.0        210.0 
func_tt_0p80v_85c clk         0.0       0.0      0.0      0.0        260.0        260.0 
func_tt_0p80v_85c tclk        0.0       0.0      0.0      0.0        260.0        260.0 
func_tt_0p80v_85c vclk        0.0       0.0      0.0      0.0        210.0        210.0 

 Clock Relationship (with uncertainty & latency)
 ----------------------------------------------- 

         Mode         From    To      R->R      R->F      F->R      F->F  
--------------------------------------------------------------------------
  func_tt_0p80v_25c   clk    clk     1740.0     740.0     740.0    1740.0 
  func_tt_0p80v_25c   clk    tclk    1740.0    1740.0     740.0     740.0 
  func_tt_0p80v_25c   clk    vclk    1790.0     790.0     790.0    1790.0 
  func_tt_0p80v_25c   tclk   clk     1740.0     740.0    1740.0     740.0 
  func_tt_0p80v_25c   tclk   tclk   99740.0   49740.0   49740.0   99740.0 
  func_tt_0p80v_25c   tclk   vclk    1790.0     790.0    1790.0     790.0 
  func_tt_0p80v_25c   vclk   clk     1740.0     740.0     740.0    1740.0 
  func_tt_0p80v_25c   vclk   tclk    1740.0    1740.0     740.0     740.0 
  func_tt_0p80v_25c   vclk   vclk    1790.0     790.0     790.0    1790.0 
  func_tt_0p80v_85c   clk    clk     1740.0     740.0     740.0    1740.0 
  func_tt_0p80v_85c   clk    tclk    1740.0    1740.0     740.0     740.0 
  func_tt_0p80v_85c   clk    vclk    1790.0     790.0     790.0    1790.0 
  func_tt_0p80v_85c   tclk   clk     1740.0     740.0    1740.0     740.0 
  func_tt_0p80v_85c   tclk   tclk   99740.0   49740.0   49740.0   99740.0 
  func_tt_0p80v_85c   tclk   vclk    1790.0     790.0    1790.0     790.0 
  func_tt_0p80v_85c   vclk   clk     1740.0     740.0     740.0    1740.0 
  func_tt_0p80v_85c   vclk   tclk    1740.0    1740.0     740.0     740.0 
  func_tt_0p80v_85c   vclk   vclk    1790.0     790.0     790.0    1790.0 
