============================================================
  Generated by:           Genus(TM) Synthesis Solution 19.12-s121_1
  Generated on:           Dec 07 2024  01:28:16 am
  Module:                 soc
  Library domain:         timing_tt_0p80v_25c
    Domain index:         0
    Technology libraries: tcbn22ullbwp7t30p140tt0p8v25c 110
                          sram128x128_tt_typical_0p80v_0p80v_25c 1.1
                          sram128x46_tt_typical_0p80v_0p80v_25c 1.1
                          sram1024x64_tt_typical_0p80v_0p80v_25c 1.1
  Library domain:         timing_tt_0p80v_85c
    Domain index:         1
    Technology libraries: tcbn22ullbwp7t30p140tt0p8v85c 110
                          sram128x128_tt_typical_0p80v_0p80v_85c 1.1
                          sram128x46_tt_typical_0p80v_0p80v_85c 1.1
                          sram1024x64_tt_typical_0p80v_0p80v_85c 1.1
  Operating conditions:   tt0p8v25c 
  Operating conditions:   tt0p8v85c 
  Interconnect mode:      global
  Area mode:              physical library
============================================================

                           Instance                                  Domain         Total Area  Cell Count  Cell Area      Cost     Yield 
------------------------------------------------------------------------------------------------------------------------------------------
soc                                                            timing_tt_0p80v_25c  279179.630      151634 226339.594 0.000000e+00 1.0000 
  i_cpu                                                        timing_tt_0p80v_25c  177087.714       97838 141519.284 0.000000e+00 1.0000 
    gen_cache_wt.i_cache_subsystem                             timing_tt_0p80v_25c   71794.158       15348  66257.538 0.000000e+00 1.0000 
      i_wt_dcache                                              timing_tt_0p80v_25c   39404.523       11483  35288.934 0.000000e+00 1.0000 
        i_wt_dcache_mem                                        timing_tt_0p80v_25c   29022.215        2701  28103.672 0.000000e+00 1.0000 
          i_rr_arb_tree                                        timing_tt_0p80v_25c      15.614          20     11.466 0.000000e+00 1.0000 
            gen_arbiter.gen_int_rr.gen_fair_arb.i_lzc_upper    timing_tt_0p80v_25c       0.490           2      0.490 0.000000e+00 1.0000 
            gen_arbiter.gen_int_rr.gen_fair_arb.i_lzc_lower    timing_tt_0p80v_25c       0.490           2      0.490 0.000000e+00 1.0000 
          i_lzc_wbuffer_hit                                    timing_tt_0p80v_25c       6.737          13      4.606 0.000000e+00 1.0000 
          i_lzc_rd_hit                                         timing_tt_0p80v_25c       0.490           2      0.490 0.000000e+00 1.0000 
        i_wt_dcache_wbuffer                                    timing_tt_0p80v_25c    7698.695        7146   5929.392 0.000000e+00 1.0000 
          i_clean_rr                                           timing_tt_0p80v_25c     891.926         948    608.580 0.000000e+00 1.0000 
            gen_arbiter.gen_int_rr.gen_fair_arb.i_lzc_lower    timing_tt_0p80v_25c       6.737          13      4.606 0.000000e+00 1.0000 
            gen_arbiter.gen_int_rr.gen_fair_arb.i_lzc_upper    timing_tt_0p80v_25c       6.036          11      4.312 0.000000e+00 1.0000 
          i_dirty_rr                                           timing_tt_0p80v_25c     877.878         849    610.638 0.000000e+00 1.0000 
            gen_arbiter.gen_int_rr.gen_fair_arb.i_lzc_lower    timing_tt_0p80v_25c       6.737          13      4.606 0.000000e+00 1.0000 
            gen_arbiter.gen_int_rr.gen_fair_arb.i_lzc_upper    timing_tt_0p80v_25c       6.036          11      4.312 0.000000e+00 1.0000 
          i_rtrn_id_fifo                                       timing_tt_0p80v_25c      67.926          48     53.998 0.000000e+00 1.0000 
          i_tx_id_rr                                           timing_tt_0p80v_25c      45.720          46     33.516 0.000000e+00 1.0000 
            gen_arbiter.gen_int_rr.gen_fair_arb.i_lzc_lower    timing_tt_0p80v_25c       1.666           3      1.666 0.000000e+00 1.0000 
            gen_arbiter.gen_int_rr.gen_fair_arb.i_lzc_upper    timing_tt_0p80v_25c       0.882           3      0.882 0.000000e+00 1.0000 
          i_vld_bdirty                                         timing_tt_0p80v_25c       7.423          13      5.292 0.000000e+00 1.0000 
          i_hit_lzc                                            timing_tt_0p80v_25c       6.737          13      4.606 0.000000e+00 1.0000 
          i_vld_lzc                                            timing_tt_0p80v_25c       6.639          13      4.508 0.000000e+00 1.0000 
        i_wt_dcache_missunit                                   timing_tt_0p80v_25c    1412.858        1391   1050.168 0.000000e+00 1.0000 
          i_exp_backoff                                        timing_tt_0p80v_25c     182.116         148    137.690 0.000000e+00 1.0000 
          i_lfsr_inv                                           timing_tt_0p80v_25c      21.823          10     19.796 0.000000e+00 1.0000 
          i_lzc_reqs                                           timing_tt_0p80v_25c       0.490           2      0.490 0.000000e+00 1.0000 
          i_lzc_inv                                            timing_tt_0p80v_25c       0.490           2      0.490 0.000000e+00 1.0000 
        gen_rd_ports[1].genblk1.i_wt_dcache_ctrl               timing_tt_0p80v_25c     244.836         245    205.702 0.000000e+00 1.0000 
      i_cva6_icache                                            timing_tt_0p80v_25c   27579.569         913  27269.104 0.000000e+00 1.0000 
        i_lfsr                                                 timing_tt_0p80v_25c      21.823          10     19.796 0.000000e+00 1.0000 
        i_lzc_hit                                              timing_tt_0p80v_25c       0.490           2      0.490 0.000000e+00 1.0000 
        i_lzc                                                  timing_tt_0p80v_25c       0.490           2      0.490 0.000000e+00 1.0000 
      i_adapter                                                timing_tt_0p80v_25c    4501.090        2952   3699.500 0.000000e+00 1.0000 
        i_dcache_data_fifo                                     timing_tt_0p80v_25c    1854.891        1157   1482.740 0.000000e+00 1.0000 
        i_icache_data_fifo                                     timing_tt_0p80v_25c     613.184         439    464.422 0.000000e+00 1.0000 
        i_b_fifo                                               timing_tt_0p80v_25c     115.727          77     90.552 0.000000e+00 1.0000 
        i_rd_icache_id                                         timing_tt_0p80v_25c      66.544          48     52.528 0.000000e+00 1.0000 
        i_rd_dcache_id                                         timing_tt_0p80v_25c      66.544          48     52.528 0.000000e+00 1.0000 
        i_wr_dcache_id                                         timing_tt_0p80v_25c      66.537          48     53.116 0.000000e+00 1.0000 
        i_rr_arb_tree                                          timing_tt_0p80v_25c      21.024          22     16.072 0.000000e+00 1.0000 
          gen_arbiter.gen_int_rr.gen_fair_arb.i_lzc_lower      timing_tt_0p80v_25c       0.490           2      0.490 0.000000e+00 1.0000 
          gen_arbiter.gen_int_rr.gen_fair_arb.i_lzc_upper      timing_tt_0p80v_25c       0.196           1      0.196 0.000000e+00 1.0000 
        i_axi_shim                                             timing_tt_0p80v_25c      12.746          18      9.408 0.000000e+00 1.0000 
    issue_stage_i                                              timing_tt_0p80v_25c   39698.773       30659  29059.940 0.000000e+00 1.0000 
      i_scoreboard                                             timing_tt_0p80v_25c   28482.327       23485  20587.938 0.000000e+00 1.0000 
        i_sel_rs1                                              timing_tt_0p80v_25c     614.091         726    408.464 0.000000e+00 1.0000 
        i_sel_rs3                                              timing_tt_0p80v_25c     560.520         566    387.492 0.000000e+00 1.0000 
        i_sel_rs2                                              timing_tt_0p80v_25c     550.697         602    370.930 0.000000e+00 1.0000 
        gen_sel_clobbers[31].i_sel_gpr_clobbers                timing_tt_0p80v_25c      30.962          39     20.874 0.000000e+00 1.0000 
        gen_sel_clobbers[30].i_sel_gpr_clobbers                timing_tt_0p80v_25c      30.962          39     20.874 0.000000e+00 1.0000 
        gen_sel_clobbers[29].i_sel_gpr_clobbers                timing_tt_0p80v_25c      30.962          39     20.874 0.000000e+00 1.0000 
        gen_sel_clobbers[28].i_sel_gpr_clobbers                timing_tt_0p80v_25c      30.962          39     20.874 0.000000e+00 1.0000 
        gen_sel_clobbers[27].i_sel_gpr_clobbers                timing_tt_0p80v_25c      30.962          39     20.874 0.000000e+00 1.0000 
        gen_sel_clobbers[26].i_sel_gpr_clobbers                timing_tt_0p80v_25c      30.962          39     20.874 0.000000e+00 1.0000 
        gen_sel_clobbers[25].i_sel_gpr_clobbers                timing_tt_0p80v_25c      30.962          39     20.874 0.000000e+00 1.0000 
        gen_sel_clobbers[24].i_sel_gpr_clobbers                timing_tt_0p80v_25c      30.962          39     20.874 0.000000e+00 1.0000 
        gen_sel_clobbers[23].i_sel_gpr_clobbers                timing_tt_0p80v_25c      30.962          39     20.874 0.000000e+00 1.0000 
        gen_sel_clobbers[22].i_sel_gpr_clobbers                timing_tt_0p80v_25c      30.962          39     20.874 0.000000e+00 1.0000 
        gen_sel_clobbers[21].i_sel_gpr_clobbers                timing_tt_0p80v_25c      30.962          39     20.874 0.000000e+00 1.0000 
        gen_sel_clobbers[20].i_sel_gpr_clobbers                timing_tt_0p80v_25c      30.962          39     20.874 0.000000e+00 1.0000 
        gen_sel_clobbers[19].i_sel_gpr_clobbers                timing_tt_0p80v_25c      30.962          39     20.874 0.000000e+00 1.0000 
        gen_sel_clobbers[18].i_sel_gpr_clobbers                timing_tt_0p80v_25c      30.962          39     20.874 0.000000e+00 1.0000 
        gen_sel_clobbers[16].i_sel_gpr_clobbers                timing_tt_0p80v_25c      30.962          39     20.874 0.000000e+00 1.0000 
        gen_sel_clobbers[15].i_sel_gpr_clobbers                timing_tt_0p80v_25c      30.962          39     20.874 0.000000e+00 1.0000 
        gen_sel_clobbers[13].i_sel_gpr_clobbers                timing_tt_0p80v_25c      30.962          39     20.874 0.000000e+00 1.0000 
        gen_sel_clobbers[12].i_sel_gpr_clobbers                timing_tt_0p80v_25c      30.962          39     20.874 0.000000e+00 1.0000 
        gen_sel_clobbers[9].i_sel_gpr_clobbers                 timing_tt_0p80v_25c      30.962          39     20.874 0.000000e+00 1.0000 
        gen_sel_clobbers[8].i_sel_gpr_clobbers                 timing_tt_0p80v_25c      30.962          39     20.874 0.000000e+00 1.0000 
        gen_sel_clobbers[7].i_sel_gpr_clobbers                 timing_tt_0p80v_25c      30.962          39     20.874 0.000000e+00 1.0000 
        gen_sel_clobbers[6].i_sel_gpr_clobbers                 timing_tt_0p80v_25c      30.962          39     20.874 0.000000e+00 1.0000 
        gen_sel_clobbers[5].i_sel_gpr_clobbers                 timing_tt_0p80v_25c      30.962          39     20.874 0.000000e+00 1.0000 
        gen_sel_clobbers[4].i_sel_gpr_clobbers                 timing_tt_0p80v_25c      30.962          39     20.874 0.000000e+00 1.0000 
        gen_sel_clobbers[3].i_sel_gpr_clobbers                 timing_tt_0p80v_25c      30.962          39     20.874 0.000000e+00 1.0000 
        gen_sel_clobbers[2].i_sel_gpr_clobbers                 timing_tt_0p80v_25c      30.962          39     20.874 0.000000e+00 1.0000 
        gen_sel_clobbers[1].i_sel_gpr_clobbers                 timing_tt_0p80v_25c      30.962          39     20.874 0.000000e+00 1.0000 
        gen_sel_clobbers[17].i_sel_gpr_clobbers                timing_tt_0p80v_25c      30.668          39     20.580 0.000000e+00 1.0000 
        gen_sel_clobbers[14].i_sel_gpr_clobbers                timing_tt_0p80v_25c      30.668          39     20.580 0.000000e+00 1.0000 
        gen_sel_clobbers[11].i_sel_gpr_clobbers                timing_tt_0p80v_25c      30.668          39     20.580 0.000000e+00 1.0000 
        gen_sel_clobbers[10].i_sel_gpr_clobbers                timing_tt_0p80v_25c      30.668          39     20.580 0.000000e+00 1.0000 
      i_issue_read_operands                                    timing_tt_0p80v_25c   11134.495        7173   8471.610 0.000000e+00 1.0000 
        gen_asic_regfile.i_ariane_regfile                      timing_tt_0p80v_25c    9810.327        6121   7394.100 0.000000e+00 1.0000 
    ex_stage_i                                                 timing_tt_0p80v_25c   32552.815       27819  22782.060 0.000000e+00 1.0000 
      i_mult                                                   timing_tt_0p80v_25c   18406.578       15632  12781.258 0.000000e+00 1.0000 
        i_multiplier                                           timing_tt_0p80v_25c   15596.401       12907  10920.336 0.000000e+00 1.0000 
        i_div                                                  timing_tt_0p80v_25c    2493.737        2436   1685.110 0.000000e+00 1.0000 
          i_lzc_b                                              timing_tt_0p80v_25c      79.178         118     47.530 0.000000e+00 1.0000 
          i_lzc_a                                              timing_tt_0p80v_25c      78.453         113     47.824 0.000000e+00 1.0000 
      lsu_i                                                    timing_tt_0p80v_25c    7510.710        5354   5971.238 0.000000e+00 1.0000 
        i_store_unit                                           timing_tt_0p80v_25c    4671.373        3091   3745.266 0.000000e+00 1.0000 
          store_buffer_i                                       timing_tt_0p80v_25c    3575.583        2303   2897.664 0.000000e+00 1.0000 
          genblk1.i_amo_buffer                                 timing_tt_0p80v_25c     507.774         308    446.390 0.000000e+00 1.0000 
            i_amo_fifo                                         timing_tt_0p80v_25c     506.186         306    445.508 0.000000e+00 1.0000 
        lsu_bypass_i                                           timing_tt_0p80v_25c    1269.869         948    997.640 0.000000e+00 1.0000 
        i_pipe_reg_load                                        timing_tt_0p80v_25c     366.814         197    366.814 0.000000e+00 1.0000 
        i_load_unit                                            timing_tt_0p80v_25c     350.808         363    245.098 0.000000e+00 1.0000 
          ldbuf_free_index_multi_gen.lzc_windex_i              timing_tt_0p80v_25c       0.490           2      0.490 0.000000e+00 1.0000 
      alu_i                                                    timing_tt_0p80v_25c    4746.059        5001   2854.642 0.000000e+00 1.0000 
        gen_bitmanip.i_cpop_count                              timing_tt_0p80v_25c     239.454         120    191.982 0.000000e+00 1.0000 
          non_leaf_node.right_child                            timing_tt_0p80v_25c     112.458          57     90.454 0.000000e+00 1.0000 
            non_leaf_node.right_child                          timing_tt_0p80v_25c      50.246          26     40.670 0.000000e+00 1.0000 
              non_leaf_node.right_child                        timing_tt_0p80v_25c      20.425          11     16.758 0.000000e+00 1.0000 
                non_leaf_node.right_child                      timing_tt_0p80v_25c       6.801           4      5.782 0.000000e+00 1.0000 
                  non_leaf_node.right_child                    timing_tt_0p80v_25c       1.274           1      1.274 0.000000e+00 1.0000 
                  non_leaf_node.left_child                     timing_tt_0p80v_25c       1.274           1      1.274 0.000000e+00 1.0000 
                non_leaf_node.left_child                       timing_tt_0p80v_25c       6.801           4      5.782 0.000000e+00 1.0000 
                  non_leaf_node.right_child                    timing_tt_0p80v_25c       1.274           1      1.274 0.000000e+00 1.0000 
                  non_leaf_node.left_child                     timing_tt_0p80v_25c       1.274           1      1.274 0.000000e+00 1.0000 
              non_leaf_node.left_child                         timing_tt_0p80v_25c      20.425          11     16.758 0.000000e+00 1.0000 
                non_leaf_node.right_child                      timing_tt_0p80v_25c       6.801           4      5.782 0.000000e+00 1.0000 
                  non_leaf_node.right_child                    timing_tt_0p80v_25c       1.274           1      1.274 0.000000e+00 1.0000 
                  non_leaf_node.left_child                     timing_tt_0p80v_25c       1.274           1      1.274 0.000000e+00 1.0000 
                non_leaf_node.left_child                       timing_tt_0p80v_25c       6.801           4      5.782 0.000000e+00 1.0000 
                  non_leaf_node.right_child                    timing_tt_0p80v_25c       1.274           1      1.274 0.000000e+00 1.0000 
                  non_leaf_node.left_child                     timing_tt_0p80v_25c       1.274           1      1.274 0.000000e+00 1.0000 
            non_leaf_node.left_child                           timing_tt_0p80v_25c      50.246          26     40.670 0.000000e+00 1.0000 
              non_leaf_node.right_child                        timing_tt_0p80v_25c      20.425          11     16.758 0.000000e+00 1.0000 
                non_leaf_node.right_child                      timing_tt_0p80v_25c       6.801           4      5.782 0.000000e+00 1.0000 
                  non_leaf_node.right_child                    timing_tt_0p80v_25c       1.274           1      1.274 0.000000e+00 1.0000 
                  non_leaf_node.left_child                     timing_tt_0p80v_25c       1.274           1      1.274 0.000000e+00 1.0000 
                non_leaf_node.left_child                       timing_tt_0p80v_25c       6.801           4      5.782 0.000000e+00 1.0000 
                  non_leaf_node.right_child                    timing_tt_0p80v_25c       1.274           1      1.274 0.000000e+00 1.0000 
                  non_leaf_node.left_child                     timing_tt_0p80v_25c       1.274           1      1.274 0.000000e+00 1.0000 
              non_leaf_node.left_child                         timing_tt_0p80v_25c      20.425          11     16.758 0.000000e+00 1.0000 
                non_leaf_node.right_child                      timing_tt_0p80v_25c       6.801           4      5.782 0.000000e+00 1.0000 
                  non_leaf_node.right_child                    timing_tt_0p80v_25c       1.274           1      1.274 0.000000e+00 1.0000 
                  non_leaf_node.left_child                     timing_tt_0p80v_25c       1.274           1      1.274 0.000000e+00 1.0000 
                non_leaf_node.left_child                       timing_tt_0p80v_25c       6.801           4      5.782 0.000000e+00 1.0000 
                  non_leaf_node.right_child                    timing_tt_0p80v_25c       1.274           1      1.274 0.000000e+00 1.0000 
                  non_leaf_node.left_child                     timing_tt_0p80v_25c       1.274           1      1.274 0.000000e+00 1.0000 
          non_leaf_node.left_child                             timing_tt_0p80v_25c     112.458          57     90.454 0.000000e+00 1.0000 
            non_leaf_node.right_child                          timing_tt_0p80v_25c      50.246          26     40.670 0.000000e+00 1.0000 
              non_leaf_node.right_child                        timing_tt_0p80v_25c      20.425          11     16.758 0.000000e+00 1.0000 
                non_leaf_node.right_child                      timing_tt_0p80v_25c       6.801           4      5.782 0.000000e+00 1.0000 
                  non_leaf_node.right_child                    timing_tt_0p80v_25c       1.274           1      1.274 0.000000e+00 1.0000 
                  non_leaf_node.left_child                     timing_tt_0p80v_25c       1.274           1      1.274 0.000000e+00 1.0000 
                non_leaf_node.left_child                       timing_tt_0p80v_25c       6.801           4      5.782 0.000000e+00 1.0000 
                  non_leaf_node.right_child                    timing_tt_0p80v_25c       1.274           1      1.274 0.000000e+00 1.0000 
                  non_leaf_node.left_child                     timing_tt_0p80v_25c       1.274           1      1.274 0.000000e+00 1.0000 
              non_leaf_node.left_child                         timing_tt_0p80v_25c      20.425          11     16.758 0.000000e+00 1.0000 
                non_leaf_node.right_child                      timing_tt_0p80v_25c       6.801           4      5.782 0.000000e+00 1.0000 
                  non_leaf_node.right_child                    timing_tt_0p80v_25c       1.274           1      1.274 0.000000e+00 1.0000 
                  non_leaf_node.left_child                     timing_tt_0p80v_25c       1.274           1      1.274 0.000000e+00 1.0000 
                non_leaf_node.left_child                       timing_tt_0p80v_25c       6.801           4      5.782 0.000000e+00 1.0000 
                  non_leaf_node.right_child                    timing_tt_0p80v_25c       1.274           1      1.274 0.000000e+00 1.0000 
                  non_leaf_node.left_child                     timing_tt_0p80v_25c       1.274           1      1.274 0.000000e+00 1.0000 
            non_leaf_node.left_child                           timing_tt_0p80v_25c      50.246          26     40.670 0.000000e+00 1.0000 
              non_leaf_node.right_child                        timing_tt_0p80v_25c      20.425          11     16.758 0.000000e+00 1.0000 
                non_leaf_node.right_child                      timing_tt_0p80v_25c       6.801           4      5.782 0.000000e+00 1.0000 
                  non_leaf_node.right_child                    timing_tt_0p80v_25c       1.274           1      1.274 0.000000e+00 1.0000 
                  non_leaf_node.left_child                     timing_tt_0p80v_25c       1.274           1      1.274 0.000000e+00 1.0000 
                non_leaf_node.left_child                       timing_tt_0p80v_25c       6.801           4      5.782 0.000000e+00 1.0000 
                  non_leaf_node.right_child                    timing_tt_0p80v_25c       1.274           1      1.274 0.000000e+00 1.0000 
                  non_leaf_node.left_child                     timing_tt_0p80v_25c       1.274           1      1.274 0.000000e+00 1.0000 
              non_leaf_node.left_child                         timing_tt_0p80v_25c      20.425          11     16.758 0.000000e+00 1.0000 
                non_leaf_node.right_child                      timing_tt_0p80v_25c       6.801           4      5.782 0.000000e+00 1.0000 
                  non_leaf_node.right_child                    timing_tt_0p80v_25c       1.274           1      1.274 0.000000e+00 1.0000 
                  non_leaf_node.left_child                     timing_tt_0p80v_25c       1.274           1      1.274 0.000000e+00 1.0000 
                non_leaf_node.left_child                       timing_tt_0p80v_25c       6.801           4      5.782 0.000000e+00 1.0000 
                  non_leaf_node.right_child                    timing_tt_0p80v_25c       1.274           1      1.274 0.000000e+00 1.0000 
                  non_leaf_node.left_child                     timing_tt_0p80v_25c       1.274           1      1.274 0.000000e+00 1.0000 
        gen_bitmanip.i_clz_64b                                 timing_tt_0p80v_25c      79.253         115     48.216 0.000000e+00 1.0000 
        gen_bitmanip.genblk1.i_clz_32b                         timing_tt_0p80v_25c      40.319          70     24.500 0.000000e+00 1.0000 
      branch_unit_i                                            timing_tt_0p80v_25c     721.791         839    504.896 0.000000e+00 1.0000 
      csr_buffer_i                                             timing_tt_0p80v_25c      28.355          18     27.342 0.000000e+00 1.0000 
    i_frontend                                                 timing_tt_0p80v_25c   18300.149       13587  13828.682 0.000000e+00 1.0000 
      btb_gen.i_btb                                            timing_tt_0p80v_25c    6226.059        3901   5047.490 0.000000e+00 1.0000 
      i_instr_queue                                            timing_tt_0p80v_25c    6181.399        4175   4769.072 0.000000e+00 1.0000 
        gen_instr_fifo[0].i_fifo_instr_data                    timing_tt_0p80v_25c    2037.342        1270   1597.596 0.000000e+00 1.0000 
        gen_instr_fifo[1].i_fifo_instr_data                    timing_tt_0p80v_25c    2023.222        1269   1583.680 0.000000e+00 1.0000 
        i_fifo_address                                         timing_tt_0p80v_25c    1338.333         822   1054.088 0.000000e+00 1.0000 
        gen_multiple_instr_per_fetch_with_C.i_popcount         timing_tt_0p80v_25c       1.274           1      1.274 0.000000e+00 1.0000 
        gen_multiple_instr_per_fetch_with_C.i_lzc_branch_index timing_tt_0p80v_25c       0.490           2      0.490 0.000000e+00 1.0000 
      bht_gen.i_bht                                            timing_tt_0p80v_25c    2345.232        2446   1599.556 0.000000e+00 1.0000 
      ras_gen.i_ras                                            timing_tt_0p80v_25c     401.578         225    344.666 0.000000e+00 1.0000 
      i_instr_realign                                          timing_tt_0p80v_25c     300.826         249    257.152 0.000000e+00 1.0000 
      gen_instr_scan[0].i_instr_scan                           timing_tt_0p80v_25c      57.672          85     42.924 0.000000e+00 1.0000 
      gen_instr_scan[1].i_instr_scan                           timing_tt_0p80v_25c      46.202          71     34.594 0.000000e+00 1.0000 
    csr_regfile_i                                              timing_tt_0p80v_25c    7020.214        5328   5427.926 0.000000e+00 1.0000 
    gen_perf_counter.perf_counters_i                           timing_tt_0p80v_25c    3074.892        2784   2151.982 0.000000e+00 1.0000 
    id_stage_i                                                 timing_tt_0p80v_25c    1963.954        1613   1616.706 0.000000e+00 1.0000 
      decoder_i                                                timing_tt_0p80v_25c     527.679         729    324.184 0.000000e+00 1.0000 
      genblk1.compressed_decoder_i                             timing_tt_0p80v_25c     181.657         245    107.898 0.000000e+00 1.0000 
    commit_stage_i                                             timing_tt_0p80v_25c     360.849         465    274.400 0.000000e+00 1.0000 
    controller_i                                               timing_tt_0p80v_25c       8.452           7      7.742 0.000000e+00 1.0000 
  i_axi_xbar                                                   timing_tt_0p80v_25c   46552.601       31584  37688.154 0.000000e+00 1.0000 
    i_xbar                                                     timing_tt_0p80v_25c   46552.601       31584  37688.154 0.000000e+00 1.0000 
      gen_slv_port_demux[1].i_axi_demux                        timing_tt_0p80v_25c    6218.716        4691   4962.230 0.000000e+00 1.0000 
        gen_demux.i_r_mux                                      timing_tt_0p80v_25c     958.644         967    656.110 0.000000e+00 1.0000 
          gen_arbiter.gen_int_rr.gen_fair_arb.i_lzc_lower      timing_tt_0p80v_25c       9.510          17      6.370 0.000000e+00 1.0000 
          gen_arbiter.gen_int_rr.gen_fair_arb.i_lzc_upper      timing_tt_0p80v_25c       7.022          12      4.802 0.000000e+00 1.0000 
        gen_demux.i_aw_spill_reg                               timing_tt_0p80v_25c     893.263         547    782.334 0.000000e+00 1.0000 
          spill_register_flushable_i                           timing_tt_0p80v_25c     893.263         547    782.334 0.000000e+00 1.0000 
        gen_demux.i_ar_spill_reg                               timing_tt_0p80v_25c     872.010         532    764.106 0.000000e+00 1.0000 
          spill_register_flushable_i                           timing_tt_0p80v_25c     872.010         532    764.106 0.000000e+00 1.0000 
        gen_demux.i_w_spill_reg                                timing_tt_0p80v_25c     727.733         447    637.000 0.000000e+00 1.0000 
          spill_register_flushable_i                           timing_tt_0p80v_25c     727.733         447    637.000 0.000000e+00 1.0000 
        gen_demux.i_r_spill_reg                                timing_tt_0p80v_25c     716.313         439    627.200 0.000000e+00 1.0000 
          spill_register_flushable_i                           timing_tt_0p80v_25c     716.313         439    627.200 0.000000e+00 1.0000 
        gen_demux.i_b_mux                                      timing_tt_0p80v_25c     556.275         569    379.652 0.000000e+00 1.0000 
          gen_arbiter.gen_int_rr.gen_fair_arb.i_lzc_lower      timing_tt_0p80v_25c       9.510          17      6.370 0.000000e+00 1.0000 
          gen_arbiter.gen_int_rr.gen_fair_arb.i_lzc_upper      timing_tt_0p80v_25c       7.022          12      4.802 0.000000e+00 1.0000 
        gen_demux.gen_ar_id_counter.i_ar_id_counter            timing_tt_0p80v_25c     498.037         439    373.870 0.000000e+00 1.0000 
          gen_counters[15].i_in_flight_cnt                     timing_tt_0p80v_25c       8.076           7      6.958 0.000000e+00 1.0000 
          gen_counters[14].i_in_flight_cnt                     timing_tt_0p80v_25c       8.076           7      6.958 0.000000e+00 1.0000 
          gen_counters[13].i_in_flight_cnt                     timing_tt_0p80v_25c       8.076           7      6.958 0.000000e+00 1.0000 
          gen_counters[12].i_in_flight_cnt                     timing_tt_0p80v_25c       8.076           7      6.958 0.000000e+00 1.0000 
          gen_counters[11].i_in_flight_cnt                     timing_tt_0p80v_25c       8.076           7      6.958 0.000000e+00 1.0000 
          gen_counters[10].i_in_flight_cnt                     timing_tt_0p80v_25c       8.076           7      6.958 0.000000e+00 1.0000 
          gen_counters[9].i_in_flight_cnt                      timing_tt_0p80v_25c       8.076           7      6.958 0.000000e+00 1.0000 
          gen_counters[8].i_in_flight_cnt                      timing_tt_0p80v_25c       8.076           7      6.958 0.000000e+00 1.0000 
          gen_counters[7].i_in_flight_cnt                      timing_tt_0p80v_25c       8.076           7      6.958 0.000000e+00 1.0000 
          gen_counters[6].i_in_flight_cnt                      timing_tt_0p80v_25c       8.076           7      6.958 0.000000e+00 1.0000 
          gen_counters[5].i_in_flight_cnt                      timing_tt_0p80v_25c       8.076           7      6.958 0.000000e+00 1.0000 
          gen_counters[4].i_in_flight_cnt                      timing_tt_0p80v_25c       8.076           7      6.958 0.000000e+00 1.0000 
          gen_counters[3].i_in_flight_cnt                      timing_tt_0p80v_25c       8.076           7      6.958 0.000000e+00 1.0000 
          gen_counters[2].i_in_flight_cnt                      timing_tt_0p80v_25c       8.076           7      6.958 0.000000e+00 1.0000 
          gen_counters[1].i_in_flight_cnt                      timing_tt_0p80v_25c       8.076           7      6.958 0.000000e+00 1.0000 
          gen_counters[0].i_in_flight_cnt                      timing_tt_0p80v_25c       8.076           7      6.958 0.000000e+00 1.0000 
        gen_demux.gen_aw_id_counter.i_aw_id_counter            timing_tt_0p80v_25c     435.151         376    335.846 0.000000e+00 1.0000 
          gen_counters[15].i_in_flight_cnt                     timing_tt_0p80v_25c       7.479           6      6.664 0.000000e+00 1.0000 
          gen_counters[14].i_in_flight_cnt                     timing_tt_0p80v_25c       7.479           6      6.664 0.000000e+00 1.0000 
          gen_counters[13].i_in_flight_cnt                     timing_tt_0p80v_25c       7.479           6      6.664 0.000000e+00 1.0000 
          gen_counters[12].i_in_flight_cnt                     timing_tt_0p80v_25c       7.479           6      6.664 0.000000e+00 1.0000 
          gen_counters[11].i_in_flight_cnt                     timing_tt_0p80v_25c       7.479           6      6.664 0.000000e+00 1.0000 
          gen_counters[10].i_in_flight_cnt                     timing_tt_0p80v_25c       7.479           6      6.664 0.000000e+00 1.0000 
          gen_counters[9].i_in_flight_cnt                      timing_tt_0p80v_25c       7.479           6      6.664 0.000000e+00 1.0000 
          gen_counters[8].i_in_flight_cnt                      timing_tt_0p80v_25c       7.479           6      6.664 0.000000e+00 1.0000 
          gen_counters[7].i_in_flight_cnt                      timing_tt_0p80v_25c       7.479           6      6.664 0.000000e+00 1.0000 
          gen_counters[6].i_in_flight_cnt                      timing_tt_0p80v_25c       7.479           6      6.664 0.000000e+00 1.0000 
          gen_counters[5].i_in_flight_cnt                      timing_tt_0p80v_25c       7.479           6      6.664 0.000000e+00 1.0000 
          gen_counters[4].i_in_flight_cnt                      timing_tt_0p80v_25c       7.479           6      6.664 0.000000e+00 1.0000 
          gen_counters[3].i_in_flight_cnt                      timing_tt_0p80v_25c       7.479           6      6.664 0.000000e+00 1.0000 
          gen_counters[2].i_in_flight_cnt                      timing_tt_0p80v_25c       7.479           6      6.664 0.000000e+00 1.0000 
          gen_counters[1].i_in_flight_cnt                      timing_tt_0p80v_25c       7.479           6      6.664 0.000000e+00 1.0000 
          gen_counters[0].i_in_flight_cnt                      timing_tt_0p80v_25c       7.479           6      6.664 0.000000e+00 1.0000 
        gen_demux.i_b_spill_reg                                timing_tt_0p80v_25c     376.966         234    329.280 0.000000e+00 1.0000 
          spill_register_flushable_i                           timing_tt_0p80v_25c     376.966         234    329.280 0.000000e+00 1.0000 
        gen_demux.i_w_fifo                                     timing_tt_0p80v_25c      18.083          13     16.464 0.000000e+00 1.0000 
      gen_slv_port_demux[0].i_axi_demux                        timing_tt_0p80v_25c    6196.982        4669   4945.276 0.000000e+00 1.0000 
        gen_demux.i_r_mux                                      timing_tt_0p80v_25c     950.189         963    648.172 0.000000e+00 1.0000 
          gen_arbiter.gen_int_rr.gen_fair_arb.i_lzc_lower      timing_tt_0p80v_25c       9.012          16      6.076 0.000000e+00 1.0000 
          gen_arbiter.gen_int_rr.gen_fair_arb.i_lzc_upper      timing_tt_0p80v_25c       7.022          12      4.802 0.000000e+00 1.0000 
        gen_demux.i_aw_spill_reg                               timing_tt_0p80v_25c     905.168         553    793.016 0.000000e+00 1.0000 
          spill_register_flushable_i                           timing_tt_0p80v_25c     905.168         553    793.016 0.000000e+00 1.0000 
        gen_demux.i_ar_spill_reg                               timing_tt_0p80v_25c     871.422         532    763.518 0.000000e+00 1.0000 
          spill_register_flushable_i                           timing_tt_0p80v_25c     871.422         532    763.518 0.000000e+00 1.0000 
        gen_demux.i_w_spill_reg                                timing_tt_0p80v_25c     727.498         442    637.784 0.000000e+00 1.0000 
          spill_register_flushable_i                           timing_tt_0p80v_25c     727.498         442    637.784 0.000000e+00 1.0000 
        gen_demux.i_r_spill_reg                                timing_tt_0p80v_25c     716.517         440    627.200 0.000000e+00 1.0000 
          spill_register_flushable_i                           timing_tt_0p80v_25c     716.517         440    627.200 0.000000e+00 1.0000 
        gen_demux.i_b_mux                                      timing_tt_0p80v_25c     536.290         557    361.914 0.000000e+00 1.0000 
          gen_arbiter.gen_int_rr.gen_fair_arb.i_lzc_lower      timing_tt_0p80v_25c       9.510          17      6.370 0.000000e+00 1.0000 
          gen_arbiter.gen_int_rr.gen_fair_arb.i_lzc_upper      timing_tt_0p80v_25c       7.022          12      4.802 0.000000e+00 1.0000 
        gen_demux.gen_ar_id_counter.i_ar_id_counter            timing_tt_0p80v_25c     498.233         439    374.066 0.000000e+00 1.0000 
          gen_counters[15].i_in_flight_cnt                     timing_tt_0p80v_25c       8.076           7      6.958 0.000000e+00 1.0000 
          gen_counters[14].i_in_flight_cnt                     timing_tt_0p80v_25c       8.076           7      6.958 0.000000e+00 1.0000 
          gen_counters[13].i_in_flight_cnt                     timing_tt_0p80v_25c       8.076           7      6.958 0.000000e+00 1.0000 
          gen_counters[12].i_in_flight_cnt                     timing_tt_0p80v_25c       8.076           7      6.958 0.000000e+00 1.0000 
          gen_counters[11].i_in_flight_cnt                     timing_tt_0p80v_25c       8.076           7      6.958 0.000000e+00 1.0000 
          gen_counters[10].i_in_flight_cnt                     timing_tt_0p80v_25c       8.076           7      6.958 0.000000e+00 1.0000 
          gen_counters[9].i_in_flight_cnt                      timing_tt_0p80v_25c       8.076           7      6.958 0.000000e+00 1.0000 
          gen_counters[8].i_in_flight_cnt                      timing_tt_0p80v_25c       8.076           7      6.958 0.000000e+00 1.0000 
          gen_counters[7].i_in_flight_cnt                      timing_tt_0p80v_25c       8.076           7      6.958 0.000000e+00 1.0000 
          gen_counters[6].i_in_flight_cnt                      timing_tt_0p80v_25c       8.076           7      6.958 0.000000e+00 1.0000 
          gen_counters[5].i_in_flight_cnt                      timing_tt_0p80v_25c       8.076           7      6.958 0.000000e+00 1.0000 
          gen_counters[4].i_in_flight_cnt                      timing_tt_0p80v_25c       8.076           7      6.958 0.000000e+00 1.0000 
          gen_counters[3].i_in_flight_cnt                      timing_tt_0p80v_25c       8.076           7      6.958 0.000000e+00 1.0000 
          gen_counters[2].i_in_flight_cnt                      timing_tt_0p80v_25c       8.076           7      6.958 0.000000e+00 1.0000 
          gen_counters[1].i_in_flight_cnt                      timing_tt_0p80v_25c       8.076           7      6.958 0.000000e+00 1.0000 
          gen_counters[0].i_in_flight_cnt                      timing_tt_0p80v_25c       8.076           7      6.958 0.000000e+00 1.0000 
        gen_demux.gen_aw_id_counter.i_aw_id_counter            timing_tt_0p80v_25c     435.340         375    336.238 0.000000e+00 1.0000 
          gen_counters[15].i_in_flight_cnt                     timing_tt_0p80v_25c       7.479           6      6.664 0.000000e+00 1.0000 
          gen_counters[14].i_in_flight_cnt                     timing_tt_0p80v_25c       7.479           6      6.664 0.000000e+00 1.0000 
          gen_counters[13].i_in_flight_cnt                     timing_tt_0p80v_25c       7.479           6      6.664 0.000000e+00 1.0000 
          gen_counters[12].i_in_flight_cnt                     timing_tt_0p80v_25c       7.479           6      6.664 0.000000e+00 1.0000 
          gen_counters[11].i_in_flight_cnt                     timing_tt_0p80v_25c       7.479           6      6.664 0.000000e+00 1.0000 
          gen_counters[10].i_in_flight_cnt                     timing_tt_0p80v_25c       7.479           6      6.664 0.000000e+00 1.0000 
          gen_counters[9].i_in_flight_cnt                      timing_tt_0p80v_25c       7.479           6      6.664 0.000000e+00 1.0000 
          gen_counters[8].i_in_flight_cnt                      timing_tt_0p80v_25c       7.479           6      6.664 0.000000e+00 1.0000 
          gen_counters[7].i_in_flight_cnt                      timing_tt_0p80v_25c       7.479           6      6.664 0.000000e+00 1.0000 
          gen_counters[6].i_in_flight_cnt                      timing_tt_0p80v_25c       7.479           6      6.664 0.000000e+00 1.0000 
          gen_counters[5].i_in_flight_cnt                      timing_tt_0p80v_25c       7.479           6      6.664 0.000000e+00 1.0000 
          gen_counters[4].i_in_flight_cnt                      timing_tt_0p80v_25c       7.479           6      6.664 0.000000e+00 1.0000 
          gen_counters[3].i_in_flight_cnt                      timing_tt_0p80v_25c       7.479           6      6.664 0.000000e+00 1.0000 
          gen_counters[2].i_in_flight_cnt                      timing_tt_0p80v_25c       7.479           6      6.664 0.000000e+00 1.0000 
          gen_counters[1].i_in_flight_cnt                      timing_tt_0p80v_25c       7.479           6      6.664 0.000000e+00 1.0000 
          gen_counters[0].i_in_flight_cnt                      timing_tt_0p80v_25c       7.479           6      6.664 0.000000e+00 1.0000 
        gen_demux.i_b_spill_reg                                timing_tt_0p80v_25c     376.664         233    329.182 0.000000e+00 1.0000 
          spill_register_flushable_i                           timing_tt_0p80v_25c     376.664         233    329.182 0.000000e+00 1.0000 
        gen_demux.i_w_fifo                                     timing_tt_0p80v_25c      18.083          13     16.464 0.000000e+00 1.0000 
      gen_mst_port_mux[0].i_axi_mux                            timing_tt_0p80v_25c    4201.937        2801   3580.626 0.000000e+00 1.0000 
        gen_mux.i_aw_spill_reg                                 timing_tt_0p80v_25c     889.026         542    779.100 0.000000e+00 1.0000 
          spill_register_flushable_i                           timing_tt_0p80v_25c     889.026         542    779.100 0.000000e+00 1.0000 
        gen_mux.i_ar_spill_reg                                 timing_tt_0p80v_25c     855.944         518    750.876 0.000000e+00 1.0000 
          spill_register_flushable_i                           timing_tt_0p80v_25c     855.944         518    750.876 0.000000e+00 1.0000 
        gen_mux.i_w_spill_reg                                  timing_tt_0p80v_25c     728.615         447    637.882 0.000000e+00 1.0000 
          spill_register_flushable_i                           timing_tt_0p80v_25c     728.615         447    637.882 0.000000e+00 1.0000 
        gen_mux.i_r_spill_reg                                  timing_tt_0p80v_25c     726.629         443    636.706 0.000000e+00 1.0000 
          spill_register_flushable_i                           timing_tt_0p80v_25c     726.629         443    636.706 0.000000e+00 1.0000 
        gen_mux.i_b_spill_reg                                  timing_tt_0p80v_25c     383.452         237    335.160 0.000000e+00 1.0000 
          spill_register_flushable_i                           timing_tt_0p80v_25c     383.452         237    335.160 0.000000e+00 1.0000 
        gen_mux.i_aw_arbiter                                   timing_tt_0p80v_25c     188.158         219    160.622 0.000000e+00 1.0000 
          gen_arbiter.gen_int_rr.gen_fair_arb.i_lzc_lower      timing_tt_0p80v_25c       0.490           2      0.490 0.000000e+00 1.0000 
          gen_arbiter.gen_int_rr.gen_fair_arb.i_lzc_upper      timing_tt_0p80v_25c       0.196           1      0.196 0.000000e+00 1.0000 
        gen_mux.i_ar_arbiter                                   timing_tt_0p80v_25c     174.898         210    148.568 0.000000e+00 1.0000 
          gen_arbiter.gen_int_rr.gen_fair_arb.i_lzc_lower      timing_tt_0p80v_25c       0.490           2      0.490 0.000000e+00 1.0000 
          gen_arbiter.gen_int_rr.gen_fair_arb.i_lzc_upper      timing_tt_0p80v_25c       0.196           1      0.196 0.000000e+00 1.0000 
        gen_mux.i_w_fifo                                       timing_tt_0p80v_25c       6.690           6      5.880 0.000000e+00 1.0000 
      gen_mst_port_mux[7].i_axi_mux                            timing_tt_0p80v_25c    4196.794        2795   3576.706 0.000000e+00 1.0000 
        gen_mux.i_aw_spill_reg                                 timing_tt_0p80v_25c     889.026         542    779.100 0.000000e+00 1.0000 
          spill_register_flushable_i                           timing_tt_0p80v_25c     889.026         542    779.100 0.000000e+00 1.0000 
        gen_mux.i_ar_spill_reg                                 timing_tt_0p80v_25c     859.209         522    753.326 0.000000e+00 1.0000 
          spill_register_flushable_i                           timing_tt_0p80v_25c     859.209         522    753.326 0.000000e+00 1.0000 
        gen_mux.i_w_spill_reg                                  timing_tt_0p80v_25c     728.885         444    638.764 0.000000e+00 1.0000 
          spill_register_flushable_i                           timing_tt_0p80v_25c     728.885         444    638.764 0.000000e+00 1.0000 
        gen_mux.i_r_spill_reg                                  timing_tt_0p80v_25c     721.043         443    631.120 0.000000e+00 1.0000 
          spill_register_flushable_i                           timing_tt_0p80v_25c     721.043         443    631.120 0.000000e+00 1.0000 
        gen_mux.i_b_spill_reg                                  timing_tt_0p80v_25c     382.472         237    334.180 0.000000e+00 1.0000 
          spill_register_flushable_i                           timing_tt_0p80v_25c     382.472         237    334.180 0.000000e+00 1.0000 
        gen_mux.i_aw_arbiter                                   timing_tt_0p80v_25c     192.968         220    165.228 0.000000e+00 1.0000 
          gen_arbiter.gen_int_rr.gen_fair_arb.i_lzc_lower      timing_tt_0p80v_25c       0.490           2      0.490 0.000000e+00 1.0000 
          gen_arbiter.gen_int_rr.gen_fair_arb.i_lzc_upper      timing_tt_0p80v_25c       0.196           1      0.196 0.000000e+00 1.0000 
        gen_mux.i_ar_arbiter                                   timing_tt_0p80v_25c     167.976         202    143.276 0.000000e+00 1.0000 
          gen_arbiter.gen_int_rr.gen_fair_arb.i_lzc_lower      timing_tt_0p80v_25c       0.490           2      0.490 0.000000e+00 1.0000 
          gen_arbiter.gen_int_rr.gen_fair_arb.i_lzc_upper      timing_tt_0p80v_25c       0.196           1      0.196 0.000000e+00 1.0000 
        gen_mux.i_w_fifo                                       timing_tt_0p80v_25c       6.690           6      5.880 0.000000e+00 1.0000 
      gen_mst_port_mux[3].i_axi_mux                            timing_tt_0p80v_25c    4192.219        2799   3571.316 0.000000e+00 1.0000 
        gen_mux.i_aw_spill_reg                                 timing_tt_0p80v_25c     893.279         547    782.334 0.000000e+00 1.0000 
          spill_register_flushable_i                           timing_tt_0p80v_25c     893.279         547    782.334 0.000000e+00 1.0000 
        gen_mux.i_ar_spill_reg                                 timing_tt_0p80v_25c     860.717         527    753.816 0.000000e+00 1.0000 
          spill_register_flushable_i                           timing_tt_0p80v_25c     860.717         527    753.816 0.000000e+00 1.0000 
        gen_mux.i_w_spill_reg                                  timing_tt_0p80v_25c     727.905         444    637.784 0.000000e+00 1.0000 
          spill_register_flushable_i                           timing_tt_0p80v_25c     727.905         444    637.784 0.000000e+00 1.0000 
        gen_mux.i_r_spill_reg                                  timing_tt_0p80v_25c     723.991         444    633.864 0.000000e+00 1.0000 
          spill_register_flushable_i                           timing_tt_0p80v_25c     723.991         444    633.864 0.000000e+00 1.0000 
        gen_mux.i_b_spill_reg                                  timing_tt_0p80v_25c     384.032         236    335.944 0.000000e+00 1.0000 
          spill_register_flushable_i                           timing_tt_0p80v_25c     384.032         236    335.944 0.000000e+00 1.0000 
        gen_mux.i_ar_arbiter                                   timing_tt_0p80v_25c     183.945         214    156.800 0.000000e+00 1.0000 
          gen_arbiter.gen_int_rr.gen_fair_arb.i_lzc_lower      timing_tt_0p80v_25c       0.490           2      0.490 0.000000e+00 1.0000 
          gen_arbiter.gen_int_rr.gen_fair_arb.i_lzc_upper      timing_tt_0p80v_25c       0.196           1      0.196 0.000000e+00 1.0000 
        gen_mux.i_aw_arbiter                                   timing_tt_0p80v_25c     163.233         202    139.160 0.000000e+00 1.0000 
          gen_arbiter.gen_int_rr.gen_fair_arb.i_lzc_lower      timing_tt_0p80v_25c       0.490           2      0.490 0.000000e+00 1.0000 
          gen_arbiter.gen_int_rr.gen_fair_arb.i_lzc_upper      timing_tt_0p80v_25c       0.196           1      0.196 0.000000e+00 1.0000 
        gen_mux.i_w_fifo                                       timing_tt_0p80v_25c       6.690           6      5.880 0.000000e+00 1.0000 
      gen_mst_port_mux[1].i_axi_mux                            timing_tt_0p80v_25c    4190.280        2789   3571.414 0.000000e+00 1.0000 
        gen_mux.i_aw_spill_reg                                 timing_tt_0p80v_25c     886.447         538    777.336 0.000000e+00 1.0000 
          spill_register_flushable_i                           timing_tt_0p80v_25c     886.447         538    777.336 0.000000e+00 1.0000 
        gen_mux.i_ar_spill_reg                                 timing_tt_0p80v_25c     853.991         519    748.720 0.000000e+00 1.0000 
          spill_register_flushable_i                           timing_tt_0p80v_25c     853.991         519    748.720 0.000000e+00 1.0000 
        gen_mux.i_w_spill_reg                                  timing_tt_0p80v_25c     732.135         446    641.606 0.000000e+00 1.0000 
          spill_register_flushable_i                           timing_tt_0p80v_25c     732.135         446    641.606 0.000000e+00 1.0000 
        gen_mux.i_r_spill_reg                                  timing_tt_0p80v_25c     717.688         440    628.376 0.000000e+00 1.0000 
          spill_register_flushable_i                           timing_tt_0p80v_25c     717.688         440    628.376 0.000000e+00 1.0000 
        gen_mux.i_b_spill_reg                                  timing_tt_0p80v_25c     386.196         237    337.904 0.000000e+00 1.0000 
          spill_register_flushable_i                           timing_tt_0p80v_25c     386.196         237    337.904 0.000000e+00 1.0000 
        gen_mux.i_ar_arbiter                                   timing_tt_0p80v_25c     181.781         213    154.840 0.000000e+00 1.0000 
          gen_arbiter.gen_int_rr.gen_fair_arb.i_lzc_lower      timing_tt_0p80v_25c       0.490           2      0.490 0.000000e+00 1.0000 
          gen_arbiter.gen_int_rr.gen_fair_arb.i_lzc_upper      timing_tt_0p80v_25c       0.196           1      0.196 0.000000e+00 1.0000 
        gen_mux.i_aw_arbiter                                   timing_tt_0p80v_25c     176.826         211    150.920 0.000000e+00 1.0000 
          gen_arbiter.gen_int_rr.gen_fair_arb.i_lzc_lower      timing_tt_0p80v_25c       0.490           2      0.490 0.000000e+00 1.0000 
          gen_arbiter.gen_int_rr.gen_fair_arb.i_lzc_upper      timing_tt_0p80v_25c       0.196           1      0.196 0.000000e+00 1.0000 
        gen_mux.i_w_fifo                                       timing_tt_0p80v_25c       6.690           6      5.880 0.000000e+00 1.0000 
      gen_mst_port_mux[4].i_axi_mux                            timing_tt_0p80v_25c    4178.061        2793   3558.380 0.000000e+00 1.0000 
        gen_mux.i_aw_spill_reg                                 timing_tt_0p80v_25c     893.279         547    782.334 0.000000e+00 1.0000 
          spill_register_flushable_i                           timing_tt_0p80v_25c     893.279         547    782.334 0.000000e+00 1.0000 
        gen_mux.i_ar_spill_reg                                 timing_tt_0p80v_25c     860.717         527    753.816 0.000000e+00 1.0000 
          spill_register_flushable_i                           timing_tt_0p80v_25c     860.717         527    753.816 0.000000e+00 1.0000 
        gen_mux.i_w_spill_reg                                  timing_tt_0p80v_25c     727.604         443    637.686 0.000000e+00 1.0000 
          spill_register_flushable_i                           timing_tt_0p80v_25c     727.604         443    637.686 0.000000e+00 1.0000 
        gen_mux.i_r_spill_reg                                  timing_tt_0p80v_25c     716.512         440    627.200 0.000000e+00 1.0000 
          spill_register_flushable_i                           timing_tt_0p80v_25c     716.512         440    627.200 0.000000e+00 1.0000 
        gen_mux.i_b_spill_reg                                  timing_tt_0p80v_25c     377.654         235    329.770 0.000000e+00 1.0000 
          spill_register_flushable_i                           timing_tt_0p80v_25c     377.654         235    329.770 0.000000e+00 1.0000 
        gen_mux.i_ar_arbiter                                   timing_tt_0p80v_25c     183.945         214    156.800 0.000000e+00 1.0000 
          gen_arbiter.gen_int_rr.gen_fair_arb.i_lzc_lower      timing_tt_0p80v_25c       0.490           2      0.490 0.000000e+00 1.0000 
          gen_arbiter.gen_int_rr.gen_fair_arb.i_lzc_upper      timing_tt_0p80v_25c       0.196           1      0.196 0.000000e+00 1.0000 
        gen_mux.i_aw_arbiter                                   timing_tt_0p80v_25c     163.233         202    139.160 0.000000e+00 1.0000 
          gen_arbiter.gen_int_rr.gen_fair_arb.i_lzc_lower      timing_tt_0p80v_25c       0.490           2      0.490 0.000000e+00 1.0000 
          gen_arbiter.gen_int_rr.gen_fair_arb.i_lzc_upper      timing_tt_0p80v_25c       0.196           1      0.196 0.000000e+00 1.0000 
        gen_mux.i_w_fifo                                       timing_tt_0p80v_25c       6.690           6      5.880 0.000000e+00 1.0000 
      gen_mst_port_mux[2].i_axi_mux                            timing_tt_0p80v_25c    4165.045        2770   3550.050 0.000000e+00 1.0000 
        gen_mux.i_aw_spill_reg                                 timing_tt_0p80v_25c     893.844         544    783.510 0.000000e+00 1.0000 
          spill_register_flushable_i                           timing_tt_0p80v_25c     893.844         544    783.510 0.000000e+00 1.0000 
        gen_mux.i_ar_spill_reg                                 timing_tt_0p80v_25c     866.755         522    760.872 0.000000e+00 1.0000 
          spill_register_flushable_i                           timing_tt_0p80v_25c     866.755         522    760.872 0.000000e+00 1.0000 
        gen_mux.i_w_spill_reg                                  timing_tt_0p80v_25c     728.999         446    638.470 0.000000e+00 1.0000 
          spill_register_flushable_i                           timing_tt_0p80v_25c     728.999         446    638.470 0.000000e+00 1.0000 
        gen_mux.i_r_spill_reg                                  timing_tt_0p80v_25c     717.386         439    628.278 0.000000e+00 1.0000 
          spill_register_flushable_i                           timing_tt_0p80v_25c     717.386         439    628.278 0.000000e+00 1.0000 
        gen_mux.i_b_spill_reg                                  timing_tt_0p80v_25c     372.233         231    325.164 0.000000e+00 1.0000 
          spill_register_flushable_i                           timing_tt_0p80v_25c     372.233         231    325.164 0.000000e+00 1.0000 
        gen_mux.i_aw_arbiter                                   timing_tt_0p80v_25c     171.488         205    146.804 0.000000e+00 1.0000 
          gen_arbiter.gen_int_rr.gen_fair_arb.i_lzc_lower      timing_tt_0p80v_25c       0.490           2      0.490 0.000000e+00 1.0000 
          gen_arbiter.gen_int_rr.gen_fair_arb.i_lzc_upper      timing_tt_0p80v_25c       0.196           1      0.196 0.000000e+00 1.0000 
        gen_mux.i_ar_arbiter                                   timing_tt_0p80v_25c     158.521         196    135.044 0.000000e+00 1.0000 
          gen_arbiter.gen_int_rr.gen_fair_arb.i_lzc_lower      timing_tt_0p80v_25c       0.490           2      0.490 0.000000e+00 1.0000 
          gen_arbiter.gen_int_rr.gen_fair_arb.i_lzc_upper      timing_tt_0p80v_25c       0.196           1      0.196 0.000000e+00 1.0000 
        gen_mux.i_w_fifo                                       timing_tt_0p80v_25c       6.690           6      5.880 0.000000e+00 1.0000 
      gen_mst_port_mux[6].i_axi_mux                            timing_tt_0p80v_25c    3108.092        2113   2629.536 0.000000e+00 1.0000 
        gen_mux.i_aw_spill_reg                                 timing_tt_0p80v_25c     901.778         544    791.742 0.000000e+00 1.0000 
          spill_register_flushable_i                           timing_tt_0p80v_25c     901.778         544    791.742 0.000000e+00 1.0000 
        gen_mux.i_ar_spill_reg                                 timing_tt_0p80v_25c     868.613         522    763.028 0.000000e+00 1.0000 
          spill_register_flushable_i                           timing_tt_0p80v_25c     868.613         522    763.028 0.000000e+00 1.0000 
        gen_mux.i_w_spill_reg                                  timing_tt_0p80v_25c     737.227         446    646.996 0.000000e+00 1.0000 
          spill_register_flushable_i                           timing_tt_0p80v_25c     737.227         446    646.996 0.000000e+00 1.0000 
        gen_mux.i_ar_arbiter                                   timing_tt_0p80v_25c     184.141         214    156.996 0.000000e+00 1.0000 
          gen_arbiter.gen_int_rr.gen_fair_arb.i_lzc_lower      timing_tt_0p80v_25c       0.490           2      0.490 0.000000e+00 1.0000 
          gen_arbiter.gen_int_rr.gen_fair_arb.i_lzc_upper      timing_tt_0p80v_25c       0.196           1      0.196 0.000000e+00 1.0000 
        gen_mux.i_aw_arbiter                                   timing_tt_0p80v_25c     163.233         202    139.160 0.000000e+00 1.0000 
          gen_arbiter.gen_int_rr.gen_fair_arb.i_lzc_lower      timing_tt_0p80v_25c       0.490           2      0.490 0.000000e+00 1.0000 
          gen_arbiter.gen_int_rr.gen_fair_arb.i_lzc_upper      timing_tt_0p80v_25c       0.196           1      0.196 0.000000e+00 1.0000 
        gen_mux.i_w_fifo                                       timing_tt_0p80v_25c       6.690           6      5.880 0.000000e+00 1.0000 
      gen_mst_port_mux[5].i_axi_mux                            timing_tt_0p80v_25c    3108.092        2113   2629.536 0.000000e+00 1.0000 
        gen_mux.i_aw_spill_reg                                 timing_tt_0p80v_25c     901.778         544    791.742 0.000000e+00 1.0000 
          spill_register_flushable_i                           timing_tt_0p80v_25c     901.778         544    791.742 0.000000e+00 1.0000 
        gen_mux.i_ar_spill_reg                                 timing_tt_0p80v_25c     868.613         522    763.028 0.000000e+00 1.0000 
          spill_register_flushable_i                           timing_tt_0p80v_25c     868.613         522    763.028 0.000000e+00 1.0000 
        gen_mux.i_w_spill_reg                                  timing_tt_0p80v_25c     737.227         446    646.996 0.000000e+00 1.0000 
          spill_register_flushable_i                           timing_tt_0p80v_25c     737.227         446    646.996 0.000000e+00 1.0000 
        gen_mux.i_ar_arbiter                                   timing_tt_0p80v_25c     184.141         214    156.996 0.000000e+00 1.0000 
          gen_arbiter.gen_int_rr.gen_fair_arb.i_lzc_lower      timing_tt_0p80v_25c       0.490           2      0.490 0.000000e+00 1.0000 
          gen_arbiter.gen_int_rr.gen_fair_arb.i_lzc_upper      timing_tt_0p80v_25c       0.196           1      0.196 0.000000e+00 1.0000 
        gen_mux.i_aw_arbiter                                   timing_tt_0p80v_25c     163.233         202    139.160 0.000000e+00 1.0000 
          gen_arbiter.gen_int_rr.gen_fair_arb.i_lzc_lower      timing_tt_0p80v_25c       0.490           2      0.490 0.000000e+00 1.0000 
          gen_arbiter.gen_int_rr.gen_fair_arb.i_lzc_upper      timing_tt_0p80v_25c       0.196           1      0.196 0.000000e+00 1.0000 
        gen_mux.i_w_fifo                                       timing_tt_0p80v_25c       6.690           6      5.880 0.000000e+00 1.0000 
      gen_slv_port_demux[0].i_axi_err_slv                      timing_tt_0p80v_25c     675.494         521    506.170 0.000000e+00 1.0000 
        i_r_fifo                                               timing_tt_0p80v_25c     271.325         179    209.524 0.000000e+00 1.0000 
        genblk1.i_atop_filter                                  timing_tt_0p80v_25c     177.987         167    132.986 0.000000e+00 1.0000 
          r_resp_cmd                                           timing_tt_0p80v_25c      27.313          18     24.696 0.000000e+00 1.0000 
            i_fifo                                             timing_tt_0p80v_25c      25.025          14     23.520 0.000000e+00 1.0000 
              i_fifo_v3                                        timing_tt_0p80v_25c      25.025          14     23.520 0.000000e+00 1.0000 
        i_w_fifo                                               timing_tt_0p80v_25c     102.937          72     80.066 0.000000e+00 1.0000 
        i_b_fifo                                               timing_tt_0p80v_25c      49.847          35     40.376 0.000000e+00 1.0000 
        i_r_counter                                            timing_tt_0p80v_25c      43.640          47     33.516 0.000000e+00 1.0000 
          i_counter                                            timing_tt_0p80v_25c      43.437          47     33.516 0.000000e+00 1.0000 
      gen_slv_port_demux[1].i_axi_err_slv                      timing_tt_0p80v_25c     675.224         524    505.288 0.000000e+00 1.0000 
        i_r_fifo                                               timing_tt_0p80v_25c     272.044         183    209.328 0.000000e+00 1.0000 
        genblk1.i_atop_filter                                  timing_tt_0p80v_25c     176.303         165    131.908 0.000000e+00 1.0000 
          r_resp_cmd                                           timing_tt_0p80v_25c      27.313          18     24.696 0.000000e+00 1.0000 
            i_fifo                                             timing_tt_0p80v_25c      25.025          14     23.520 0.000000e+00 1.0000 
              i_fifo_v3                                        timing_tt_0p80v_25c      25.025          14     23.520 0.000000e+00 1.0000 
        i_w_fifo                                               timing_tt_0p80v_25c     102.937          72     80.066 0.000000e+00 1.0000 
        i_b_fifo                                               timing_tt_0p80v_25c      49.847          35     40.376 0.000000e+00 1.0000 
        i_r_counter                                            timing_tt_0p80v_25c      43.640          47     33.516 0.000000e+00 1.0000 
          i_counter                                            timing_tt_0p80v_25c      43.437          47     33.516 0.000000e+00 1.0000 
      gen_slv_port_demux[0].i_axi_aw_decode                    timing_tt_0p80v_25c      35.259          50     24.304 0.000000e+00 1.0000 
      gen_slv_port_demux[1].i_axi_aw_decode                    timing_tt_0p80v_25c      35.144          48     24.696 0.000000e+00 1.0000 
      gen_slv_port_demux[1].i_axi_ar_decode                    timing_tt_0p80v_25c      35.144          48     24.696 0.000000e+00 1.0000 
      gen_slv_port_demux[0].i_axi_ar_decode                    timing_tt_0p80v_25c      33.774          48     23.226 0.000000e+00 1.0000 
  i_peripheral                                                 timing_tt_0p80v_25c   17936.749       12469  13651.204 0.000000e+00 1.0000 
    i_axi2apb_64_32_timer                                      timing_tt_0p80v_25c    7254.481        4624   5699.582 0.000000e+00 1.0000 
      slave_ar_buffer_i                                        timing_tt_0p80v_25c    1575.156         976   1262.926 0.000000e+00 1.0000 
        i_axi_single_slice                                     timing_tt_0p80v_25c    1575.156         976   1262.926 0.000000e+00 1.0000 
          i_fifo                                               timing_tt_0p80v_25c    1572.173         972   1261.750 0.000000e+00 1.0000 
            impl                                               timing_tt_0p80v_25c    1571.572         972   1261.750 0.000000e+00 1.0000 
              i_fifo_v3                                        timing_tt_0p80v_25c    1571.572         972   1261.750 0.000000e+00 1.0000 
      slave_aw_buffer_i                                        timing_tt_0p80v_25c    1533.117         951   1225.980 0.000000e+00 1.0000 
        i_axi_single_slice                                     timing_tt_0p80v_25c    1533.117         951   1225.980 0.000000e+00 1.0000 
          i_fifo                                               timing_tt_0p80v_25c    1530.133         947   1224.804 0.000000e+00 1.0000 
            impl                                               timing_tt_0p80v_25c    1529.533         947   1224.804 0.000000e+00 1.0000 
              i_fifo_v3                                        timing_tt_0p80v_25c    1529.533         947   1224.804 0.000000e+00 1.0000 
      slave_r_buffer_i                                         timing_tt_0p80v_25c    1308.421         814   1048.306 0.000000e+00 1.0000 
        i_axi_single_slice                                     timing_tt_0p80v_25c    1308.421         814   1048.306 0.000000e+00 1.0000 
          i_fifo                                               timing_tt_0p80v_25c    1305.735         810   1047.130 0.000000e+00 1.0000 
            impl                                               timing_tt_0p80v_25c    1304.935         810   1047.130 0.000000e+00 1.0000 
              i_fifo_v3                                        timing_tt_0p80v_25c    1304.935         810   1047.130 0.000000e+00 1.0000 
      slave_w_buffer_i                                         timing_tt_0p80v_25c    1294.283         797   1035.762 0.000000e+00 1.0000 
        i_axi_single_slice                                     timing_tt_0p80v_25c    1294.283         797   1035.762 0.000000e+00 1.0000 
          i_fifo                                               timing_tt_0p80v_25c    1291.200         793   1034.586 0.000000e+00 1.0000 
            impl                                               timing_tt_0p80v_25c    1290.600         793   1034.586 0.000000e+00 1.0000 
              i_fifo_v3                                        timing_tt_0p80v_25c    1290.600         793   1034.586 0.000000e+00 1.0000 
      slave_b_buffer_i                                         timing_tt_0p80v_25c     514.055         272    436.884 0.000000e+00 1.0000 
        i_axi_single_slice                                     timing_tt_0p80v_25c     514.055         272    436.884 0.000000e+00 1.0000 
          i_fifo                                               timing_tt_0p80v_25c     511.865         268    435.708 0.000000e+00 1.0000 
            impl                                               timing_tt_0p80v_25c     511.265         268    435.708 0.000000e+00 1.0000 
              i_fifo_v3                                        timing_tt_0p80v_25c     511.265         268    435.708 0.000000e+00 1.0000 
    i_axi2apb_64_32_plic                                       timing_tt_0p80v_25c    7143.752        4610   5587.176 0.000000e+00 1.0000 
      slave_ar_buffer_i                                        timing_tt_0p80v_25c    1530.040         946   1223.922 0.000000e+00 1.0000 
        i_axi_single_slice                                     timing_tt_0p80v_25c    1530.040         946   1223.922 0.000000e+00 1.0000 
          i_fifo                                               timing_tt_0p80v_25c    1527.057         942   1222.746 0.000000e+00 1.0000 
            impl                                               timing_tt_0p80v_25c    1526.456         942   1222.746 0.000000e+00 1.0000 
              i_fifo_v3                                        timing_tt_0p80v_25c    1526.456         942   1222.746 0.000000e+00 1.0000 
      slave_aw_buffer_i                                        timing_tt_0p80v_25c    1529.573         949   1222.844 0.000000e+00 1.0000 
        i_axi_single_slice                                     timing_tt_0p80v_25c    1529.573         949   1222.844 0.000000e+00 1.0000 
          i_fifo                                               timing_tt_0p80v_25c    1526.590         945   1221.668 0.000000e+00 1.0000 
            impl                                               timing_tt_0p80v_25c    1525.989         945   1221.668 0.000000e+00 1.0000 
              i_fifo_v3                                        timing_tt_0p80v_25c    1525.989         945   1221.668 0.000000e+00 1.0000 
      slave_r_buffer_i                                         timing_tt_0p80v_25c    1295.113         804   1037.036 0.000000e+00 1.0000 
        i_axi_single_slice                                     timing_tt_0p80v_25c    1295.113         804   1037.036 0.000000e+00 1.0000 
          i_fifo                                               timing_tt_0p80v_25c    1292.427         800   1035.860 0.000000e+00 1.0000 
            impl                                               timing_tt_0p80v_25c    1291.628         800   1035.860 0.000000e+00 1.0000 
              i_fifo_v3                                        timing_tt_0p80v_25c    1291.628         800   1035.860 0.000000e+00 1.0000 
      slave_w_buffer_i                                         timing_tt_0p80v_25c    1291.178         801   1031.842 0.000000e+00 1.0000 
        i_axi_single_slice                                     timing_tt_0p80v_25c    1291.178         801   1031.842 0.000000e+00 1.0000 
          i_fifo                                               timing_tt_0p80v_25c    1288.095         797   1030.666 0.000000e+00 1.0000 
            impl                                               timing_tt_0p80v_25c    1287.495         797   1030.666 0.000000e+00 1.0000 
              i_fifo_v3                                        timing_tt_0p80v_25c    1287.495         797   1030.666 0.000000e+00 1.0000 
      slave_b_buffer_i                                         timing_tt_0p80v_25c     512.978         272    435.708 0.000000e+00 1.0000 
        i_axi_single_slice                                     timing_tt_0p80v_25c     512.978         272    435.708 0.000000e+00 1.0000 
          i_fifo                                               timing_tt_0p80v_25c     510.689         268    434.532 0.000000e+00 1.0000 
            impl                                               timing_tt_0p80v_25c     510.089         268    434.532 0.000000e+00 1.0000 
              i_fifo_v3                                        timing_tt_0p80v_25c     510.089         268    434.532 0.000000e+00 1.0000 
    i_plic                                                     timing_tt_0p80v_25c    2046.228        2171   1295.756 0.000000e+00 1.0000 
      gen_target[0].i_target                                   timing_tt_0p80v_25c     525.133         654    321.930 0.000000e+00 1.0000 
      gen_target[1].i_target                                   timing_tt_0p80v_25c     493.374         624    300.860 0.000000e+00 1.0000 
      i_plic_regs                                              timing_tt_0p80v_25c     354.116         506    241.374 0.000000e+00 1.0000 
      i_rv_plic_gateway                                        timing_tt_0p80v_25c      26.455          28     21.168 0.000000e+00 1.0000 
    i_timer                                                    timing_tt_0p80v_25c    1417.745        1063   1068.298 0.000000e+00 1.0000 
      TIMER_GEN[1].timer_i                                     timing_tt_0p80v_25c     680.161         508    516.656 0.000000e+00 1.0000 
      TIMER_GEN[0].timer_i                                     timing_tt_0p80v_25c     678.673         506    515.774 0.000000e+00 1.0000 
    i_apb_to_reg                                               timing_tt_0p80v_25c       0.392           1      0.392 0.000000e+00 1.0000 
  i_dm_top                                                     timing_tt_0p80v_25c    3567.963        3174   2605.820 0.000000e+00 1.0000 
    i_dm_csrs                                                  timing_tt_0p80v_25c    2425.036        2116   1909.138 0.000000e+00 1.0000 
      i_fifo                                                   timing_tt_0p80v_25c     243.520         132    206.094 0.000000e+00 1.0000 
        i_fifo_v3                                              timing_tt_0p80v_25c     243.018         132    206.094 0.000000e+00 1.0000 
    i_dm_mem                                                   timing_tt_0p80v_25c     715.318         739    502.936 0.000000e+00 1.0000 
      gen_rom_snd_scratch.i_debug_rom                          timing_tt_0p80v_25c      84.683         120     56.546 0.000000e+00 1.0000 
    i_dm_sba                                                   timing_tt_0p80v_25c     268.561         319    193.746 0.000000e+00 1.0000 
  i_axi2mem                                                    timing_tt_0p80v_25c    1896.544        1603   1315.846 0.000000e+00 1.0000 
  i_dm_axi2mem                                                 timing_tt_0p80v_25c    1829.996        1629   1267.728 0.000000e+00 1.0000 
  i_axi2rom                                                    timing_tt_0p80v_25c    1814.612        1545   1268.806 0.000000e+00 1.0000 
  i_dmi_jtag                                                   timing_tt_0p80v_25c     968.801         650    799.680 0.000000e+00 1.0000 
    i_dmi_cdc                                                  timing_tt_0p80v_25c     343.815         188    321.440 0.000000e+00 1.0000 
      i_cdc_req                                                timing_tt_0p80v_25c     186.152         102    174.048 0.000000e+00 1.0000 
        i_dst                                                  timing_tt_0p80v_25c      90.716          52     88.788 0.000000e+00 1.0000 
        i_src                                                  timing_tt_0p80v_25c      86.083          49     85.064 0.000000e+00 1.0000 
      i_cdc_resp                                               timing_tt_0p80v_25c     157.467          85    147.196 0.000000e+00 1.0000 
        i_dst                                                  timing_tt_0p80v_25c      77.086          44     75.362 0.000000e+00 1.0000 
        i_src                                                  timing_tt_0p80v_25c      72.649          41     71.834 0.000000e+00 1.0000 
    i_dmi_jtag_tap                                             timing_tt_0p80v_25c     298.127         238    232.946 0.000000e+00 1.0000 
      i_tck_inv                                                timing_tt_0p80v_25c       0.196           1      0.196 0.000000e+00 1.0000 
        i_tc_clk_inverter                                      timing_tt_0p80v_25c       0.196           1      0.196 0.000000e+00 1.0000 
  i_clint                                                      timing_tt_0p80v_25c     939.288         702    731.864 0.000000e+00 1.0000 
    axi_lite_interface_i                                       timing_tt_0p80v_25c     254.123         168    221.284 0.000000e+00 1.0000 
    i_sync_edge                                                timing_tt_0p80v_25c       7.279           5      6.370 0.000000e+00 1.0000 
      i_sync                                                   timing_tt_0p80v_25c       3.928           2      3.724 0.000000e+00 1.0000 
  i_dm_axi_master                                              timing_tt_0p80v_25c     303.844         266    245.490 0.000000e+00 1.0000 
  i_bootrom                                                    timing_tt_0p80v_25c      21.861          29     17.640 0.000000e+00 1.0000 
  i_rstgen_main                                                timing_tt_0p80v_25c       8.059           4      7.448 0.000000e+00 1.0000 
    i_rstgen_bypass                                            timing_tt_0p80v_25c       8.059           4      7.448 0.000000e+00 1.0000 
