=============================================================================
# Generated by: Cadence Genus(TM) Synthesis Solution 19.12-s121_1
# Generated on: Dec  7 2024 01:28:24
=============================================================================
Library : tcbn22ullbwp7t30p140tt0p8v25c
         No memory cells found

Library : sram128x128_tt_typical_0p80v_0p80v_25c
         Memory Cell: sram128x128
         Memory Type: ram
         Memory word width: 128
         Memory address width: 7
--------------------------------------------------------------------------------
   PIN/BUS    DIRECTION IS_   BUS_TYPE CAPACI- RELATED_        TIMING_  TIMING_
                        BUS              TANCE      PIN           TYPE    SENSE
--------------------------------------------------------------------------------
         q       output YES sram128x12 0.00000    pgen         preset positive
                                   8_q                                 _unate
                                                  pgen         preset positive
                                                                       _unate
                                                   clk    rising_edge non_unat
                                                                            e
                                                   clk    rising_edge non_unat
                                                                            e
                                                   clk    rising_edge non_unat
                                                                            e
                                                   clk    rising_edge non_unat
                                                                            e
                                                   clk    rising_edge non_unat
                                                                            e
                                                   clk    rising_edge non_unat
                                                                            e
                                                   clk    rising_edge non_unat
                                                                            e
                                                   clk    rising_edge non_unat
                                                                            e
                                                   clk    rising_edge non_unat
                                                                            e
                                                   clk    rising_edge non_unat
                                                                            e
                                                   clk    rising_edge non_unat
                                                                            e
                                                   clk    rising_edge non_unat
                                                                            e
                                                   clk    rising_edge non_unat
                                                                            e
                                                   clk    rising_edge non_unat
                                                                            e
                                                   clk    rising_edge non_unat
                                                                            e
                                                   clk    rising_edge non_unat
                                                                            e
       cen        input  NO            2.72400   ret1n non_seq_hold_f positive
                                                               alling  _unate
                                                 ret1n non_seq_hold_r negative
                                                                ising  _unate
                                                 ret1n non_seq_setup_ positive
                                                              falling  _unate
                                                 ret1n non_seq_setup_ negative
                                                               rising  _unate
                                                  pgen non_seq_hold_f positive
                                                               alling  _unate
                                                  pgen non_seq_hold_f positive
                                                               alling  _unate
                                                  pgen non_seq_hold_f positive
                                                               alling  _unate
                                                  pgen non_seq_hold_r negative
                                                                ising  _unate
                                                  pgen non_seq_setup_ positive
                                                              falling  _unate
                                                  pgen non_seq_setup_ positive
                                                              falling  _unate
                                                  pgen non_seq_setup_ positive
                                                              falling  _unate
                                                  pgen non_seq_setup_ negative
                                                               rising  _unate
                                                   clk    hold_rising        
                                                   clk   setup_rising        
       wen        input  NO            2.85600     clk    hold_rising        
                                                   clk   setup_rising        
         a        input YES sram128x12 4.06600     clk    hold_rising        
                                   8_a                                       
                                                   clk    hold_rising        
                                                   clk    hold_rising        
                                                   clk    hold_rising        
                                                   clk   setup_rising        
                                                   clk   setup_rising        
                                                   clk   setup_rising        
                                                   clk   setup_rising        
         d        input YES sram128x12 1.82000     clk    hold_rising        
                                   8_d                                       
                                                   clk   setup_rising        
       ema        input YES sram128x12 5.89000     clk    hold_rising        
                                 8_ema                                       
                                                   clk   setup_rising        
      emaw        input YES sram128x12 3.04500     clk    hold_rising        
                                8_emaw                                       
                                                   clk   setup_rising        
      emas        input  NO            3.97400     clk    hold_rising        
                                                   clk   setup_rising        
     ret1n        input  NO            6.23400    pgen non_seq_hold_f negative
                                                               alling  _unate
                                                  pgen non_seq_hold_f positive
                                                               alling  _unate
                                                  pgen non_seq_setup_ negative
                                                              falling  _unate
                                                  pgen non_seq_setup_ positive
                                                              falling  _unate
                                                   cen non_seq_hold_r positive
                                                                ising  _unate
                                                   cen non_seq_hold_r negative
                                                                ising  _unate
                                                   cen non_seq_setup_ positive
                                                               rising  _unate
                                                   cen non_seq_setup_ negative
                                                               rising  _unate
     ret2n        input  NO            2.29800    pgen non_seq_hold_f negative
                                                               alling  _unate
                                                  pgen non_seq_setup_ negative
                                                              falling  _unate
      pgen        input  NO            3.73500   ret2n non_seq_hold_f negative
                                                               alling  _unate
                                                 ret2n non_seq_setup_ negative
                                                              falling  _unate
                                                 ret1n non_seq_hold_f negative
                                                               alling  _unate
                                                 ret1n non_seq_setup_ negative
                                                              falling  _unate
                                                   cen non_seq_hold_r positive
                                                                ising  _unate
                                                   cen non_seq_hold_r negative
                                                                ising  _unate
                                                   cen non_seq_setup_ positive
                                                               rising  _unate
                                                   cen non_seq_setup_ negative
                                                               rising  _unate
      wabl        input  NO            4.06600     clk    hold_rising        
                                                   clk   setup_rising        
     wablm        input YES sram128x12 4.06600     clk    hold_rising        
                               8_wablm                                       
                                                   clk   setup_rising        
      rawl        input  NO            4.06600     clk    hold_rising        
                                                   clk   setup_rising        
     rawlm        input YES sram128x12 4.06600     clk    hold_rising        
                               8_rawlm                                       
                                                   clk   setup_rising        
     prdyn       output  NO            0.00000    pgen  combinational positive
                                                                       _unate
                                                  pgen  combinational positive
                                                                       _unate
--------------------------------------------------------------------------------
     CLOCK       DIRECTION CAPACITANCE       MAX_ MIN_PULSE_ MIN_PULSE_     MIN_
                                       TRANSITION WIDTH_HIGH  WIDTH_LOW   PERIOD
--------------------------------------------------------------------------------
       clk           input    9.816999        292 156.000000 134.000000 458.000000

--------------------------------------------------------------------------------

Library : sram128x46_tt_typical_0p80v_0p80v_25c
         Memory Cell: sram128x46
         Memory Type: ram
         Memory word width: 46
         Memory address width: 7
--------------------------------------------------------------------------------
   PIN/BUS    DIRECTION IS_   BUS_TYPE CAPACI- RELATED_        TIMING_  TIMING_
                        BUS              TANCE      PIN           TYPE    SENSE
--------------------------------------------------------------------------------
         q       output YES sram128x46 0.00000    pgen         preset positive
                                    _q                                 _unate
                                                  pgen         preset positive
                                                                       _unate
                                                   clk    rising_edge non_unat
                                                                            e
                                                   clk    rising_edge non_unat
                                                                            e
                                                   clk    rising_edge non_unat
                                                                            e
                                                   clk    rising_edge non_unat
                                                                            e
                                                   clk    rising_edge non_unat
                                                                            e
                                                   clk    rising_edge non_unat
                                                                            e
                                                   clk    rising_edge non_unat
                                                                            e
                                                   clk    rising_edge non_unat
                                                                            e
                                                   clk    rising_edge non_unat
                                                                            e
                                                   clk    rising_edge non_unat
                                                                            e
                                                   clk    rising_edge non_unat
                                                                            e
                                                   clk    rising_edge non_unat
                                                                            e
                                                   clk    rising_edge non_unat
                                                                            e
                                                   clk    rising_edge non_unat
                                                                            e
                                                   clk    rising_edge non_unat
                                                                            e
                                                   clk    rising_edge non_unat
                                                                            e
       cen        input  NO            2.72400   ret1n non_seq_hold_f positive
                                                               alling  _unate
                                                 ret1n non_seq_hold_r negative
                                                                ising  _unate
                                                 ret1n non_seq_setup_ positive
                                                              falling  _unate
                                                 ret1n non_seq_setup_ negative
                                                               rising  _unate
                                                  pgen non_seq_hold_f positive
                                                               alling  _unate
                                                  pgen non_seq_hold_f positive
                                                               alling  _unate
                                                  pgen non_seq_hold_f positive
                                                               alling  _unate
                                                  pgen non_seq_hold_r negative
                                                                ising  _unate
                                                  pgen non_seq_setup_ positive
                                                              falling  _unate
                                                  pgen non_seq_setup_ positive
                                                              falling  _unate
                                                  pgen non_seq_setup_ positive
                                                              falling  _unate
                                                  pgen non_seq_setup_ negative
                                                               rising  _unate
                                                   clk    hold_rising        
                                                   clk   setup_rising        
       wen        input  NO            2.85600     clk    hold_rising        
                                                   clk   setup_rising        
         a        input YES sram128x46 4.06600     clk    hold_rising        
                                    _a                                       
                                                   clk    hold_rising        
                                                   clk    hold_rising        
                                                   clk    hold_rising        
                                                   clk   setup_rising        
                                                   clk   setup_rising        
                                                   clk   setup_rising        
                                                   clk   setup_rising        
         d        input YES sram128x46 1.82000     clk    hold_rising        
                                    _d                                       
                                                   clk   setup_rising        
       ema        input YES sram128x46 5.89000     clk    hold_rising        
                                  _ema                                       
                                                   clk   setup_rising        
      emaw        input YES sram128x46 3.04500     clk    hold_rising        
                                 _emaw                                       
                                                   clk   setup_rising        
      emas        input  NO            3.97400     clk    hold_rising        
                                                   clk   setup_rising        
     ret1n        input  NO            6.23400    pgen non_seq_hold_f negative
                                                               alling  _unate
                                                  pgen non_seq_hold_f positive
                                                               alling  _unate
                                                  pgen non_seq_setup_ negative
                                                              falling  _unate
                                                  pgen non_seq_setup_ positive
                                                              falling  _unate
                                                   cen non_seq_hold_r positive
                                                                ising  _unate
                                                   cen non_seq_hold_r negative
                                                                ising  _unate
                                                   cen non_seq_setup_ positive
                                                               rising  _unate
                                                   cen non_seq_setup_ negative
                                                               rising  _unate
     ret2n        input  NO            2.29800    pgen non_seq_hold_f negative
                                                               alling  _unate
                                                  pgen non_seq_setup_ negative
                                                              falling  _unate
      pgen        input  NO            3.73500   ret2n non_seq_hold_f negative
                                                               alling  _unate
                                                 ret2n non_seq_setup_ negative
                                                              falling  _unate
                                                 ret1n non_seq_hold_f negative
                                                               alling  _unate
                                                 ret1n non_seq_setup_ negative
                                                              falling  _unate
                                                   cen non_seq_hold_r positive
                                                                ising  _unate
                                                   cen non_seq_hold_r negative
                                                                ising  _unate
                                                   cen non_seq_setup_ positive
                                                               rising  _unate
                                                   cen non_seq_setup_ negative
                                                               rising  _unate
      wabl        input  NO            4.06600     clk    hold_rising        
                                                   clk   setup_rising        
     wablm        input YES sram128x46 4.06600     clk    hold_rising        
                                _wablm                                       
                                                   clk   setup_rising        
      rawl        input  NO            4.06600     clk    hold_rising        
                                                   clk   setup_rising        
     rawlm        input YES sram128x46 4.06600     clk    hold_rising        
                                _rawlm                                       
                                                   clk   setup_rising        
     prdyn       output  NO            0.00000    pgen  combinational positive
                                                                       _unate
                                                  pgen  combinational positive
                                                                       _unate
--------------------------------------------------------------------------------
     CLOCK       DIRECTION CAPACITANCE       MAX_ MIN_PULSE_ MIN_PULSE_     MIN_
                                       TRANSITION WIDTH_HIGH  WIDTH_LOW   PERIOD
--------------------------------------------------------------------------------
       clk           input    9.816999        292 156.000000 134.000000 435.000000

--------------------------------------------------------------------------------

Library : sram1024x64_tt_typical_0p80v_0p80v_25c
         Memory Cell: sram1024x64
         Memory Type: ram
         Memory word width: 64
         Memory address width: 10
--------------------------------------------------------------------------------
   PIN/BUS    DIRECTION IS_   BUS_TYPE CAPACI- RELATED_        TIMING_  TIMING_
                        BUS              TANCE      PIN           TYPE    SENSE
--------------------------------------------------------------------------------
         Q       output YES sram1024x6 0.00000     CLK    rising_edge non_unat
                                   4_Q                                      e
                                                   CLK    rising_edge non_unat
                                                                            e
                                                   CLK    rising_edge non_unat
                                                                            e
                                                   CLK    rising_edge non_unat
                                                                            e
                                                   CLK    rising_edge non_unat
                                                                            e
                                                   CLK    rising_edge non_unat
                                                                            e
                                                   CLK    rising_edge non_unat
                                                                            e
                                                   CLK    rising_edge non_unat
                                                                            e
                                                   CLK    rising_edge non_unat
                                                                            e
                                                   CLK    rising_edge non_unat
                                                                            e
                                                   CLK    rising_edge non_unat
                                                                            e
                                                   CLK    rising_edge non_unat
                                                                            e
                                                   CLK    rising_edge non_unat
                                                                            e
                                                   CLK    rising_edge non_unat
                                                                            e
                                                   CLK    rising_edge non_unat
                                                                            e
                                                   CLK    rising_edge non_unat
                                                                            e
       CEN        input  NO            4.11500   RET1N non_seq_hold_f positive
                                                               alling  _unate
                                                 RET1N non_seq_hold_r negative
                                                                ising  _unate
                                                 RET1N non_seq_setup_ positive
                                                              falling  _unate
                                                 RET1N non_seq_setup_ negative
                                                               rising  _unate
                                                   CLK    hold_rising        
                                                   CLK   setup_rising        
      GWEN        input  NO            2.78100     CLK    hold_rising        
                                                   CLK   setup_rising        
         A        input YES sram1024x6 1.27400     CLK    hold_rising        
                                   4_A                                       
                                                   CLK    hold_rising        
                                                   CLK    hold_rising        
                                                   CLK    hold_rising        
                                                   CLK   setup_rising        
                                                   CLK   setup_rising        
                                                   CLK   setup_rising        
                                                   CLK   setup_rising        
         D        input YES sram1024x6 1.72300     CLK    hold_rising        
                                   4_D                                       
                                                   CLK   setup_rising        
       WEN        input YES sram1024x6 1.34900     CLK    hold_rising        
                                 4_WEN                                       
                                                   CLK   setup_rising        
      STOV        input  NO            2.53500     CLK    hold_rising        
                                                   CLK   setup_rising        
       EMA        input YES sram1024x6 1.78300     CLK    hold_rising        
                                 4_EMA                                       
                                                   CLK   setup_rising        
      EMAW        input YES sram1024x6 2.54300     CLK    hold_rising        
                                4_EMAW                                       
                                                   CLK   setup_rising        
      EMAS        input  NO            2.01200     CLK    hold_rising        
                                                   CLK   setup_rising        
     RET1N        input  NO            3.82500     CEN non_seq_hold_r positive
                                                                ising  _unate
                                                   CEN non_seq_hold_r negative
                                                                ising  _unate
                                                   CEN non_seq_setup_ positive
                                                               rising  _unate
                                                   CEN non_seq_setup_ negative
                                                               rising  _unate
      RAWL        input  NO            1.27400     CLK    hold_rising        
                                                   CLK   setup_rising        
     RAWLM        input YES sram1024x6 1.27400     CLK    hold_rising        
                               4_RAWLM                                       
                                                   CLK   setup_rising        
      WABL        input  NO            1.27400     CLK    hold_rising        
                                                   CLK   setup_rising        
     WABLM        input YES sram1024x6 1.27400     CLK    hold_rising        
                               4_WABLM                                       
                                                   CLK   setup_rising        
--------------------------------------------------------------------------------
     CLOCK       DIRECTION CAPACITANCE       MAX_ MIN_PULSE_ MIN_PULSE_     MIN_
                                       TRANSITION WIDTH_HIGH  WIDTH_LOW   PERIOD
--------------------------------------------------------------------------------
       CLK           input   14.082000        292 163.000000 181.000000 736.000000

--------------------------------------------------------------------------------
