        Initializing DRC engine.
============================================================
  Generated by:           Genus(TM) Synthesis Solution 19.12-s121_1
  Generated on:           Dec 07 2024  01:27:39 am
  Module:                 soc
  Library domain:         timing_tt_0p80v_25c
    Domain index:         0
    Technology libraries: tcbn22ullbwp7t30p140tt0p8v25c 110
                          sram128x128_tt_typical_0p80v_0p80v_25c 1.1
                          sram128x46_tt_typical_0p80v_0p80v_25c 1.1
                          sram1024x64_tt_typical_0p80v_0p80v_25c 1.1
  Library domain:         timing_tt_0p80v_85c
    Domain index:         1
    Technology libraries: tcbn22ullbwp7t30p140tt0p8v85c 110
                          sram128x128_tt_typical_0p80v_0p80v_85c 1.1
                          sram128x46_tt_typical_0p80v_0p80v_85c 1.1
                          sram1024x64_tt_typical_0p80v_0p80v_85c 1.1
  Operating conditions:   tt0p8v25c 
  Operating conditions:   tt0p8v85c 
  Interconnect mode:      global
  Area mode:              physical library
============================================================

Mode func_tt_0p80v_25c:
Max_transition design rule (violation total = 2784)
Pin                                       Slew (ps)           Max     Violation
---------------------------------------------------------------------------------
fopt/I                                          710           150           560
  --> Other violations on net                           1120
fopt1946/Z                                      710           150           560
  --> Other violations on net                           1120
i_dmi_jtag/i_dmi_jtag_tap/g2254/ZN              702           150           552
  --> Other violations on net                           552


Max_capacitance design rule (violation total = 710.3)
Pin                                       Load (ff)           Max     Violation
---------------------------------------------------------------------------------
i_dmi_jtag/i_dmi_jtag_tap/g2254/ZN           1500.8        1049.0         451.8
fopt/I                                       1501.5        1243.0         258.5
fopt1946/Z                                   1501.5        1243.0         258.5


Max_fanout design rule (violation total = 21.000)
Pin                                                         Fanout           Max     Violation
------------------------------------------------------------------------------------------------
i_axi2rom/g8017/Z                                           28.000        16.000        12.000
i_axi2rom/g8017/Z                                           28.000        16.000        12.000
i_axi2rom/g8017/Z                                           28.000        16.000        12.000
i_axi2rom/g8017/Z                                           28.000        16.000        12.000
i_axi2rom/g8017/Z                                           28.000        16.000        12.000
i_axi2rom/g8017/Z                                           28.000        16.000        12.000
i_axi2rom/g8017/Z                                           28.000        16.000        12.000
i_axi2rom/g8017/Z                                           28.000        16.000        12.000
i_axi2rom/g8017/Z                                           28.000        16.000        12.000
i_axi2rom/g8017/Z                                           28.000        16.000        12.000
i_axi2rom/g8017/Z                                           28.000        16.000        12.000
i_axi2rom/g8017/Z                                           28.000        16.000        12.000
i_axi2rom/g8017/Z                                           28.000        16.000        12.000
i_axi2rom/g8017/Z                                           28.000        16.000        12.000
i_axi2rom/g8017/Z                                           28.000        16.000        12.000
i_axi2rom/g8017/Z                                           28.000        16.000        12.000
i_axi2rom/g8017/Z                                           28.000        16.000        12.000
i_axi2rom/g8017/Z                                           28.000        16.000        12.000
i_axi2rom/g8017/Z                                           28.000        16.000        12.000
i_axi2rom/g8017/Z                                           28.000        16.000        12.000
i_axi2rom/g8017/Z                                           28.000        16.000        12.000
i_axi2rom/g8017/Z                                           28.000        16.000        12.000
i_axi2rom/g8017/Z                                           28.000        16.000        12.000
i_axi2rom/g8017/Z                                           28.000        16.000        12.000
i_axi2rom/g8017/Z                                           28.000        16.000        12.000
i_axi2rom/g8017/Z                                           28.000        16.000        12.000
i_axi2rom/g8017/Z                                           28.000        16.000        12.000
i_axi2rom/g8017/Z                                           28.000        16.000        12.000
i_axi2rom/g8017/Z                                           28.000        16.000        12.000
i_cpu/gen_perf_counter.perf_counters_i/g38228_0/Z           21.000        16.000         5.000
i_cpu/gen_perf_counter.perf_counters_i/g38228_0/Z           21.000        16.000         5.000
i_cpu/gen_perf_counter.perf_counters_i/g38228_0/Z           21.000        16.000         5.000
i_cpu/gen_perf_counter.perf_counters_i/g38228_0/Z           21.000        16.000         5.000
i_cpu/gen_perf_counter.perf_counters_i/g38228_0/Z           21.000        16.000         5.000
i_cpu/gen_perf_counter.perf_counters_i/g38228_0/Z           21.000        16.000         5.000
i_cpu/gen_perf_counter.perf_counters_i/g38228_0/Z           21.000        16.000         5.000
i_cpu/gen_perf_counter.perf_counters_i/g38228_0/Z           21.000        16.000         5.000
i_cpu/gen_perf_counter.perf_counters_i/g38228_0/Z           21.000        16.000         5.000
i_cpu/gen_perf_counter.perf_counters_i/g38228_0/Z           21.000        16.000         5.000
i_cpu/gen_perf_counter.perf_counters_i/g38228_0/Z           21.000        16.000         5.000
i_cpu/gen_perf_counter.perf_counters_i/g38228_0/Z           21.000        16.000         5.000
i_cpu/gen_perf_counter.perf_counters_i/g38228_0/Z           21.000        16.000         5.000
i_cpu/gen_perf_counter.perf_counters_i/g38228_0/Z           21.000        16.000         5.000
i_cpu/gen_perf_counter.perf_counters_i/g38228_0/Z           21.000        16.000         5.000
i_cpu/gen_perf_counter.perf_counters_i/g38228_0/Z           21.000        16.000         5.000
i_cpu/gen_perf_counter.perf_counters_i/g38228_0/Z           21.000        16.000         5.000
i_cpu/gen_perf_counter.perf_counters_i/g38228_0/Z           21.000        16.000         5.000
i_cpu/gen_perf_counter.perf_counters_i/g38228_0/Z           21.000        16.000         5.000
i_cpu/gen_perf_counter.perf_counters_i/g38228_0/Z           21.000        16.000         5.000
i_cpu/gen_perf_counter.perf_counters_i/g38228_0/Z           21.000        16.000         5.000
i_cpu/gen_perf_counter.perf_counters_i/g38228_0/Z           21.000        16.000         5.000
i_cpu/gen_perf_counter.perf_counters_i/g39169/Z             20.000        16.000         4.000
i_cpu/gen_perf_counter.perf_counters_i/g39169/Z             20.000        16.000         4.000
i_cpu/gen_perf_counter.perf_counters_i/g39169/Z             20.000        16.000         4.000
i_cpu/gen_perf_counter.perf_counters_i/g39169/Z             20.000        16.000         4.000
i_cpu/gen_perf_counter.perf_counters_i/g39169/Z             20.000        16.000         4.000
i_cpu/gen_perf_counter.perf_counters_i/g39169/Z             20.000        16.000         4.000
i_cpu/gen_perf_counter.perf_counters_i/g39169/Z             20.000        16.000         4.000
i_cpu/gen_perf_counter.perf_counters_i/g39169/Z             20.000        16.000         4.000
i_cpu/gen_perf_counter.perf_counters_i/g39169/Z             20.000        16.000         4.000
i_cpu/gen_perf_counter.perf_counters_i/g39169/Z             20.000        16.000         4.000
i_cpu/gen_perf_counter.perf_counters_i/g39169/Z             20.000        16.000         4.000
i_cpu/gen_perf_counter.perf_counters_i/g39169/Z             20.000        16.000         4.000
i_cpu/gen_perf_counter.perf_counters_i/g39169/Z             20.000        16.000         4.000
i_cpu/gen_perf_counter.perf_counters_i/g39169/Z             20.000        16.000         4.000
i_cpu/gen_perf_counter.perf_counters_i/g39169/Z             20.000        16.000         4.000
i_cpu/gen_perf_counter.perf_counters_i/g39169/Z             20.000        16.000         4.000
i_cpu/gen_perf_counter.perf_counters_i/g39169/Z             20.000        16.000         4.000
i_cpu/gen_perf_counter.perf_counters_i/g39169/Z             20.000        16.000         4.000
i_cpu/gen_perf_counter.perf_counters_i/g39169/Z             20.000        16.000         4.000
i_cpu/gen_perf_counter.perf_counters_i/g39169/Z             20.000        16.000         4.000
i_cpu/gen_perf_counter.perf_counters_i/g39169/Z             20.000        16.000         4.000


Mode func_tt_0p80v_85c:
Max_transition design rule (violation total = 2671)
Pin                                       Slew (ps)           Max     Violation
---------------------------------------------------------------------------------
fopt/I                                          688           150           538
  --> Other violations on net                           1076
fopt1946/Z                                      688           150           538
  --> Other violations on net                           1076
i_dmi_jtag/i_dmi_jtag_tap/g2254/ZN              678           150           528
  --> Other violations on net                           528


Max_capacitance design rule (violation total = 710.4)
Pin                                       Load (ff)           Max     Violation
---------------------------------------------------------------------------------
i_dmi_jtag/i_dmi_jtag_tap/g2254/ZN           1500.8        1049.0         451.8
fopt/I                                       1501.6        1243.0         258.6
fopt1946/Z                                   1501.6        1243.0         258.6


Max_fanout design rule (violation total = 21.000)
Pin                                                         Fanout           Max     Violation
------------------------------------------------------------------------------------------------
i_axi2rom/g8017/Z                                           28.000        16.000        12.000
i_axi2rom/g8017/Z                                           28.000        16.000        12.000
i_axi2rom/g8017/Z                                           28.000        16.000        12.000
i_axi2rom/g8017/Z                                           28.000        16.000        12.000
i_axi2rom/g8017/Z                                           28.000        16.000        12.000
i_axi2rom/g8017/Z                                           28.000        16.000        12.000
i_axi2rom/g8017/Z                                           28.000        16.000        12.000
i_axi2rom/g8017/Z                                           28.000        16.000        12.000
i_axi2rom/g8017/Z                                           28.000        16.000        12.000
i_axi2rom/g8017/Z                                           28.000        16.000        12.000
i_axi2rom/g8017/Z                                           28.000        16.000        12.000
i_axi2rom/g8017/Z                                           28.000        16.000        12.000
i_axi2rom/g8017/Z                                           28.000        16.000        12.000
i_axi2rom/g8017/Z                                           28.000        16.000        12.000
i_axi2rom/g8017/Z                                           28.000        16.000        12.000
i_axi2rom/g8017/Z                                           28.000        16.000        12.000
i_axi2rom/g8017/Z                                           28.000        16.000        12.000
i_axi2rom/g8017/Z                                           28.000        16.000        12.000
i_axi2rom/g8017/Z                                           28.000        16.000        12.000
i_axi2rom/g8017/Z                                           28.000        16.000        12.000
i_axi2rom/g8017/Z                                           28.000        16.000        12.000
i_axi2rom/g8017/Z                                           28.000        16.000        12.000
i_axi2rom/g8017/Z                                           28.000        16.000        12.000
i_axi2rom/g8017/Z                                           28.000        16.000        12.000
i_axi2rom/g8017/Z                                           28.000        16.000        12.000
i_axi2rom/g8017/Z                                           28.000        16.000        12.000
i_axi2rom/g8017/Z                                           28.000        16.000        12.000
i_axi2rom/g8017/Z                                           28.000        16.000        12.000
i_axi2rom/g8017/Z                                           28.000        16.000        12.000
i_cpu/gen_perf_counter.perf_counters_i/g38228_0/Z           21.000        16.000         5.000
i_cpu/gen_perf_counter.perf_counters_i/g38228_0/Z           21.000        16.000         5.000
i_cpu/gen_perf_counter.perf_counters_i/g38228_0/Z           21.000        16.000         5.000
i_cpu/gen_perf_counter.perf_counters_i/g38228_0/Z           21.000        16.000         5.000
i_cpu/gen_perf_counter.perf_counters_i/g38228_0/Z           21.000        16.000         5.000
i_cpu/gen_perf_counter.perf_counters_i/g38228_0/Z           21.000        16.000         5.000
i_cpu/gen_perf_counter.perf_counters_i/g38228_0/Z           21.000        16.000         5.000
i_cpu/gen_perf_counter.perf_counters_i/g38228_0/Z           21.000        16.000         5.000
i_cpu/gen_perf_counter.perf_counters_i/g38228_0/Z           21.000        16.000         5.000
i_cpu/gen_perf_counter.perf_counters_i/g38228_0/Z           21.000        16.000         5.000
i_cpu/gen_perf_counter.perf_counters_i/g38228_0/Z           21.000        16.000         5.000
i_cpu/gen_perf_counter.perf_counters_i/g38228_0/Z           21.000        16.000         5.000
i_cpu/gen_perf_counter.perf_counters_i/g38228_0/Z           21.000        16.000         5.000
i_cpu/gen_perf_counter.perf_counters_i/g38228_0/Z           21.000        16.000         5.000
i_cpu/gen_perf_counter.perf_counters_i/g38228_0/Z           21.000        16.000         5.000
i_cpu/gen_perf_counter.perf_counters_i/g38228_0/Z           21.000        16.000         5.000
i_cpu/gen_perf_counter.perf_counters_i/g38228_0/Z           21.000        16.000         5.000
i_cpu/gen_perf_counter.perf_counters_i/g38228_0/Z           21.000        16.000         5.000
i_cpu/gen_perf_counter.perf_counters_i/g38228_0/Z           21.000        16.000         5.000
i_cpu/gen_perf_counter.perf_counters_i/g38228_0/Z           21.000        16.000         5.000
i_cpu/gen_perf_counter.perf_counters_i/g38228_0/Z           21.000        16.000         5.000
i_cpu/gen_perf_counter.perf_counters_i/g38228_0/Z           21.000        16.000         5.000
i_cpu/gen_perf_counter.perf_counters_i/g39169/Z             20.000        16.000         4.000
i_cpu/gen_perf_counter.perf_counters_i/g39169/Z             20.000        16.000         4.000
i_cpu/gen_perf_counter.perf_counters_i/g39169/Z             20.000        16.000         4.000
i_cpu/gen_perf_counter.perf_counters_i/g39169/Z             20.000        16.000         4.000
i_cpu/gen_perf_counter.perf_counters_i/g39169/Z             20.000        16.000         4.000
i_cpu/gen_perf_counter.perf_counters_i/g39169/Z             20.000        16.000         4.000
i_cpu/gen_perf_counter.perf_counters_i/g39169/Z             20.000        16.000         4.000
i_cpu/gen_perf_counter.perf_counters_i/g39169/Z             20.000        16.000         4.000
i_cpu/gen_perf_counter.perf_counters_i/g39169/Z             20.000        16.000         4.000
i_cpu/gen_perf_counter.perf_counters_i/g39169/Z             20.000        16.000         4.000
i_cpu/gen_perf_counter.perf_counters_i/g39169/Z             20.000        16.000         4.000
i_cpu/gen_perf_counter.perf_counters_i/g39169/Z             20.000        16.000         4.000
i_cpu/gen_perf_counter.perf_counters_i/g39169/Z             20.000        16.000         4.000
i_cpu/gen_perf_counter.perf_counters_i/g39169/Z             20.000        16.000         4.000
i_cpu/gen_perf_counter.perf_counters_i/g39169/Z             20.000        16.000         4.000
i_cpu/gen_perf_counter.perf_counters_i/g39169/Z             20.000        16.000         4.000
i_cpu/gen_perf_counter.perf_counters_i/g39169/Z             20.000        16.000         4.000
i_cpu/gen_perf_counter.perf_counters_i/g39169/Z             20.000        16.000         4.000
i_cpu/gen_perf_counter.perf_counters_i/g39169/Z             20.000        16.000         4.000
i_cpu/gen_perf_counter.perf_counters_i/g39169/Z             20.000        16.000         4.000
i_cpu/gen_perf_counter.perf_counters_i/g39169/Z             20.000        16.000         4.000



