============================================================
  Generated by:           Genus(TM) Synthesis Solution 19.12-s121_1
  Generated on:           Dec 07 2024  01:28:19 am
  Module:                 soc
  Library domain:         timing_tt_0p80v_25c
    Domain index:         0
    Technology libraries: tcbn22ullbwp7t30p140tt0p8v25c 110
                          sram128x128_tt_typical_0p80v_0p80v_25c 1.1
                          sram128x46_tt_typical_0p80v_0p80v_25c 1.1
                          sram1024x64_tt_typical_0p80v_0p80v_25c 1.1
  Library domain:         timing_tt_0p80v_85c
    Domain index:         1
    Technology libraries: tcbn22ullbwp7t30p140tt0p8v85c 110
                          sram128x128_tt_typical_0p80v_0p80v_85c 1.1
                          sram128x46_tt_typical_0p80v_0p80v_85c 1.1
                          sram1024x64_tt_typical_0p80v_0p80v_85c 1.1
  Operating conditions:   tt0p8v25c 
  Operating conditions:   tt0p8v85c 
  Interconnect mode:      global
  Area mode:              physical library
============================================================

                                                                                          Library 
          Gate            Instances     Area                     Library                   Domain 
--------------------------------------------------------------------------------------------------
AN2D0BWP7T30P140                369     144.648    tcbn22ullbwp7t30p140tt0p8v25c                0 
AN2D1BWP7T30P140                248      97.216    tcbn22ullbwp7t30p140tt0p8v25c                0 
AN2D2BWP7T30P140                133      65.170    tcbn22ullbwp7t30p140tt0p8v25c                0 
AN2D4BWP7T30P140                 68      59.976    tcbn22ullbwp7t30p140tt0p8v25c                0 
AN2D8BWP7T30P140                 10      14.700    tcbn22ullbwp7t30p140tt0p8v25c                0 
AN2OPTPAD1BWP7T30P140             1       0.588    tcbn22ullbwp7t30p140tt0p8v25c                0 
AN2OPTPAD2BWP7T30P140             4       2.744    tcbn22ullbwp7t30p140tt0p8v25c                0 
AN2OPTPAD4BWP7T30P140             5       5.390    tcbn22ullbwp7t30p140tt0p8v25c                0 
AN3D0BWP7T30P140                 24      11.760    tcbn22ullbwp7t30p140tt0p8v25c                0 
AN3D1BWP7T30P140                351     171.990    tcbn22ullbwp7t30p140tt0p8v25c                0 
AN3D2BWP7T30P140                  3       1.764    tcbn22ullbwp7t30p140tt0p8v25c                0 
AN3D4BWP7T30P140                  5       5.390    tcbn22ullbwp7t30p140tt0p8v25c                0 
AN4D0BWP7T30P140                  6       3.528    tcbn22ullbwp7t30p140tt0p8v25c                0 
AN4D1BWP7T30P140               1199     705.012    tcbn22ullbwp7t30p140tt0p8v25c                0 
AO211D0BWP7T30P140                8       4.704    tcbn22ullbwp7t30p140tt0p8v25c                0 
AO211D1BWP7T30P140              597     351.036    tcbn22ullbwp7t30p140tt0p8v25c                0 
AO211D2BWP7T30P140                2       1.372    tcbn22ullbwp7t30p140tt0p8v25c                0 
AO21D0BWP7T30P140               158      77.420    tcbn22ullbwp7t30p140tt0p8v25c                0 
AO21D1BWP7T30P140              1720     842.800    tcbn22ullbwp7t30p140tt0p8v25c                0 
AO21D2BWP7T30P140                13       7.644    tcbn22ullbwp7t30p140tt0p8v25c                0 
AO21D4BWP7T30P140                 2       2.156    tcbn22ullbwp7t30p140tt0p8v25c                0 
AO221D0BWP7T30P140               65      50.960    tcbn22ullbwp7t30p140tt0p8v25c                0 
AO221D1BWP7T30P140             2260    1771.840    tcbn22ullbwp7t30p140tt0p8v25c                0 
AO221D2BWP7T30P140                2       1.764    tcbn22ullbwp7t30p140tt0p8v25c                0 
AO222D0BWP7T30P140              198     174.636    tcbn22ullbwp7t30p140tt0p8v25c                0 
AO222D1BWP7T30P140             2558    2256.156    tcbn22ullbwp7t30p140tt0p8v25c                0 
AO222D2BWP7T30P140               68      66.640    tcbn22ullbwp7t30p140tt0p8v25c                0 
AO22D0BWP7T30P140              1208     828.688    tcbn22ullbwp7t30p140tt0p8v25c                0 
AO22D1BWP7T30P140              3213    2204.118    tcbn22ullbwp7t30p140tt0p8v25c                0 
AO22D2BWP7T30P140                13      10.192    tcbn22ullbwp7t30p140tt0p8v25c                0 
AO22D4BWP7T30P140                 3       4.116    tcbn22ullbwp7t30p140tt0p8v25c                0 
AO31D0BWP7T30P140                 3       1.764    tcbn22ullbwp7t30p140tt0p8v25c                0 
AO31D1BWP7T30P140                29      17.052    tcbn22ullbwp7t30p140tt0p8v25c                0 
AO32D0BWP7T30P140                 8       6.272    tcbn22ullbwp7t30p140tt0p8v25c                0 
AO32D1BWP7T30P140                29      22.736    tcbn22ullbwp7t30p140tt0p8v25c                0 
AO33D0BWP7T30P140                 1       0.784    tcbn22ullbwp7t30p140tt0p8v25c                0 
AO33D1BWP7T30P140                 6       4.704    tcbn22ullbwp7t30p140tt0p8v25c                0 
AOI211D0BWP7T30P140             306     149.940    tcbn22ullbwp7t30p140tt0p8v25c                0 
AOI211D1BWP7T30P140               4       2.352    tcbn22ullbwp7t30p140tt0p8v25c                0 
AOI211OPTBD2BWP7T30P140           1       1.176    tcbn22ullbwp7t30p140tt0p8v25c                0 
AOI21D0BWP7T30P140                4       1.960    tcbn22ullbwp7t30p140tt0p8v25c                0 
AOI21D1BWP7T30P140              516     252.840    tcbn22ullbwp7t30p140tt0p8v25c                0 
AOI21D2BWP7T30P140               21      14.406    tcbn22ullbwp7t30p140tt0p8v25c                0 
AOI21D4BWP7T30P140               20      27.440    tcbn22ullbwp7t30p140tt0p8v25c                0 
AOI21OPTBD2BWP7T30P140            7       6.860    tcbn22ullbwp7t30p140tt0p8v25c                0 
AOI21OPTBD4BWP7T30P140           27      47.628    tcbn22ullbwp7t30p140tt0p8v25c                0 
AOI21OPTBD6BWP7T30P140            4      10.192    tcbn22ullbwp7t30p140tt0p8v25c                0 
AOI221D0BWP7T30P140            1135     778.610    tcbn22ullbwp7t30p140tt0p8v25c                0 
AOI221D1BWP7T30P140            2056    1410.416    tcbn22ullbwp7t30p140tt0p8v25c                0 
AOI221D2BWP7T30P140              15      17.640    tcbn22ullbwp7t30p140tt0p8v25c                0 
AOI221D4BWP7T30P140               2       2.352    tcbn22ullbwp7t30p140tt0p8v25c                0 
AOI222D0BWP7T30P140             336     263.424    tcbn22ullbwp7t30p140tt0p8v25c                0 
AOI222D1BWP7T30P140            1739    1363.376    tcbn22ullbwp7t30p140tt0p8v25c                0 
AOI222D2BWP7T30P140               2       2.744    tcbn22ullbwp7t30p140tt0p8v25c                0 
AOI222D4BWP7T30P140               1       1.274    tcbn22ullbwp7t30p140tt0p8v25c                0 
AOI22D0BWP7T30P140             1150     563.500    tcbn22ullbwp7t30p140tt0p8v25c                0 
AOI22D1BWP7T30P140             7665    3755.850    tcbn22ullbwp7t30p140tt0p8v25c                0 
AOI22OPTPBD1BWP7T30P140          52      40.768    tcbn22ullbwp7t30p140tt0p8v25c                0 
AOI22OPTPBD2BWP7T30P140           1       1.078    tcbn22ullbwp7t30p140tt0p8v25c                0 
AOI22OPTPBD4BWP7T30P140           4       8.232    tcbn22ullbwp7t30p140tt0p8v25c                0 
AOI22OPTPBD6BWP7T30P140           1       3.038    tcbn22ullbwp7t30p140tt0p8v25c                0 
AOI31D1BWP7T30P140               72      42.336    tcbn22ullbwp7t30p140tt0p8v25c                0 
AOI31D4BWP7T30P140                2       3.528    tcbn22ullbwp7t30p140tt0p8v25c                0 
AOI32D0BWP7T30P140                2       1.372    tcbn22ullbwp7t30p140tt0p8v25c                0 
AOI32D1BWP7T30P140               69      47.334    tcbn22ullbwp7t30p140tt0p8v25c                0 
AOI33D1BWP7T30P140                7       5.488    tcbn22ullbwp7t30p140tt0p8v25c                0 
BUFFD12BWP7T30P140               29      48.314    tcbn22ullbwp7t30p140tt0p8v25c                0 
BUFFD16BWP7T30P140               10      21.560    tcbn22ullbwp7t30p140tt0p8v25c                0 
BUFFD2BWP7T30P140               112      43.904    tcbn22ullbwp7t30p140tt0p8v25c                0 
BUFFD3BWP7T30P140                 9       4.410    tcbn22ullbwp7t30p140tt0p8v25c                0 
BUFFD4BWP7T30P140               563     386.218    tcbn22ullbwp7t30p140tt0p8v25c                0 
BUFFD8BWP7T30P140               184     216.384    tcbn22ullbwp7t30p140tt0p8v25c                0 
CKAN2D1BWP7T30P140             1944     762.048    tcbn22ullbwp7t30p140tt0p8v25c                0 
CKAN2D2BWP7T30P140               31      15.190    tcbn22ullbwp7t30p140tt0p8v25c                0 
CKAN2D4BWP7T30P140               71      62.622    tcbn22ullbwp7t30p140tt0p8v25c                0 
CKAN2D8BWP7T30P140                4       5.880    tcbn22ullbwp7t30p140tt0p8v25c                0 
CKBD0BWP7T30P140               1614     474.516    tcbn22ullbwp7t30p140tt0p8v25c                0 
CKBD12BWP7T30P140              2297    3826.802    tcbn22ullbwp7t30p140tt0p8v25c                0 
CKBD1BWP7T30P140                 96      28.224    tcbn22ullbwp7t30p140tt0p8v25c                0 
CKBD4BWP7T30P140                 18      12.348    tcbn22ullbwp7t30p140tt0p8v25c                0 
CKBD6BWP7T30P140               2723    2401.686    tcbn22ullbwp7t30p140tt0p8v25c                0 
CKBD8BWP7T30P140                  2       2.352    tcbn22ullbwp7t30p140tt0p8v25c                0 
CKLNQD1BWP7T30P140              657     965.790    tcbn22ullbwp7t30p140tt0p8v25c                0 
CKND12BWP7T30P140                 6       7.644    tcbn22ullbwp7t30p140tt0p8v25c                0 
CKND16BWP7T30P140                 1       1.666    tcbn22ullbwp7t30p140tt0p8v25c                0 
CKND1BWP7T30P140                 13       2.548    tcbn22ullbwp7t30p140tt0p8v25c                0 
CKND2BWP7T30P140                 76      22.344    tcbn22ullbwp7t30p140tt0p8v25c                0 
CKND2D0BWP7T30P140             1389     408.366    tcbn22ullbwp7t30p140tt0p8v25c                0 
CKND2D1BWP7T30P140             4538    1334.172    tcbn22ullbwp7t30p140tt0p8v25c                0 
CKND2D2BWP7T30P140              196      96.040    tcbn22ullbwp7t30p140tt0p8v25c                0 
CKND2D3BWP7T30P140               39      26.754    tcbn22ullbwp7t30p140tt0p8v25c                0 
CKND2D4BWP7T30P140              170     149.940    tcbn22ullbwp7t30p140tt0p8v25c                0 
CKND2D8BWP7T30P140               32      53.312    tcbn22ullbwp7t30p140tt0p8v25c                0 
CKND3BWP7T30P140                 23       9.016    tcbn22ullbwp7t30p140tt0p8v25c                0 
CKND4BWP7T30P140                 15       7.350    tcbn22ullbwp7t30p140tt0p8v25c                0 
CKND6BWP7T30P140                 35      24.010    tcbn22ullbwp7t30p140tt0p8v25c                0 
CKND8BWP7T30P140                  4       3.528    tcbn22ullbwp7t30p140tt0p8v25c                0 
CKXOR2D0BWP7T30P140              16      15.680    tcbn22ullbwp7t30p140tt0p8v25c                0 
CKXOR2D1BWP7T30P140              24      23.520    tcbn22ullbwp7t30p140tt0p8v25c                0 
CKXOR2D2BWP7T30P140               3       3.234    tcbn22ullbwp7t30p140tt0p8v25c                0 
DCCKBD12BWP7T30P140              58     193.256    tcbn22ullbwp7t30p140tt0p8v25c                0 
DCCKBD16BWP7T30P140              19      81.928    tcbn22ullbwp7t30p140tt0p8v25c                0 
DCCKBD4BWP7T30P140             2097    2877.084    tcbn22ullbwp7t30p140tt0p8v25c                0 
DCCKND12BWP7T30P140              12      30.576    tcbn22ullbwp7t30p140tt0p8v25c                0 
DCCKND16BWP7T30P140              29      96.628    tcbn22ullbwp7t30p140tt0p8v25c                0 
DCCKND4BWP7T30P140               12      11.760    tcbn22ullbwp7t30p140tt0p8v25c                0 
DCCKND8BWP7T30P140                1       1.764    tcbn22ullbwp7t30p140tt0p8v25c                0 
DEL025D1BWP7T30P140               6       1.764    tcbn22ullbwp7t30p140tt0p8v25c                0 
DFCND1BWP7T30P140               639    1252.440    tcbn22ullbwp7t30p140tt0p8v25c                0 
DFCND4BWP7T30P140                 1       2.646    tcbn22ullbwp7t30p140tt0p8v25c                0 
DFCNQD1BWP7T30P140            29863   55604.906    tcbn22ullbwp7t30p140tt0p8v25c                0 
DFCNQD2BWP7T30P140               53     103.880    tcbn22ullbwp7t30p140tt0p8v25c                0 
DFCNQD4BWP7T30P140               11      24.794    tcbn22ullbwp7t30p140tt0p8v25c                0 
DFD1BWP7T30P140                   1       1.764    tcbn22ullbwp7t30p140tt0p8v25c                0 
DFQD1BWP7T30P140                  2       3.332    tcbn22ullbwp7t30p140tt0p8v25c                0 
DFQD2BWP7T30P140                  6       9.996    tcbn22ullbwp7t30p140tt0p8v25c                0 
DFSNQD2BWP7T30P140               27      52.920    tcbn22ullbwp7t30p140tt0p8v25c                0 
FA1D4BWP7T30P140                105     298.410    tcbn22ullbwp7t30p140tt0p8v25c                0 
FA1OPTCD1BWP7T30P140           2047    4012.120    tcbn22ullbwp7t30p140tt0p8v25c                0 
HA1D0BWP7T30P140                 30      38.220    tcbn22ullbwp7t30p140tt0p8v25c                0 
HA1D1BWP7T30P140                946    1205.204    tcbn22ullbwp7t30p140tt0p8v25c                0 
HA1D2BWP7T30P140                  2       2.940    tcbn22ullbwp7t30p140tt0p8v25c                0 
HA1D4BWP7T30P140                  2       4.508    tcbn22ullbwp7t30p140tt0p8v25c                0 
IND2D0BWP7T30P140                76      29.792    tcbn22ullbwp7t30p140tt0p8v25c                0 
IND2D1BWP7T30P140              1276     500.192    tcbn22ullbwp7t30p140tt0p8v25c                0 
IND2D2BWP7T30P140                17       9.996    tcbn22ullbwp7t30p140tt0p8v25c                0 
IND2D4BWP7T30P140                 5       4.900    tcbn22ullbwp7t30p140tt0p8v25c                0 
IND2OPTPAD2BWP7T30P140            5       3.430    tcbn22ullbwp7t30p140tt0p8v25c                0 
IND2OPTPAD4BWP7T30P140           13      17.836    tcbn22ullbwp7t30p140tt0p8v25c                0 
IND2OPTPAD8BWP7T30P140            1       2.450    tcbn22ullbwp7t30p140tt0p8v25c                0 
IND3D0BWP7T30P140                25      12.250    tcbn22ullbwp7t30p140tt0p8v25c                0 
IND3D1BWP7T30P140               333     163.170    tcbn22ullbwp7t30p140tt0p8v25c                0 
IND3D2BWP7T30P140                20      17.640    tcbn22ullbwp7t30p140tt0p8v25c                0 
IND3D4BWP7T30P140                 6       8.820    tcbn22ullbwp7t30p140tt0p8v25c                0 
IND4D1BWP7T30P140               107     104.860    tcbn22ullbwp7t30p140tt0p8v25c                0 
IND4D2BWP7T30P140                 6      11.760    tcbn22ullbwp7t30p140tt0p8v25c                0 
IND4D4BWP7T30P140                 1       3.528    tcbn22ullbwp7t30p140tt0p8v25c                0 
INR2D0BWP7T30P140               110      43.120    tcbn22ullbwp7t30p140tt0p8v25c                0 
INR2D1BWP7T30P140              2315     907.480    tcbn22ullbwp7t30p140tt0p8v25c                0 
INR2D2BWP7T30P140                85      49.980    tcbn22ullbwp7t30p140tt0p8v25c                0 
INR2D4BWP7T30P140               103     100.940    tcbn22ullbwp7t30p140tt0p8v25c                0 
INR2OPTPAD2BWP7T30P140           24      16.464    tcbn22ullbwp7t30p140tt0p8v25c                0 
INR2OPTPAD4BWP7T30P140           15      20.580    tcbn22ullbwp7t30p140tt0p8v25c                0 
INR2OPTPAD8BWP7T30P140            3       7.350    tcbn22ullbwp7t30p140tt0p8v25c                0 
INR3D0BWP7T30P140               682     334.180    tcbn22ullbwp7t30p140tt0p8v25c                0 
INR3D1BWP7T30P140                14      10.976    tcbn22ullbwp7t30p140tt0p8v25c                0 
INR3D2BWP7T30P140                 3       4.410    tcbn22ullbwp7t30p140tt0p8v25c                0 
INR4D1BWP7T30P140                19      20.482    tcbn22ullbwp7t30p140tt0p8v25c                0 
INR4D2BWP7T30P140                 3       5.880    tcbn22ullbwp7t30p140tt0p8v25c                0 
INVD0BWP7T30P140                 15       2.940    tcbn22ullbwp7t30p140tt0p8v25c                0 
INVD12BWP7T30P140               122     155.428    tcbn22ullbwp7t30p140tt0p8v25c                0 
INVD16BWP7T30P140                 7      11.662    tcbn22ullbwp7t30p140tt0p8v25c                0 
INVD1BWP7T30P140               7165    1404.340    tcbn22ullbwp7t30p140tt0p8v25c                0 
INVD2BWP7T30P140                593     174.342    tcbn22ullbwp7t30p140tt0p8v25c                0 
INVD3BWP7T30P140                245      96.040    tcbn22ullbwp7t30p140tt0p8v25c                0 
INVD4BWP7T30P140                317     155.330    tcbn22ullbwp7t30p140tt0p8v25c                0 
INVD6BWP7T30P140                265     181.790    tcbn22ullbwp7t30p140tt0p8v25c                0 
INVD8BWP7T30P140                169     149.058    tcbn22ullbwp7t30p140tt0p8v25c                0 
MAOI222D1BWP7T30P140            176     120.736    tcbn22ullbwp7t30p140tt0p8v25c                0 
MAOI222D2BWP7T30P140              1       0.980    tcbn22ullbwp7t30p140tt0p8v25c                0 
MAOI22D0BWP7T30P140              37      21.756    tcbn22ullbwp7t30p140tt0p8v25c                0 
MAOI22D1BWP7T30P140             364     214.032    tcbn22ullbwp7t30p140tt0p8v25c                0 
MAOI22D2BWP7T30P140              11       8.624    tcbn22ullbwp7t30p140tt0p8v25c                0 
MAOI22OPTBD2BWP7T30P140           7      10.976    tcbn22ullbwp7t30p140tt0p8v25c                0 
MOAI22D0BWP7T30P140             115      67.620    tcbn22ullbwp7t30p140tt0p8v25c                0 
MOAI22D1BWP7T30P140            2506    1473.528    tcbn22ullbwp7t30p140tt0p8v25c                0 
MOAI22D2BWP7T30P140               9       7.056    tcbn22ullbwp7t30p140tt0p8v25c                0 
MOAI22OPTBD2BWP7T30P140          32      50.176    tcbn22ullbwp7t30p140tt0p8v25c                0 
MOAI22OPTBD4BWP7T30P140           1       2.842    tcbn22ullbwp7t30p140tt0p8v25c                0 
MUX2D0BWP7T30P140              8680    5954.480    tcbn22ullbwp7t30p140tt0p8v25c                0 
MUX2D1BWP7T30P140             10459    7174.874    tcbn22ullbwp7t30p140tt0p8v25c                0 
MUX2D2BWP7T30P140                 6       4.704    tcbn22ullbwp7t30p140tt0p8v25c                0 
MUX2D4BWP7T30P140                 1       1.470    tcbn22ullbwp7t30p140tt0p8v25c                0 
MUX2ND0BWP7T30P140               54      47.628    tcbn22ullbwp7t30p140tt0p8v25c                0 
MUX2ND1BWP7T30P140               30      26.460    tcbn22ullbwp7t30p140tt0p8v25c                0 
MUX2ND2BWP7T30P140               18      17.640    tcbn22ullbwp7t30p140tt0p8v25c                0 
MUX2ND4BWP7T30P140                2       2.352    tcbn22ullbwp7t30p140tt0p8v25c                0 
MUX2OPTD1BWP7T30P140              2       1.960    tcbn22ullbwp7t30p140tt0p8v25c                0 
MUX2OPTD2BWP7T30P140             15      16.170    tcbn22ullbwp7t30p140tt0p8v25c                0 
MUX2OPTD4BWP7T30P140             22      36.652    tcbn22ullbwp7t30p140tt0p8v25c                0 
MUX3D0BWP7T30P140                 1       1.274    tcbn22ullbwp7t30p140tt0p8v25c                0 
MUX3D1BWP7T30P140                35      44.590    tcbn22ullbwp7t30p140tt0p8v25c                0 
MUX4D0BWP7T30P140                 1       1.862    tcbn22ullbwp7t30p140tt0p8v25c                0 
MUX4D1BWP7T30P140                 8      14.896    tcbn22ullbwp7t30p140tt0p8v25c                0 
MUX4D2BWP7T30P140                 1       1.960    tcbn22ullbwp7t30p140tt0p8v25c                0 
ND2D12BWP7T30P140                 1       2.450    tcbn22ullbwp7t30p140tt0p8v25c                0 
ND2D1BWP7T30P140               1620     476.280    tcbn22ullbwp7t30p140tt0p8v25c                0 
ND2D2BWP7T30P140                 26      12.740    tcbn22ullbwp7t30p140tt0p8v25c                0 
ND2D3BWP7T30P140                 31      21.266    tcbn22ullbwp7t30p140tt0p8v25c                0 
ND2D4BWP7T30P140                 62      54.684    tcbn22ullbwp7t30p140tt0p8v25c                0 
ND2D8BWP7T30P140                  2       3.332    tcbn22ullbwp7t30p140tt0p8v25c                0 
ND2OPTPAD12BWP7T30P140            1       3.038    tcbn22ullbwp7t30p140tt0p8v25c                0 
ND2OPTPAD1BWP7T30P140           167      65.464    tcbn22ullbwp7t30p140tt0p8v25c                0 
ND2OPTPAD2BWP7T30P140            79      46.452    tcbn22ullbwp7t30p140tt0p8v25c                0 
ND2OPTPAD4BWP7T30P140            24      25.872    tcbn22ullbwp7t30p140tt0p8v25c                0 
ND2OPTPAD6BWP7T30P140             6       9.408    tcbn22ullbwp7t30p140tt0p8v25c                0 
ND2OPTPAD8BWP7T30P140             3       6.174    tcbn22ullbwp7t30p140tt0p8v25c                0 
ND3D0BWP7T30P140                259     101.528    tcbn22ullbwp7t30p140tt0p8v25c                0 
ND3D1BWP7T30P140               2743    1075.256    tcbn22ullbwp7t30p140tt0p8v25c                0 
ND3D2BWP7T30P140                 13       8.918    tcbn22ullbwp7t30p140tt0p8v25c                0 
ND3D3BWP7T30P140                  8       7.840    tcbn22ullbwp7t30p140tt0p8v25c                0 
ND3D4BWP7T30P140                  3       4.116    tcbn22ullbwp7t30p140tt0p8v25c                0 
ND3OPTPAD1BWP7T30P140             8       3.920    tcbn22ullbwp7t30p140tt0p8v25c                0 
ND3OPTPAD2BWP7T30P140             3       2.940    tcbn22ullbwp7t30p140tt0p8v25c                0 
ND3OPTPAD6BWP7T30P140             1       2.548    tcbn22ullbwp7t30p140tt0p8v25c                0 
ND4D1BWP7T30P140                266     234.612    tcbn22ullbwp7t30p140tt0p8v25c                0 
ND4D2BWP7T30P140                  7      11.662    tcbn22ullbwp7t30p140tt0p8v25c                0 
NR2D0BWP7T30P140                222      65.268    tcbn22ullbwp7t30p140tt0p8v25c                0 
NR2D1BWP7T30P140               3705    1089.270    tcbn22ullbwp7t30p140tt0p8v25c                0 
NR2D2BWP7T30P140                103      50.470    tcbn22ullbwp7t30p140tt0p8v25c                0 
NR2D3BWP7T30P140                 49      33.614    tcbn22ullbwp7t30p140tt0p8v25c                0 
NR2D4BWP7T30P140                 42      37.044    tcbn22ullbwp7t30p140tt0p8v25c                0 
NR2D8BWP7T30P140                  2       3.332    tcbn22ullbwp7t30p140tt0p8v25c                0 
NR2OPTPAD1BWP7T30P140           116      45.472    tcbn22ullbwp7t30p140tt0p8v25c                0 
NR2OPTPAD2BWP7T30P140            33      19.404    tcbn22ullbwp7t30p140tt0p8v25c                0 
NR2OPTPAD4BWP7T30P140            35      37.730    tcbn22ullbwp7t30p140tt0p8v25c                0 
NR2OPTPAD6BWP7T30P140             9      14.112    tcbn22ullbwp7t30p140tt0p8v25c                0 
NR2OPTPAD8BWP7T30P140             1       2.058    tcbn22ullbwp7t30p140tt0p8v25c                0 
NR3D0BWP7T30P140                407     159.544    tcbn22ullbwp7t30p140tt0p8v25c                0 
NR3D1BWP7T30P140                  8       5.488    tcbn22ullbwp7t30p140tt0p8v25c                0 
NR3D2BWP7T30P140                 17      21.658    tcbn22ullbwp7t30p140tt0p8v25c                0 
NR3D3BWP7T30P140                  1       1.960    tcbn22ullbwp7t30p140tt0p8v25c                0 
NR3OPTPAD1BWP7T30P140             5       2.450    tcbn22ullbwp7t30p140tt0p8v25c                0 
NR3OPTPAD2BWP7T30P140             2       1.960    tcbn22ullbwp7t30p140tt0p8v25c                0 
NR4D1BWP7T30P140                 40      35.280    tcbn22ullbwp7t30p140tt0p8v25c                0 
NR4D2BWP7T30P140                  3       5.292    tcbn22ullbwp7t30p140tt0p8v25c                0 
NR4D3BWP7T30P140                  2       5.096    tcbn22ullbwp7t30p140tt0p8v25c                0 
NR4D8BWP7T30P140                  1       1.568    tcbn22ullbwp7t30p140tt0p8v25c                0 
OA211D0BWP7T30P140               17       9.996    tcbn22ullbwp7t30p140tt0p8v25c                0 
OA211D1BWP7T30P140              110      64.680    tcbn22ullbwp7t30p140tt0p8v25c                0 
OA21D0BWP7T30P140                27      13.230    tcbn22ullbwp7t30p140tt0p8v25c                0 
OA21D1BWP7T30P140               625     306.250    tcbn22ullbwp7t30p140tt0p8v25c                0 
OA21D2BWP7T30P140                 6       3.528    tcbn22ullbwp7t30p140tt0p8v25c                0 
OA21D4BWP7T30P140                 2       2.156    tcbn22ullbwp7t30p140tt0p8v25c                0 
OA221D0BWP7T30P140                5       3.920    tcbn22ullbwp7t30p140tt0p8v25c                0 
OA221D1BWP7T30P140              161     126.224    tcbn22ullbwp7t30p140tt0p8v25c                0 
OA221D4BWP7T30P140                1       1.568    tcbn22ullbwp7t30p140tt0p8v25c                0 
OA222D0BWP7T30P140               12      10.584    tcbn22ullbwp7t30p140tt0p8v25c                0 
OA222D1BWP7T30P140               16      14.112    tcbn22ullbwp7t30p140tt0p8v25c                0 
OA22D1BWP7T30P140                59      40.474    tcbn22ullbwp7t30p140tt0p8v25c                0 
OA22D2BWP7T30P140                 1       0.784    tcbn22ullbwp7t30p140tt0p8v25c                0 
OA31D0BWP7T30P140                 2       1.176    tcbn22ullbwp7t30p140tt0p8v25c                0 
OA31D1BWP7T30P140                42      24.696    tcbn22ullbwp7t30p140tt0p8v25c                0 
OA32D0BWP7T30P140                 2       1.568    tcbn22ullbwp7t30p140tt0p8v25c                0 
OA32D1BWP7T30P140                12       9.408    tcbn22ullbwp7t30p140tt0p8v25c                0 
OA33D1BWP7T30P140                 7       5.488    tcbn22ullbwp7t30p140tt0p8v25c                0 
OAI211D0BWP7T30P140            1967     963.830    tcbn22ullbwp7t30p140tt0p8v25c                0 
OAI211D1BWP7T30P140               6       3.528    tcbn22ullbwp7t30p140tt0p8v25c                0 
OAI211D2BWP7T30P140               1       0.882    tcbn22ullbwp7t30p140tt0p8v25c                0 
OAI211D4BWP7T30P140               4       7.056    tcbn22ullbwp7t30p140tt0p8v25c                0 
OAI211OPTBD1BWP7T30P140          65      44.590    tcbn22ullbwp7t30p140tt0p8v25c                0 
OAI211OPTBD2BWP7T30P140          52      61.152    tcbn22ullbwp7t30p140tt0p8v25c                0 
OAI21D0BWP7T30P140               28      13.720    tcbn22ullbwp7t30p140tt0p8v25c                0 
OAI21D1BWP7T30P140              736     360.640    tcbn22ullbwp7t30p140tt0p8v25c                0 
OAI21D2BWP7T30P140               17      11.662    tcbn22ullbwp7t30p140tt0p8v25c                0 
OAI21D4BWP7T30P140               40      54.880    tcbn22ullbwp7t30p140tt0p8v25c                0 
OAI21OPTBD1BWP7T30P140            7       4.802    tcbn22ullbwp7t30p140tt0p8v25c                0 
OAI21OPTBD2BWP7T30P140           21      20.580    tcbn22ullbwp7t30p140tt0p8v25c                0 
OAI21OPTBD4BWP7T30P140           50      88.200    tcbn22ullbwp7t30p140tt0p8v25c                0 
OAI21OPTBD6BWP7T30P140            6      15.288    tcbn22ullbwp7t30p140tt0p8v25c                0 
OAI221D0BWP7T30P140              42      28.812    tcbn22ullbwp7t30p140tt0p8v25c                0 
OAI221D1BWP7T30P140             489     335.454    tcbn22ullbwp7t30p140tt0p8v25c                0 
OAI221D4BWP7T30P140               1       1.176    tcbn22ullbwp7t30p140tt0p8v25c                0 
OAI222D0BWP7T30P140              36      28.224    tcbn22ullbwp7t30p140tt0p8v25c                0 
OAI222D1BWP7T30P140              93      72.912    tcbn22ullbwp7t30p140tt0p8v25c                0 
OAI222D4BWP7T30P140               3       3.822    tcbn22ullbwp7t30p140tt0p8v25c                0 
OAI22D0BWP7T30P140               43      21.070    tcbn22ullbwp7t30p140tt0p8v25c                0 
OAI22D1BWP7T30P140             1580     774.200    tcbn22ullbwp7t30p140tt0p8v25c                0 
OAI22D2BWP7T30P140                6       5.292    tcbn22ullbwp7t30p140tt0p8v25c                0 
OAI22D4BWP7T30P140                7      12.348    tcbn22ullbwp7t30p140tt0p8v25c                0 
OAI22OPTPBD1BWP7T30P140          42      32.928    tcbn22ullbwp7t30p140tt0p8v25c                0 
OAI22OPTPBD2BWP7T30P140          20      23.520    tcbn22ullbwp7t30p140tt0p8v25c                0 
OAI22OPTPBD4BWP7T30P140           6      12.348    tcbn22ullbwp7t30p140tt0p8v25c                0 
OAI31D0BWP7T30P140               65      38.220    tcbn22ullbwp7t30p140tt0p8v25c                0 
OAI31D1BWP7T30P140               23      13.524    tcbn22ullbwp7t30p140tt0p8v25c                0 
OAI31D2BWP7T30P140                4       3.528    tcbn22ullbwp7t30p140tt0p8v25c                0 
OAI31D4BWP7T30P140                1       1.764    tcbn22ullbwp7t30p140tt0p8v25c                0 
OAI32D0BWP7T30P140                6       4.116    tcbn22ullbwp7t30p140tt0p8v25c                0 
OAI32D1BWP7T30P140               52      35.672    tcbn22ullbwp7t30p140tt0p8v25c                0 
OAI33D0BWP7T30P140                3       2.352    tcbn22ullbwp7t30p140tt0p8v25c                0 
OAI33D1BWP7T30P140               11       8.624    tcbn22ullbwp7t30p140tt0p8v25c                0 
OR2D0BWP7T30P140                  5       1.960    tcbn22ullbwp7t30p140tt0p8v25c                0 
OR2D1BWP7T30P140               1140     446.880    tcbn22ullbwp7t30p140tt0p8v25c                0 
OR2D2BWP7T30P140                 19       9.310    tcbn22ullbwp7t30p140tt0p8v25c                0 
OR2D4BWP7T30P140                 13      11.466    tcbn22ullbwp7t30p140tt0p8v25c                0 
OR2OPTPAD12BWP7T30P140            1       2.842    tcbn22ullbwp7t30p140tt0p8v25c                0 
OR2OPTPAD1BWP7T30P140             2       1.176    tcbn22ullbwp7t30p140tt0p8v25c                0 
OR2OPTPAD2BWP7T30P140             1       0.686    tcbn22ullbwp7t30p140tt0p8v25c                0 
OR2OPTPAD4BWP7T30P140             2       2.156    tcbn22ullbwp7t30p140tt0p8v25c                0 
OR2OPTPAD8BWP7T30P140             3       5.880    tcbn22ullbwp7t30p140tt0p8v25c                0 
OR3D0BWP7T30P140                148      72.520    tcbn22ullbwp7t30p140tt0p8v25c                0 
OR3D1BWP7T30P140                245     120.050    tcbn22ullbwp7t30p140tt0p8v25c                0 
OR3D2BWP7T30P140                  2       1.176    tcbn22ullbwp7t30p140tt0p8v25c                0 
OR4D0BWP7T30P140                 58      34.104    tcbn22ullbwp7t30p140tt0p8v25c                0 
OR4D1BWP7T30P140                603     354.564    tcbn22ullbwp7t30p140tt0p8v25c                0 
OR4D2BWP7T30P140                  7       4.802    tcbn22ullbwp7t30p140tt0p8v25c                0 
SDFCND0BWP7T30P140               13      31.850    tcbn22ullbwp7t30p140tt0p8v25c                0 
SDFCND1BWP7T30P140              110     269.500    tcbn22ullbwp7t30p140tt0p8v25c                0 
SDFCNOPTCD2BWP7T30P140            2       6.860    tcbn22ullbwp7t30p140tt0p8v25c                0 
SDFCNOPTCD4BWP7T30P140            2       7.448    tcbn22ullbwp7t30p140tt0p8v25c                0 
SDFCNQD0BWP7T30P140            1934    4548.768    tcbn22ullbwp7t30p140tt0p8v25c                0 
SDFCNQD1BWP7T30P140             479    1126.608    tcbn22ullbwp7t30p140tt0p8v25c                0 
SDFCNQD2BWP7T30P140               3       7.644    tcbn22ullbwp7t30p140tt0p8v25c                0 
SDFCNQOPPSAD1BWP7T30P140       4985   11724.720    tcbn22ullbwp7t30p140tt0p8v25c                0 
SDFCNQOPTAD4BWP7T30P140           2       5.684    tcbn22ullbwp7t30p140tt0p8v25c                0 
SDFCNQOPTBD1BWP7T30P140           1       2.842    tcbn22ullbwp7t30p140tt0p8v25c                0 
SDFCNQOPTBD4BWP7T30P140           2       6.468    tcbn22ullbwp7t30p140tt0p8v25c                0 
SDFSNQD0BWP7T30P140              10      24.500    tcbn22ullbwp7t30p140tt0p8v25c                0 
SDFSNQD2BWP7T30P140               1       2.450    tcbn22ullbwp7t30p140tt0p8v25c                0 
XNR2D0BWP7T30P140                 1       0.980    tcbn22ullbwp7t30p140tt0p8v25c                0 
XNR2D2BWP7T30P140              3166    2792.412    tcbn22ullbwp7t30p140tt0p8v25c                0 
XNR2D4BWP7T30P140                 2       3.136    tcbn22ullbwp7t30p140tt0p8v25c                0 
XNR3D0BWP7T30P140               137     201.390    tcbn22ullbwp7t30p140tt0p8v25c                0 
XNR3D1BWP7T30P140               411     604.170    tcbn22ullbwp7t30p140tt0p8v25c                0 
XNR3D2BWP7T30P140                 6       9.408    tcbn22ullbwp7t30p140tt0p8v25c                0 
XNR4D0BWP7T30P140                13      26.754    tcbn22ullbwp7t30p140tt0p8v25c                0 
XNR4D2BWP7T30P140                26      53.508    tcbn22ullbwp7t30p140tt0p8v25c                0 
XOR2D2BWP7T30P140              1322    1166.004    tcbn22ullbwp7t30p140tt0p8v25c                0 
XOR2D4BWP7T30P140                 1       1.568    tcbn22ullbwp7t30p140tt0p8v25c                0 
XOR3D1BWP7T30P140               444     652.680    tcbn22ullbwp7t30p140tt0p8v25c                0 
XOR3D2BWP7T30P140                 9      14.112    tcbn22ullbwp7t30p140tt0p8v25c                0 
XOR4D2BWP7T30P140                35      72.030    tcbn22ullbwp7t30p140tt0p8v25c                0 
sram1024x64                       1   25080.686    sram1024x64_tt_typical_0p80v_0p80v_25c       0 
sram128x128                       4   36923.800    sram128x128_tt_typical_0p80v_0p80v_25c       0 
sram128x46                        4   16055.424    sram128x46_tt_typical_0p80v_0p80v_25c        0 
--------------------------------------------------------------------------------------------------
total                        151634  226339.594                                           


                Library                Instances    Area    Instances % 
------------------------------------------------------------------------
sram1024x64_tt_typical_0p80v_0p80v_25c         1  25080.686         0.0 
sram128x128_tt_typical_0p80v_0p80v_25c         4  36923.800         0.0 
sram128x46_tt_typical_0p80v_0p80v_25c          4  16055.424         0.0 
tcbn22ullbwp7t30p140tt0p8v25c             151625 148279.684       100.0 

                                                         
            Type             Instances    Area    Area % 
---------------------------------------------------------
timing_model                         9  78059.910   34.5 
sequential                       38147  74822.020   33.1 
inverter                          9125   2549.764    1.1 
buffer                            9837  10620.750    4.7 
clock_gating_integrated_cell       657    965.790    0.4 
logic                            93859  59321.360   26.2 
physical_cells                       0      0.000    0.0 
---------------------------------------------------------
total                           151634 226339.594  100.0 

