============================================================
  Generated by:           Genus(TM) Synthesis Solution 19.12-s121_1
  Generated on:           Dec 07 2024  01:28:19 am
  Module:                 soc
  Library domain:         timing_tt_0p80v_25c
    Domain index:         0
    Technology libraries: tcbn22ullbwp7t30p140tt0p8v25c 110
                          sram128x128_tt_typical_0p80v_0p80v_25c 1.1
                          sram128x46_tt_typical_0p80v_0p80v_25c 1.1
                          sram1024x64_tt_typical_0p80v_0p80v_25c 1.1
  Library domain:         timing_tt_0p80v_85c
    Domain index:         1
    Technology libraries: tcbn22ullbwp7t30p140tt0p8v85c 110
                          sram128x128_tt_typical_0p80v_0p80v_85c 1.1
                          sram128x46_tt_typical_0p80v_0p80v_85c 1.1
                          sram1024x64_tt_typical_0p80v_0p80v_85c 1.1
  Operating conditions:   tt0p8v25c 
  Operating conditions:   tt0p8v85c 
  Interconnect mode:      global
  Area mode:              physical library
============================================================

Aspect ratio        : 1.00
Shrink factor       : 0.85
Scale of res/length : 1.00
Scale of cap/length : 1.00
Net derating factor : 1.00
Thermal factor      : 1.00
Via Resistance      : 11.29 ohm (from qrc_tech_file)
Site size           : 0.84 um (from lef [tech+cell])

                                   Capacitance  
  Layer                             / Length         Data source:
Name        Direction Utilization  (pF/micron)       qrc_tech_file
------------------------------------------------
M1              H         0.00        0.000244  
M2              V         1.00        0.000202  
M3              H         1.00        0.000202  
M4              V         1.00        0.000203  
M5              H         1.00        0.000203  
M6              V         1.00        0.000204  
M7              H         1.00        0.000198  
M8              V         1.00        0.000366  
M9              H         1.00        0.000649  
AP              V         1.00        0.000351  

                                    Resistance   
  Layer                              / Length         Data source:
Name        Direction Utilization  (ohm/micron)       qrc_tech_file
-------------------------------------------------
M1              H         0.00        13.802123  
M2              V         1.00        13.331219  
M3              H         1.00        13.331219  
M4              V         1.00        13.331219  
M5              H         1.00        13.331219  
M6              V         1.00        13.331219  
M7              H         1.00        13.331219  
M8              V         1.00         0.081835  
M9              H         1.00         0.003439  
AP              V         1.00         0.007106  

                                        Area     
  Layer                               / Length        Data source:
Name        Direction Utilization     (micron)        lef_library
-------------------------------------------------
M1              H         0.00         0.050000  
M2              V         1.00         0.050000  
M3              H         1.00         0.050000  
M4              V         1.00         0.050000  
M5              H         1.00         0.050000  
M6              V         1.00         0.050000  
M7              H         1.00         0.050000  
M8              V         1.00         0.400000  
M9              H         1.00         2.000000  
AP              V         1.00         2.000000  

