============================================================
  Generated by:           Genus(TM) Synthesis Solution 19.12-s121_1
  Generated on:           Dec 07 2024  01:28:08 am
  Module:                 soc
  Library domain:         timing_tt_0p80v_25c
    Domain index:         0
    Technology libraries: tcbn22ullbwp7t30p140tt0p8v25c 110
                          sram128x128_tt_typical_0p80v_0p80v_25c 1.1
                          sram128x46_tt_typical_0p80v_0p80v_25c 1.1
                          sram1024x64_tt_typical_0p80v_0p80v_25c 1.1
  Library domain:         timing_tt_0p80v_85c
    Domain index:         1
    Technology libraries: tcbn22ullbwp7t30p140tt0p8v85c 110
                          sram128x128_tt_typical_0p80v_0p80v_85c 1.1
                          sram128x46_tt_typical_0p80v_0p80v_85c 1.1
                          sram1024x64_tt_typical_0p80v_0p80v_85c 1.1
  Operating conditions:   tt0p8v25c 
  Operating conditions:   tt0p8v85c 
  Interconnect mode:      global
  Area mode:              physical library
============================================================

Timing
--------

  Analysis view   Clock  Period  
---------------------------------
func_tt_0p80v_25c clk     2000.0 
                  tclk  100000.0 
                  vclk    2000.0 
func_tt_0p80v_85c clk     2000.0 
                  tclk  100000.0 
                  vclk    2000.0 


     Analysis              Cost          Critical         Violating 
       View               Group         Path Slack  TNS     Paths   
--------------------------------------------------------------------
func_tt_0p80v_25c C2C_func_tt_0p80v_25c        0.0   0.0          0 
                  C2C_func_tt_0p80v_85c   No paths   0.0          0 
                  C2O_func_tt_0p80v_25c      -15.3 -15.3          1 
                  C2O_func_tt_0p80v_85c   No paths   0.0          0 
                    cg_enable_group_clk        1.2   0.0          0 
                   cg_enable_group_tclk    99270.1   0.0          0 
                                    clk   No paths   0.0          0 
                                default   No paths   0.0          0 
                  I2C_func_tt_0p80v_25c   No paths   0.0          0 
                  I2C_func_tt_0p80v_85c   No paths   0.0          0 
                  I2O_func_tt_0p80v_25c   No paths   0.0          0 
                  I2O_func_tt_0p80v_85c   No paths   0.0          0 
                                   tclk   No paths   0.0          0 
                                   vclk   No paths   0.0          0 
--------------------------------------------------------------------
Total                                              -15.3          1 
                                                                    
func_tt_0p80v_85c C2C_func_tt_0p80v_25c       61.6   0.0          0 
                  C2C_func_tt_0p80v_85c   No paths   0.0          0 
                  C2O_func_tt_0p80v_25c       -8.2  -8.2          1 
                  C2O_func_tt_0p80v_85c   No paths   0.0          0 
                    cg_enable_group_clk   No paths   0.0          0 
                   cg_enable_group_tclk   No paths   0.0          0 
                                    clk   No paths   0.0          0 
                                default   No paths   0.0          0 
                  I2C_func_tt_0p80v_25c   No paths   0.0          0 
                  I2C_func_tt_0p80v_85c   No paths   0.0          0 
                  I2O_func_tt_0p80v_25c   No paths   0.0          0 
                  I2O_func_tt_0p80v_85c   No paths   0.0          0 
                                   tclk   No paths   0.0          0 
                                   vclk   No paths   0.0          0 
--------------------------------------------------------------------
Total                                               -8.2          1 
                                                                    

Instance Count
--------------
Leaf Instance Count             151634 
Physical Instance count              0 
Sequential Instance Count        38813 
Combinational Instance Count    112821 
Hierarchical Instance Count       1227 

Area
----
Cell Area                          226339.594
Physical Cell Area                 0.000
Total Cell Area (Cell+Physical)    226339.594
Net Area                           52840.036
Total Area (Cell+Physical+Net)     279179.630

Max Fanout                         2344 (clk)
Min Fanout                         0 (addr[0])
Average Fanout                     2.7
Terms to net ratio                 3.9492
Terms to instance ratio            4.0615
Runtime                            5629.628506000065 seconds
Elapsed Runtime                    3809 seconds
Genus peak memory usage            4848.77 
Innovus peak memory usage          no_value 
Hostname                           rd11
